Archive member included because of file (symbol)

../../ecrobot/../ecrobot/libecrobot++.a(Bluetooth.o)
                              build/esteira.o (_ZN7ecrobot9BluetoothC1Ev)
../../ecrobot/../ecrobot/libecrobot++.a(Clock.o)
                              build/esteira.o (_ZN7ecrobot5ClockC1Ev)
../../ecrobot/../ecrobot/libecrobot++.a(I2c.o)
                              build/esteira.o (_ZN7ecrobot3I2cD2Ev)
../../ecrobot/../ecrobot/libecrobot++.a(Lcd.o)
                              build/esteira.o (_ZN7ecrobot3LcdC1Ev)
../../ecrobot/../ecrobot/libecrobot++.a(Motor.o)
                              build/esteira.o (_ZN7ecrobot5Motor6setPWMEa)
../../ecrobot/../ecrobot/libecrobot++.a(Nxt.o)
                              build/esteira.o (_ZN7ecrobot3NxtC1Ev)
../../ecrobot/../ecrobot/libecrobot++.a(SonarSensor.o)
                              build/esteira.o (_ZN7ecrobot11SonarSensorC1E6ePortS)
../../ecrobot/../ecrobot/libecrobot++.a(New.o)
                              build/esteira.o (_ZdlPv)
../../ecrobot/../ecrobot/libecrobot.a(ecrobot_device_hook.o)
                              build/ecrobot.o (ecrobot_device_initialize)
../../ecrobot/../ecrobot/libecrobot.a(ecrobot_interface.o)
                              build/ecrobot_base.o (ecrobot_get_battery_voltage)
../../ecrobot/../ecrobot/libecrobot.a(colorsensor.o)
                              ../../ecrobot/../ecrobot/libecrobot.a(ecrobot_interface.o) (colorsensor_init)
../../ecrobot/../ecrobot/libecrobot.a(osek_hook.o)
                              build/kernel/osctl.o (StartupHook)
../../ecrobot/../ecrobot/libecrobot.a(uart.oram)
                              build/config/at91sam7s-gnu/irq.oram (uart_isr_C_0)
../../ecrobot/../ecrobot/libecrobot.a(systick.oram)
                              build/syslib/at91sam7s-gnu/lego_nxt/hw_sys_timer.oram (systick_low_priority_C)
../../ecrobot/../ecrobot/libecrobot.a(byte_fifo.oram)
                              ../../ecrobot/../ecrobot/libecrobot.a(uart.oram) (byte_fifo_put)
../../ecrobot/../ecrobot/libecrobot.a(aic.oram)
                              ../../ecrobot/../ecrobot/libecrobot.a(uart.oram) (aic_set_vector)
../../ecrobot/../ecrobot/libecrobot.a(udp.oram)
                              build/config/at91sam7s-gnu/irq.oram (udp_isr_C)
../../ecrobot/../ecrobot/libecrobot.a(twi.oram)
                              build/config/at91sam7s-gnu/irq.oram (twi_isr_C)
../../ecrobot/../ecrobot/libecrobot.a(nxt_spi.oram)
                              build/config/at91sam7s-gnu/irq.oram (spi_isr_C)
../../ecrobot/../ecrobot/libecrobot.a(nxt_motors.oram)
                              build/esteira.o (nxt_motor_get_count)
../../ecrobot/../ecrobot/libecrobot.a(data_abort.oram)
                              build/ecrobot_init.o (data_abort_C)
../../ecrobot/../ecrobot/libecrobot.a(display.oram)
                              build/rtoscalls.o (display_update)
../../ecrobot/../ecrobot/libecrobot.a(i2c.oram)
                              build/config/at91sam7s-gnu/irq.oram (i2c_timer_isr_C)
../../ecrobot/../ecrobot/libecrobot.a(sound.oram)
                              ../../ecrobot/../ecrobot/libecrobot.a(ecrobot_interface.o) (sound_get_time)
../../ecrobot/../ecrobot/libecrobot.a(bt.oram)
                              build/ecrobot_bluetooth.o (bt_send)
../../ecrobot/../ecrobot/libecrobot.a(nxt_avr.oram)
                              build/ecrobot_base.o (nxt_avr_power_down)
../../ecrobot/../ecrobot/libecrobot.a(sensors.oram)
                              ../../ecrobot/../ecrobot/libecrobot.a(ecrobot_interface.o) (unset_digi0)
../../ecrobot/../ecrobot/libecrobot.a(sensors1.oram)
                              ../../ecrobot/../ecrobot/libecrobot.a(colorsensor.o) (sensor_pins)
../../ecrobot/../ecrobot/libecrobot.a(nxt_lcd.oram)
                              ../../ecrobot/../ecrobot/libecrobot.a(display.oram) (nxt_lcd_force_update)
../../ecrobot/../ecrobot/libecrobot.a(flash_loader.oram)
                              build/ecrobot.o (set_flash_request)
../../ecrobot/../ecrobot/libecrobot.a(interrupts.oram)
                              ../../ecrobot/../ecrobot/libecrobot.a(uart.oram) (interrupts_get_and_disable)
../../ecrobot/../ecrobot/libecrobot.a(nxtosek_splash.obmp)
                              build/ecrobot_base.o (nxtosek_splash_bmp_start)
../../ecrobot/../ecrobot/libecrobot.a(ecrobot_usb.o)
                              ../../ecrobot/../ecrobot/libecrobot.a(flash_loader.oram) (ecrobot_init_usb)
../../ecrobot/../ecrobot/libecrobot.a(flashprog.oram)
                              ../../ecrobot/../ecrobot/libecrobot.a(flash_loader.oram) (flash_write_page)
/cygdrive/C/Cygwin/GNUARM/bin/../lib/gcc/arm-elf/4.0.2/thumb/interwork/libgcc.a(_udivsi3.o)
                              build/ecrobot_base.o (__udivsi3)
/cygdrive/C/Cygwin/GNUARM/bin/../lib/gcc/arm-elf/4.0.2/thumb/interwork/libgcc.a(_divsi3.o)
                              ../../ecrobot/../ecrobot/libecrobot.a(uart.oram) (__divsi3)
[...]
Memory Configuration

Name             Origin             Length             Attributes
rom              0x00108000         0x00038000
vector_ram       0x00200000         0x00000040
ram              0x00200040         0x0000ffc0
*default*        0x00000000         0xffffffff

Linker script and memory map

LOAD build/kernel/alarm.o
LOAD build/kernel/event.o
LOAD build/kernel/interrupt.o
LOAD build/kernel/osctl.o
LOAD build/kernel/resource.o
LOAD build/kernel/task.o
LOAD build/kernel/task_manage.o
LOAD build/config/at91sam7s-gnu/cpu_config.o
LOAD build/config/at91sam7s-gnu/lego_nxt/sys_config.o
LOAD build/./kernel_cfg.o
LOAD build/rtoscalls.o
LOAD build/syscalls.o
LOAD build/ecrobot_bluetooth.o
LOAD build/ecrobot_base.o
LOAD build/ecrobot.o
LOAD build/syslib/at91sam7s-gnu/lego_nxt/hw_sys_timer.oram
LOAD build/esteira.o
LOAD build/nxtvm/platform/nxt/vectors.o
LOAD build/config/at91sam7s-gnu/debug.o
LOAD build/config/at91sam7s-gnu/lego_nxt/sys_support.o
LOAD build/nxt_binary_header.o
LOAD build/nxt_entry_point.o
LOAD build/ecrobot_init.o
LOAD build/config/at91sam7s-gnu/cpu_support.oram
LOAD build/config/at91sam7s-gnu/irq.oram
LOAD ../../ecrobot/../ecrobot/libecrobot++.a
LOAD ../../ecrobot/../ecrobot/libecrobot.a
LOAD /cygdrive/C/Cygwin/GNUARM/bin/../lib/gcc/arm-elf/4.0.2/../../../../arm-elf/lib/thumb/interwork/libstdc++.a
LOAD /cygdrive/C/Cygwin/GNUARM/bin/../lib/gcc/arm-elf/4.0.2/../../../../arm-elf/lib/thumb/interwork/libm.a
LOAD /cygdrive/C/Cygwin/GNUARM/bin/../lib/gcc/arm-elf/4.0.2/thumb/interwork/libgcc.a
LOAD /cygdrive/C/Cygwin/GNUARM/bin/../lib/gcc/arm-elf/4.0.2/../../../../arm-elf/lib/thumb/interwork/libc.a
LOAD /cygdrive/C/Cygwin/GNUARM/bin/../lib/gcc/arm-elf/4.0.2/thumb/interwork/libgcc.a
                0x00108000                ROM_BASE = 0x108000
                0x00038000                ROM_SIZE = 0x38000
                0x00200000                RAM_BASE = 0x200000
                0x00010000                RAM_SIZE = 0x10000

.vectors        0x00200000       0x40 load address 0x00108000
 vectors.o(*.text *.text.*)
 .text          0x00200000       0x38 build/nxtvm/platform/nxt/vectors.o
                0x00200040                . = ALIGN (0x10)
 *fill*         0x00200038        0x8 00
                0x00200000                __vectors_ram_start__ = ADDR (.vectors)
                0x00200040                __vectors_ram_end__ = (ADDR (.vectors) + SIZEOF (.vectors))
                0x00108000                __vectors_load_start__ = LOADADDR (.vectors)
                0x00108040                __vectors_load_end__ = (LOADADDR (.vectors) + SIZEOF (.vectors))

.init           0x00108040      0x280
 *ecrobot_init.o(*.text *.text.*)
 .text          0x00108040      0x280 build/ecrobot_init.o
                0x001081ac                undef_handler
                0x001081b4                prefetch_abort_handler
                0x001081b8                data_abort_handler
                0x001081b0                swi_handler
                0x00108040                start
                0x001081d4                reserved_handler
                0x001082c0                . = ALIGN (0x10)

.ram_text       0x00200040     0x3150 load address 0x001082c0
                0x00200040                . = ALIGN (0x10)
 *.oram(*.text *.text.* *.glue*)
 .text.systick_isr_C1
                0x00200040       0x28 build/syslib/at91sam7s-gnu/lego_nxt/hw_sys_timer.oram
                0x00200040                systick_isr_C1
 *fill*         0x00200068        0x8 00
 .text          0x00200070      0x230 build/config/at91sam7s-gnu/cpu_support.oram
                0x00200250                enable_int
                0x002000f0                start_dispatch
                0x002000b0                activate_r
                0x00200248                disable_int
                0x00200070                dispatch
                0x0020021c                int_return
                0x002001ac                _interrupt
                0x002000e0                exit_and_dispatch
                0x00200258                nop
 .text          0x002002a0      0x2c0 build/config/at91sam7s-gnu/irq.oram
                0x002002a0                default_isr
                0x0020042c                uart_isr_entry_0
                0x002003ac                twi_isr_entry
                0x0020046c                uart_isr_entry_1
                0x0020036c                spi_isr_entry
                0x002002ec                systick_low_priority_entry
                0x002004ac                nxt_motor_isr_entry
                0x002004ec                i2c_timer_isr_entry
                0x002002a0                default_fiq
                0x002002a4                systick_isr_entry
                0x002002a0                spurious_isr
                0x002003ec                sound_isr_entry
                0x0020032c                udp_isr_entry
 .text.uart_process_isr
                0x00200560       0x88 ../../ecrobot/../ecrobot/libecrobot.a(uart.oram)
 .text.uart_isr_C_0
                0x002005e8        0xc ../../ecrobot/../ecrobot/libecrobot.a(uart.oram)
                0x002005e8                uart_isr_C_0
 .text.uart_isr_C_1
                0x002005f4        0xc ../../ecrobot/../ecrobot/libecrobot.a(uart.oram)
                0x002005f4                uart_isr_C_1
 .text.systick_low_priority_C
                0x00200600       0x1c ../../ecrobot/../ecrobot/libecrobot.a(systick.oram)
                0x00200600                systick_low_priority_C
 .text.systick_isr_C
                0x0020061c       0x24 ../../ecrobot/../ecrobot/libecrobot.a(systick.oram)
                0x0020061c                systick_isr_C
 .text.systick_get_ms
                0x00200640        0xc ../../ecrobot/../ecrobot/libecrobot.a(systick.oram)
                0x00200640                systick_get_ms
 .text.systick_wait_ms
                0x0020064c       0x1c ../../ecrobot/../ecrobot/libecrobot.a(systick.oram)
                0x0020064c                systick_wait_ms
 .text.systick_wait_ns
                0x00200668       0x1c ../../ecrobot/../ecrobot/libecrobot.a(systick.oram)
                0x00200668                systick_wait_ns
 .text.systick_init
                0x00200684       0x58 ../../ecrobot/../ecrobot/libecrobot.a(systick.oram)
                0x00200684                systick_init
 .text.systick_suspend
                0x002006dc        0xc ../../ecrobot/../ecrobot/libecrobot.a(systick.oram)
                0x002006dc                systick_suspend
 .text.systick_resume
                0x002006e8        0xc ../../ecrobot/../ecrobot/libecrobot.a(systick.oram)
                0x002006e8                systick_resume
 .text.byte_fifo_put
                0x002006f4       0x58 ../../ecrobot/../ecrobot/libecrobot.a(byte_fifo.oram)
                0x002006f4                byte_fifo_put
 .text.byte_fifo_get
                0x0020074c       0x2c ../../ecrobot/../ecrobot/libecrobot.a(byte_fifo.oram)
                0x0020074c                byte_fifo_get
 .text.aic_initialise
                0x00200778       0x5c ../../ecrobot/../ecrobot/libecrobot.a(aic.oram)
                0x00200778                aic_initialise
 .text.aic_set_vector
                0x002007d4       0x30 ../../ecrobot/../ecrobot/libecrobot.a(aic.oram)
                0x002007d4                aic_set_vector
 .text.aic_mask_on
                0x00200804       0x24 ../../ecrobot/../ecrobot/libecrobot.a(aic.oram)
                0x00200804                aic_mask_on
 .text.aic_mask_off
                0x00200828       0x24 ../../ecrobot/../ecrobot/libecrobot.a(aic.oram)
                0x00200828                aic_mask_off
 .text.aic_clear
                0x0020084c       0x24 ../../ecrobot/../ecrobot/libecrobot.a(aic.oram)
                0x0020084c                aic_clear
 .text.reset    0x00200870       0x4c ../../ecrobot/../ecrobot/libecrobot.a(udp.oram)
 .text.udp_send_null
                0x002008bc       0x2c ../../ecrobot/../ecrobot/libecrobot.a(udp.oram)
 .text.udp_send_stall
                0x002008e8       0x2c ../../ecrobot/../ecrobot/libecrobot.a(udp.oram)
 .text.udp_send_control
                0x00200914       0x60 ../../ecrobot/../ecrobot/libecrobot.a(udp.oram)
 .text.udp_isr_C
                0x00200974      0x7d0 ../../ecrobot/../ecrobot/libecrobot.a(udp.oram)
                0x00200974                udp_isr_C
 .text.twi_status
                0x00201144       0x20 ../../ecrobot/../ecrobot/libecrobot.a(twi.oram)
                0x00201144                twi_status
 .text.twi_isr_C
                0x00201164       0xc4 ../../ecrobot/../ecrobot/libecrobot.a(twi.oram)
                0x00201164                twi_isr_C
 .text.twi_reset
                0x00201228       0xb4 ../../ecrobot/../ecrobot/libecrobot.a(twi.oram)
                0x00201228                twi_reset
 .text.twi_init
                0x002012dc       0x4c ../../ecrobot/../ecrobot/libecrobot.a(twi.oram)
                0x002012dc                twi_init
 .text.twi_start_read
                0x00201328       0x60 ../../ecrobot/../ecrobot/libecrobot.a(twi.oram)
                0x00201328                twi_start_read
 .text.twi_start_write
                0x00201388       0x64 ../../ecrobot/../ecrobot/libecrobot.a(twi.oram)
                0x00201388                twi_start_write
 .text.spi_set_mode
                0x002013ec       0x40 ../../ecrobot/../ecrobot/libecrobot.a(nxt_spi.oram)
 .text.spi_isr_C
                0x0020142c       0x8c ../../ecrobot/../ecrobot/libecrobot.a(nxt_spi.oram)
                0x0020142c                spi_isr_C
 .text.nxt_spi_init
                0x002014b8      0x12c ../../ecrobot/../ecrobot/libecrobot.a(nxt_spi.oram)
                0x002014b8                nxt_spi_init
 .text.nxt_spi_write
                0x002015e4       0x44 ../../ecrobot/../ecrobot/libecrobot.a(nxt_spi.oram)
                0x002015e4                nxt_spi_write
 .text.nxt_spi_set_display
                0x00201628       0x10 ../../ecrobot/../ecrobot/libecrobot.a(nxt_spi.oram)
                0x00201628                nxt_spi_set_display
 .text.nxt_spi_refresh
                0x00201638       0x24 ../../ecrobot/../ecrobot/libecrobot.a(nxt_spi.oram)
                0x00201638                nxt_spi_refresh
 .text.nxt_motor_get_count
                0x0020165c       0x14 ../../ecrobot/../ecrobot/libecrobot.a(nxt_motors.oram)
                0x0020165c                nxt_motor_get_count
 .text.nxt_motor_set_count
                0x00201670       0x10 ../../ecrobot/../ecrobot/libecrobot.a(nxt_motors.oram)
                0x00201670                nxt_motor_set_count
 .text.nxt_motor_set_speed
                0x00201680       0x34 ../../ecrobot/../ecrobot/libecrobot.a(nxt_motors.oram)
                0x00201680                nxt_motor_set_speed
 .text.nxt_motor_1kHz_process
                0x002016b4       0x28 ../../ecrobot/../ecrobot/libecrobot.a(nxt_motors.oram)
                0x002016b4                nxt_motor_1kHz_process
 .text.nxt_motor_quad_decode
                0x002016dc       0x30 ../../ecrobot/../ecrobot/libecrobot.a(nxt_motors.oram)
                0x002016dc                nxt_motor_quad_decode
 .text.nxt_motor_isr_C
                0x0020170c       0x88 ../../ecrobot/../ecrobot/libecrobot.a(nxt_motors.oram)
                0x0020170c                nxt_motor_isr_C
 .text.nxt_motor_init
                0x00201794       0x68 ../../ecrobot/../ecrobot/libecrobot.a(nxt_motors.oram)
                0x00201794                nxt_motor_init
 .text.data_abort_C
                0x002017fc       0x7c ../../ecrobot/../ecrobot/libecrobot.a(data_abort.oram)
                0x002017fc                data_abort_C
 .text.display_update
                0x00201878       0x14 ../../ecrobot/../ecrobot/libecrobot.a(display.oram)
                0x00201878                display_update
 .text.display_force_update
                0x0020188c        0xc ../../ecrobot/../ecrobot/libecrobot.a(display.oram)
                0x0020188c                display_force_update
 .text.display_clear
                0x00201898       0x24 ../../ecrobot/../ecrobot/libecrobot.a(display.oram)
                0x00201898                display_clear
 .text.display_goto_xy
                0x002018bc       0x14 ../../ecrobot/../ecrobot/libecrobot.a(display.oram)
                0x002018bc                display_goto_xy
 .text.display_char
                0x002018d0       0x60 ../../ecrobot/../ecrobot/libecrobot.a(display.oram)
                0x002018d0                display_char
 .text.display_string
                0x00201930       0x3c ../../ecrobot/../ecrobot/libecrobot.a(display.oram)
                0x00201930                display_string
 .text.display_hex
                0x0020196c       0x50 ../../ecrobot/../ecrobot/libecrobot.a(display.oram)
                0x0020196c                display_hex
 .text.display_unsigned_worker
                0x002019bc       0x70 ../../ecrobot/../ecrobot/libecrobot.a(display.oram)
 .text.display_unsigned
                0x00201a2c        0xc ../../ecrobot/../ecrobot/libecrobot.a(display.oram)
                0x00201a2c                display_unsigned
 .text.display_int
                0x00201a38       0x14 ../../ecrobot/../ecrobot/libecrobot.a(display.oram)
                0x00201a38                display_int
 .text.display_bitmap_copy
                0x00201a4c       0x5c ../../ecrobot/../ecrobot/libecrobot.a(display.oram)
                0x00201a4c                display_bitmap_copy
 .text.display_init
                0x00201aa8       0x50 ../../ecrobot/../ecrobot/libecrobot.a(display.oram)
                0x00201aa8                display_init
 .text.i2c_timer_isr_C
                0x00201af8      0x314 ../../ecrobot/../ecrobot/libecrobot.a(i2c.oram)
                0x00201af8                i2c_timer_isr_C
 .text.i2c_disable
                0x00201e0c       0x20 ../../ecrobot/../ecrobot/libecrobot.a(i2c.oram)
                0x00201e0c                i2c_disable
 .text.i2c_enable
                0x00201e2c       0x40 ../../ecrobot/../ecrobot/libecrobot.a(i2c.oram)
                0x00201e2c                i2c_enable
 .text.i2c_init
                0x00201e6c       0xa4 ../../ecrobot/../ecrobot/libecrobot.a(i2c.oram)
                0x00201e6c                i2c_init
 .text.i2c_busy
                0x00201f10       0x24 ../../ecrobot/../ecrobot/libecrobot.a(i2c.oram)
                0x00201f10                i2c_busy
 .text.i2c_start_transaction
                0x00201f34      0x108 ../../ecrobot/../ecrobot/libecrobot.a(i2c.oram)
                0x00201f34                i2c_start_transaction
 .text.sound_fill_sample_buffer
                0x0020203c       0xe4 ../../ecrobot/../ecrobot/libecrobot.a(sound.oram)
                0x0020203c                sound_fill_sample_buffer
 .text.sound_init
                0x00202120       0xa0 ../../ecrobot/../ecrobot/libecrobot.a(sound.oram)
                0x00202120                sound_init
 .text.sound_isr_C
                0x002021c0      0x144 ../../ecrobot/../ecrobot/libecrobot.a(sound.oram)
                0x002021c0                sound_isr_C
 .text.bt_init  0x00202304      0x1c0 ../../ecrobot/../ecrobot/libecrobot.a(bt.oram)
                0x00202304                bt_init
 .text.bt_send  0x002024c4       0x5c ../../ecrobot/../ecrobot/libecrobot.a(bt.oram)
                0x002024c4                bt_send
 .text.bt_clear_arm7_cmd
                0x00202520       0x10 ../../ecrobot/../ecrobot/libecrobot.a(bt.oram)
                0x00202520                bt_clear_arm7_cmd
 .text.nxt_avr_power_down
                0x00202530       0x10 ../../ecrobot/../ecrobot/libecrobot.a(nxt_avr.oram)
                0x00202530                nxt_avr_power_down
 .text.nxt_avr_link_init
                0x00202540       0x20 ../../ecrobot/../ecrobot/libecrobot.a(nxt_avr.oram)
                0x00202540                nxt_avr_link_init
 .text.nxt_avr_init
                0x00202560       0x6c ../../ecrobot/../ecrobot/libecrobot.a(nxt_avr.oram)
                0x00202560                nxt_avr_init
 .text.nxt_avr_1kHz_update
                0x002025cc      0x1cc ../../ecrobot/../ecrobot/libecrobot.a(nxt_avr.oram)
                0x002025cc                nxt_avr_1kHz_update
 .text.buttons_get
                0x00202798        0xc ../../ecrobot/../ecrobot/libecrobot.a(nxt_avr.oram)
                0x00202798                buttons_get
 .text.battery_voltage
                0x002027a4       0x28 ../../ecrobot/../ecrobot/libecrobot.a(nxt_avr.oram)
                0x002027a4                battery_voltage
 .text.nxt_avr_set_motor
                0x002027cc       0x34 ../../ecrobot/../ecrobot/libecrobot.a(nxt_avr.oram)
                0x002027cc                nxt_avr_set_motor
 .text.nxt_avr_set_input_power
                0x00202800       0x3c ../../ecrobot/../ecrobot/libecrobot.a(nxt_avr.oram)
                0x00202800                nxt_avr_set_input_power
 .text.unset_digi0
                0x0020283c       0x44 ../../ecrobot/../ecrobot/libecrobot.a(sensors.oram)
                0x0020283c                unset_digi0
 .text.unset_digi1
                0x00202880       0x44 ../../ecrobot/../ecrobot/libecrobot.a(sensors.oram)
                0x00202880                unset_digi1
 .text.init_sensors
                0x002028c4       0x4c ../../ecrobot/../ecrobot/libecrobot.a(sensors.oram)
                0x002028c4                init_sensors
 .text.nxt_lcd_command
                0x00202910       0x18 ../../ecrobot/../ecrobot/libecrobot.a(nxt_lcd.oram)
                0x00202910                nxt_lcd_command
 .text.nxt_lcd_set_col
                0x00202928       0x24 ../../ecrobot/../ecrobot/libecrobot.a(nxt_lcd.oram)
                0x00202928                nxt_lcd_set_col
 .text.nxt_lcd_set_multiplex_rate
                0x0020294c       0x18 ../../ecrobot/../ecrobot/libecrobot.a(nxt_lcd.oram)
                0x0020294c                nxt_lcd_set_multiplex_rate
 .text.nxt_lcd_set_page_address
                0x00202964       0x18 ../../ecrobot/../ecrobot/libecrobot.a(nxt_lcd.oram)
                0x00202964                nxt_lcd_set_page_address
 .text.nxt_lcd_set_pot
                0x0020297c       0x1c ../../ecrobot/../ecrobot/libecrobot.a(nxt_lcd.oram)
                0x0020297c                nxt_lcd_set_pot
 .text.nxt_lcd_set_ram_address_control
                0x00202998       0x18 ../../ecrobot/../ecrobot/libecrobot.a(nxt_lcd.oram)
                0x00202998                nxt_lcd_set_ram_address_control
 .text.nxt_lcd_enable
                0x002029b0       0x14 ../../ecrobot/../ecrobot/libecrobot.a(nxt_lcd.oram)
                0x002029b0                nxt_lcd_enable
 .text.nxt_lcd_set_map_control
                0x002029c4       0x18 ../../ecrobot/../ecrobot/libecrobot.a(nxt_lcd.oram)
                0x002029c4                nxt_lcd_set_map_control
 .text.nxt_lcd_reset
                0x002029dc        0xc ../../ecrobot/../ecrobot/libecrobot.a(nxt_lcd.oram)
                0x002029dc                nxt_lcd_reset
 .text.nxt_lcd_set_bias_ratio
                0x002029e8       0x18 ../../ecrobot/../ecrobot/libecrobot.a(nxt_lcd.oram)
                0x002029e8                nxt_lcd_set_bias_ratio
 .text.nxt_lcd_force_update
                0x00202a00       0x30 ../../ecrobot/../ecrobot/libecrobot.a(nxt_lcd.oram)
                0x00202a00                nxt_lcd_force_update
 .text.nxt_lcd_update
                0x00202a30        0xc ../../ecrobot/../ecrobot/libecrobot.a(nxt_lcd.oram)
                0x00202a30                nxt_lcd_update
 .text.nxt_lcd_power_up
                0x00202a3c       0x48 ../../ecrobot/../ecrobot/libecrobot.a(nxt_lcd.oram)
                0x00202a3c                nxt_lcd_power_up
 .text.nxt_lcd_power_down
                0x00202a84        0xc ../../ecrobot/../ecrobot/libecrobot.a(nxt_lcd.oram)
                0x00202a84                nxt_lcd_power_down
 .text.nxt_lcd_init
                0x00202a90       0x18 ../../ecrobot/../ecrobot/libecrobot.a(nxt_lcd.oram)
                0x00202a90                nxt_lcd_init
 .text.verify_flash_page
                0x00202aa8       0x34 ../../ecrobot/../ecrobot/libecrobot.a(flash_loader.oram)
 .text.set_flash_request
                0x00202adc       0x38 ../../ecrobot/../ecrobot/libecrobot.a(flash_loader.oram)
                0x00202adc                set_flash_request
 .text.nxt_device_init
                0x00202b14       0x38 ../../ecrobot/../ecrobot/libecrobot.a(flash_loader.oram)
                0x00202b14                nxt_device_init
 .text          0x00202b4c       0x68 ../../ecrobot/../ecrobot/libecrobot.a(interrupts.oram)
                0x00202ba4                fiq_enable
                0x00202b4c                interrupts_get_and_disable
                0x00202b80                fiq_get_and_disable
                0x00202b70                interrupts_enable
 .text.flash_write_page
                0x00202bb4       0xc0 ../../ecrobot/../ecrobot/libecrobot.a(flashprog.oram)
                0x00202bb4                flash_write_page
                0x00202c80                . = ALIGN (0x10)
 *fill*         0x00202c74        0xc 00
 *.oram(*.rodata *.rodata.*)
 .rodata.ld     0x00202c80        0x4 ../../ecrobot/../ecrobot/libecrobot.a(udp.oram)
 .rodata.cfd    0x00202c84       0x20 ../../ecrobot/../ecrobot/libecrobot.a(udp.oram)
 .rodata.dd     0x00202ca4       0x12 ../../ecrobot/../ecrobot/libecrobot.a(udp.oram)
 *fill*         0x00202cb6        0x2 00
 .rodata.str1.4
                0x00202cb8       0x22 ../../ecrobot/../ecrobot/libecrobot.a(data_abort.oram)
                                 0x24 (size before relaxing)
 .rodata.font   0x00202cda      0x280 ../../ecrobot/../ecrobot/libecrobot.a(display.oram)
 *fill*         0x00202f5a        0x2 00
 .rodata.str1.4
                0x00202f5c       0x76 ../../ecrobot/../ecrobot/libecrobot.a(display.oram)
                                 0x78 (size before relaxing)
 *fill*         0x00202fd2        0x2 00
 .rodata.i2c_pin
                0x00202fd4       0x20 ../../ecrobot/../ecrobot/libecrobot.a(i2c.oram)
 .rodata.i2c_timer_isr_C
                0x00202ff4       0x38 ../../ecrobot/../ecrobot/libecrobot.a(i2c.oram)
 .rodata.silence
                0x0020302c       0x40 ../../ecrobot/../ecrobot/libecrobot.a(sound.oram)
                0x0020302c                silence
 .rodata.sample_pattern
                0x0020306c       0x84 ../../ecrobot/../ecrobot/libecrobot.a(sound.oram)
                0x0020306c                sample_pattern
 .rodata        0x002030f0        0xc ../../ecrobot/../ecrobot/libecrobot.a(sound.oram)
 .rodata.avr_brainwash_string
                0x002030fc       0x30 ../../ecrobot/../ecrobot/libecrobot.a(nxt_avr.oram)
                0x002030fc                avr_brainwash_string
 .rodata.nxt_avr_1kHz_update
                0x0020312c       0x14 ../../ecrobot/../ecrobot/libecrobot.a(nxt_avr.oram)
 .rodata.C.33.1823
                0x00203140       0x10 ../../ecrobot/../ecrobot/libecrobot.a(sensors.oram)
 .rodata.C.37.1857
                0x00203150       0x10 ../../ecrobot/../ecrobot/libecrobot.a(sensors.oram)
 .rodata.str1.4
                0x00203160       0x23 ../../ecrobot/../ecrobot/libecrobot.a(flash_loader.oram)
                                 0x24 (size before relaxing)
                0x00203190                . = ALIGN (0x10)
 *fill*         0x00203183        0xd 00
                0x00200040                __ramtext_ram_start__ = ADDR (.ram_text)
                0x00203190                __ramtext_ram_end__ = (ADDR (.ram_text) + SIZEOF (.ram_text))
                0x001082c0                __ramtext_load_start__ = LOADADDR (.ram_text)
                0x0010b410                __ramtext_load_end__ = (__ramtext_load_start__ + SIZEOF (.ram_text))

.wav_data       0x0010b410        0x0
 *.owav(*.data *.data.*)
                0x0010b410                . = ALIGN (0x10)

.bmp_data       0x0010b410      0x440
 *.obmp(*.data *.data.*)
 .data          0x0010b410      0x43e ../../ecrobot/../ecrobot/libecrobot.a(nxtosek_splash.obmp)
                0x0010b410                nxtosek_splash_bmp_start
                0x0010b84e                nxtosek_splash_bmp_end
                0x0010b850                . = ALIGN (0x10)
 *fill*         0x0010b84e        0x2 00

.spr_data       0x0010b850        0x0
 *.ospr(*.data *.data.*)
                0x0010b850                . = ALIGN (0x10)

.data           0x00203190      0x870 load address 0x0010b850
 *(*.data *.data.*)
 .data.bt_status
                0x00203190        0x1 build/ecrobot_bluetooth.o
 .data.deviceStatus
                0x00203191        0x1 ../../ecrobot/../ecrobot/libecrobot.a(ecrobot_interface.o)
 .data.named    0x00203192       0x22 ../../ecrobot/../ecrobot/libecrobot.a(udp.oram)
 .data.snd      0x002031b4       0x1a ../../ecrobot/../ecrobot/libecrobot.a(udp.oram)
 *fill*         0x002031ce        0x2 00
 .data.configured
                0x002031d0        0x4 ../../ecrobot/../ecrobot/libecrobot.a(udp.oram)
 .data.mode     0x002031d4        0x1 ../../ecrobot/../ecrobot/libecrobot.a(nxt_spi.oram)
                0x002031d4                mode
 *fill*         0x002031d5        0x3 00
 .bss.data      0x002031d8        0x4 ../../ecrobot/../ecrobot/libecrobot.a(nxt_spi.oram)
                0x002031d8                data
 .data.display_auto_update
                0x002031dc        0x4 ../../ecrobot/../ecrobot/libecrobot.a(display.oram)
                0x002031dc                display_auto_update
 .data.display_buffer
                0x002031e0        0x4 ../../ecrobot/../ecrobot/libecrobot.a(display.oram)
 .data          0x002031e4      0x410 /cygdrive/C/Cygwin/GNUARM/bin/../lib/gcc/arm-elf/4.0.2/../../../../arm-elf/lib/thumb/interwork/libc.a(mallocr.o)
                0x002031e4                __malloc_sbrk_base
                0x002031ec                __malloc_av_
                0x002031e8                __malloc_trim_threshold
 .data          0x002035f4      0x404 /cygdrive/C/Cygwin/GNUARM/bin/../lib/gcc/arm-elf/4.0.2/../../../../arm-elf/lib/thumb/interwork/libc.a(impure.o)
                0x002039f4                _impure_ptr
                0x00203a00                . = ALIGN (0x10)
 *fill*         0x002039f8        0x8 00
                0x00203190                __data_ram_start__ = ADDR (.data)
                0x00203a00                __data_ram_end__ = (ADDR (.data) + SIZEOF (.data))
                0x0010b850                __data_load_start__ = LOADADDR (.data)
                0x0010c0c0                __data_load_end__ = (__data_load_start__ + SIZEOF (.data))

.text           0x0010c0c0     0x1f80
                0x0010c0c0                . = ALIGN (0x10)
 *(*.text *.text.* *.glue*)
 .text.SetEvent
                0x0010c0c0       0xac build/kernel/event.o
                0x0010c0c0                SetEvent
 .text.ClearEvent
                0x0010c16c       0x64 build/kernel/event.o
                0x0010c16c                ClearEvent
 .text.WaitEvent
                0x0010c1d0       0xa8 build/kernel/event.o
                0x0010c1d0                WaitEvent
 .text.StartOS  0x0010c278       0x58 build/kernel/osctl.o
                0x0010c278                StartOS
 .text.ShutdownOS
                0x0010c2d0       0x4c build/kernel/osctl.o
                0x0010c2d0                ShutdownOS
 .text.call_pretaskhook
                0x0010c31c       0x24 build/kernel/osctl.o
                0x0010c31c                call_pretaskhook
 .text.call_errorhook
                0x0010c340       0x78 build/kernel/osctl.o
                0x0010c340                call_errorhook
 .text.call_posttaskhook
                0x0010c3b8       0x24 build/kernel/osctl.o
                0x0010c3b8                call_posttaskhook
 .text.search_schedtsk
                0x0010c3dc       0x94 build/kernel/task.o
                0x0010c3dc                search_schedtsk
 .text.make_runnable
                0x0010c470       0xac build/kernel/task.o
                0x0010c470                make_runnable
 .text.make_active
                0x0010c51c       0x78 build/kernel/task.o
                0x0010c51c                make_active
 .text.task_initialize
                0x0010c594       0x90 build/kernel/task.o
                0x0010c594                task_initialize
 .text.GetTaskID
                0x0010c624       0x40 build/kernel/task_manage.o
                0x0010c624                GetTaskID
 .text.cpu_initialize
                0x0010c664        0x4 build/config/at91sam7s-gnu/cpu_config.o
                0x0010c664                cpu_initialize
 .text.cpu_terminate
                0x0010c668        0x4 build/config/at91sam7s-gnu/cpu_config.o
                0x0010c668                cpu_terminate
 .text.sys_initialize
                0x0010c66c        0x4 build/config/at91sam7s-gnu/lego_nxt/sys_config.o
                0x0010c66c                sys_initialize
 .text.sys_exit
                0x0010c670        0x4 build/config/at91sam7s-gnu/lego_nxt/sys_config.o
                0x0010c670                sys_exit
 .text.object_initialize
                0x0010c674        0xc build/./kernel_cfg.o
                0x0010c674                object_initialize
 .text.SleeperMonitor
                0x0010c680       0x84 build/rtoscalls.o
                0x0010c680                SleeperMonitor
 .text.SleepI2C
                0x0010c704       0x50 build/rtoscalls.o
                0x0010c704                SleepI2C
 .text.AssertDeviceConstructor
                0x0010c754       0x2c build/rtoscalls.o
                0x0010c754                AssertDeviceConstructor
 .text._sbrk_r  0x0010c780       0x1c build/syscalls.o
                0x0010c780                _sbrk_r
 .text.send_bt_command
                0x0010c79c       0x40 build/ecrobot_bluetooth.o
 .text.ecrobot_term_bt_connection
                0x0010c7dc       0x48 build/ecrobot_bluetooth.o
                0x0010c7dc                ecrobot_term_bt_connection
 .text.init_OS_flag
                0x0010c824        0xc build/ecrobot_base.o
                0x0010c824                init_OS_flag
 .text.set_OS_flag
                0x0010c830        0xc build/ecrobot_base.o
                0x0010c830                set_OS_flag
 .text.get_OS_flag
                0x0010c83c        0xc build/ecrobot_base.o
                0x0010c83c                get_OS_flag
 .text.cpp_constructor
                0x0010c848       0x28 build/ecrobot_base.o
                0x0010c848                cpp_constructor
 .text.cpp_destructor
                0x0010c870       0x28 build/ecrobot_base.o
                0x0010c870                cpp_destructor
 .text.execution_mode
                0x0010c898       0x24 build/ecrobot_base.o
                0x0010c898                execution_mode
 .text.show_main_screen
                0x0010c8bc       0x48 build/ecrobot_base.o
                0x0010c8bc                show_main_screen
 .text.display_status_bar
                0x0010c904       0x5c build/ecrobot_base.o
                0x0010c904                display_status_bar
 .text.check_NXT_buttons
                0x0010c960       0x7c build/ecrobot_base.o
                0x0010c960                check_NXT_buttons
 .text.add_status_info
                0x0010c9dc       0x68 build/ecrobot_base.o
                0x0010c9dc                add_status_info
 .text.show_splash_screen
                0x0010ca44       0x90 build/ecrobot_base.o
                0x0010ca44                show_splash_screen
 .text.main     0x0010cad4      0x10c build/ecrobot.o
                0x0010cad4                main
 .text._ZN7ecrobot5MotorC1E6ePortMb
                0x0010cbe0       0x40 build/esteira.o
                0x0010cbe0                _ZN7ecrobot5MotorC1E6ePortMb
 .text._ZN7ecrobot5MotorD1Ev
                0x0010cc20       0x30 build/esteira.o
                0x0010cc20                _ZN7ecrobot5MotorD1Ev
 .text.user_1ms_isr_type2
                0x0010cc50        0xc build/esteira.o
                0x0010cc50                user_1ms_isr_type2
 .text.moverEsteira
                0x0010cc5c       0xdc build/esteira.o
                0x0010cc5c                moverEsteira
 .text.TaskMainTaskMain
                0x0010cd38       0x40 build/esteira.o
                0x0010cd38                TaskMainTaskMain
 .text._Z41__static_initialization_and_destruction_0ii
                0x0010cd78       0x78 build/esteira.o
 .text._GLOBAL__D_motorA
                0x0010cdf0       0x14 build/esteira.o
 .text._GLOBAL__I_motorA
                0x0010ce04       0x14 build/esteira.o
 .text._ZN7ecrobot9BluetoothC1Ev
                0x0010ce18       0x18 ../../ecrobot/../ecrobot/libecrobot++.a(Bluetooth.o)
                0x0010ce18                _ZN7ecrobot9BluetoothC1Ev
 .text._ZN7ecrobot9Bluetooth5closeEv
                0x0010ce30       0x14 ../../ecrobot/../ecrobot/libecrobot++.a(Bluetooth.o)
                0x0010ce30                _ZN7ecrobot9Bluetooth5closeEv
 .text._ZN7ecrobot9BluetoothD1Ev
                0x0010ce44        0xc ../../ecrobot/../ecrobot/libecrobot++.a(Bluetooth.o)
                0x0010ce44                _ZN7ecrobot9BluetoothD1Ev
 .text._ZN7ecrobot5ClockC1Ev
                0x0010ce50       0x10 ../../ecrobot/../ecrobot/libecrobot++.a(Clock.o)
                0x0010ce50                _ZN7ecrobot5ClockC1Ev
 .text._ZN7ecrobot5Clock4waitEm
                0x0010ce60       0x10 ../../ecrobot/../ecrobot/libecrobot++.a(Clock.o)
                0x0010ce60                _ZN7ecrobot5Clock4waitEm
 .text._ZN7ecrobot3I2cC2E6ePortS6ePower
                0x0010ce70       0x30 ../../ecrobot/../ecrobot/libecrobot++.a(I2c.o)
                0x0010ce70                _ZN7ecrobot3I2cC2E6ePortS6ePower
 .text._ZN7ecrobot3I2cD2Ev
                0x0010cea0       0x20 ../../ecrobot/../ecrobot/libecrobot++.a(I2c.o)
                0x0010cea0                _ZN7ecrobot3I2cD2Ev
 .text._ZN7ecrobot3I2cD1Ev
                0x0010cec0       0x20 ../../ecrobot/../ecrobot/libecrobot++.a(I2c.o)
                0x0010cec0                _ZN7ecrobot3I2cD1Ev
 .text._ZN7ecrobot3I2cD0Ev
                0x0010cee0       0x28 ../../ecrobot/../ecrobot/libecrobot++.a(I2c.o)
                0x0010cee0                _ZN7ecrobot3I2cD0Ev
 .text._ZNK7ecrobot3I2c7receiveEmPhm
                0x0010cf08       0x40 ../../ecrobot/../ecrobot/libecrobot++.a(I2c.o)
                0x0010cf08                _ZNK7ecrobot3I2c7receiveEmPhm
 .text._ZN7ecrobot3LcdC1Ev
                0x0010cf48        0x8 ../../ecrobot/../ecrobot/libecrobot++.a(Lcd.o)
                0x0010cf48                _ZN7ecrobot3LcdC1Ev
 .text._ZN7ecrobot3Lcd5clearEb
                0x0010cf50       0x20 ../../ecrobot/../ecrobot/libecrobot++.a(Lcd.o)
                0x0010cf50                _ZN7ecrobot3Lcd5clearEb
 .text._ZN7ecrobot3Lcd4putfEPKcz
                0x0010cf70       0x98 ../../ecrobot/../ecrobot/libecrobot++.a(Lcd.o)
                0x0010cf70                _ZN7ecrobot3Lcd4putfEPKcz
 .text._ZN7ecrobot3Lcd4dispEv
                0x0010d008        0xc ../../ecrobot/../ecrobot/libecrobot++.a(Lcd.o)
                0x0010d008                _ZN7ecrobot3Lcd4dispEv
 .text._ZN7ecrobot5Motor6setPWMEa
                0x0010d014       0x3c ../../ecrobot/../ecrobot/libecrobot++.a(Motor.o)
                0x0010d014                _ZN7ecrobot5Motor6setPWMEa
 .text._ZN7ecrobot3NxtC1Ev
                0x0010d050        0x4 ../../ecrobot/../ecrobot/libecrobot++.a(Nxt.o)
                0x0010d050                _ZN7ecrobot3NxtC1Ev
 .text._ZNK7ecrobot3Nxt10getButtonsEv
                0x0010d054       0x28 ../../ecrobot/../ecrobot/libecrobot++.a(Nxt.o)
                0x0010d054                _ZNK7ecrobot3Nxt10getButtonsEv
 .text._ZN7ecrobot11SonarSensorC1E6ePortS
                0x0010d07c       0x18 ../../ecrobot/../ecrobot/libecrobot++.a(SonarSensor.o)
                0x0010d07c                _ZN7ecrobot11SonarSensorC1E6ePortS
 .text._ZNK7ecrobot11SonarSensor11getDistanceEv
                0x0010d094       0x1c ../../ecrobot/../ecrobot/libecrobot++.a(SonarSensor.o)
                0x0010d094                _ZNK7ecrobot11SonarSensor11getDistanceEv
 .text._ZdlPv   0x0010d0b0        0xc ../../ecrobot/../ecrobot/libecrobot++.a(New.o)
                0x0010d0b0                _ZdlPv
 .text.ecrobot_device_initialize
                0x0010d0bc        0x4 ../../ecrobot/../ecrobot/libecrobot.a(ecrobot_device_hook.o)
                0x0010d0bc                ecrobot_device_initialize
 .text.ecrobot_device_terminate
                0x0010d0c0        0x4 ../../ecrobot/../ecrobot/libecrobot.a(ecrobot_device_hook.o)
                0x0010d0c0                ecrobot_device_terminate
 .text.ecrobot_get_battery_voltage
                0x0010d0c4        0xc ../../ecrobot/../ecrobot/libecrobot.a(ecrobot_interface.o)
                0x0010d0c4                ecrobot_get_battery_voltage
 .text.ecrobot_get_button_state
                0x0010d0d0        0xc ../../ecrobot/../ecrobot/libecrobot.a(ecrobot_interface.o)
                0x0010d0d0                ecrobot_get_button_state
 .text.ecrobot_init_nxtstate
                0x0010d0dc       0x28 ../../ecrobot/../ecrobot/libecrobot.a(ecrobot_interface.o)
                0x0010d0dc                ecrobot_init_nxtstate
 .text.ecrobot_poll_nxtstate
                0x0010d104       0x64 ../../ecrobot/../ecrobot/libecrobot.a(ecrobot_interface.o)
                0x0010d104                ecrobot_poll_nxtstate
 .text.ecrobot_setDeviceInitialized
                0x0010d168       0x18 ../../ecrobot/../ecrobot/libecrobot.a(ecrobot_interface.o)
                0x0010d168                ecrobot_setDeviceInitialized
 .text.ecrobot_initDeviceStatus
                0x0010d180        0xc ../../ecrobot/../ecrobot/libecrobot.a(ecrobot_interface.o)
                0x0010d180                ecrobot_initDeviceStatus
 .text.ecrobot_bmp2lcd
                0x0010d18c      0x1c8 ../../ecrobot/../ecrobot/libecrobot.a(ecrobot_interface.o)
                0x0010d18c                ecrobot_bmp2lcd
 .text.ecrobot_is_ENTER_button_pressed
                0x0010d354       0x10 ../../ecrobot/../ecrobot/libecrobot.a(ecrobot_interface.o)
                0x0010d354                ecrobot_is_ENTER_button_pressed
 .text.ecrobot_is_RUN_button_pressed
                0x0010d364       0x10 ../../ecrobot/../ecrobot/libecrobot.a(ecrobot_interface.o)
                0x0010d364                ecrobot_is_RUN_button_pressed
 .text.StartupHook
                0x0010d374        0x4 ../../ecrobot/../ecrobot/libecrobot.a(osek_hook.o)
                0x0010d374                StartupHook
 .text.PreTaskHook
                0x0010d378        0x4 ../../ecrobot/../ecrobot/libecrobot.a(osek_hook.o)
                0x0010d378                PreTaskHook
 .text.PostTaskHook
                0x0010d37c        0x4 ../../ecrobot/../ecrobot/libecrobot.a(osek_hook.o)
                0x0010d37c                PostTaskHook
 .text.ErrorHook
                0x0010d380        0x4 ../../ecrobot/../ecrobot/libecrobot.a(osek_hook.o)
                0x0010d380                ErrorHook
 .text.ShutdownHook
                0x0010d384        0x4 ../../ecrobot/../ecrobot/libecrobot.a(osek_hook.o)
                0x0010d384                ShutdownHook
 .text          0x0010d388       0x8c /cygdrive/C/Cygwin/GNUARM/bin/../lib/gcc/arm-elf/4.0.2/thumb/interwork/libgcc.a(_udivsi3.o)
                0x0010d388                __udivsi3
                0x0010d404                __aeabi_uidivmod
 .text          0x0010d414       0xc8 /cygdrive/C/Cygwin/GNUARM/bin/../lib/gcc/arm-elf/4.0.2/thumb/interwork/libgcc.a(_umodsi3.o)
                0x0010d414                __umodsi3
 .text          0x0010d4dc        0x4 /cygdrive/C/Cygwin/GNUARM/bin/../lib/gcc/arm-elf/4.0.2/thumb/interwork/libgcc.a(_dvmd_tls.o)
                0x0010d4dc                __aeabi_ldiv0
                0x0010d4dc                __div0
                0x0010d4dc                __aeabi_idiv0
 .text          0x0010d4e0       0x28 /cygdrive/C/Cygwin/GNUARM/bin/../lib/gcc/arm-elf/4.0.2/../../../../arm-elf/lib/thumb/interwork/libc.a(malloc.o)
                0x0010d4e0                malloc
                0x0010d4f4                free
 .text          0x0010d508      0x548 /cygdrive/C/Cygwin/GNUARM/bin/../lib/gcc/arm-elf/4.0.2/../../../../arm-elf/lib/thumb/interwork/libc.a(mallocr.o)
                0x0010d508                _malloc_r
 .text          0x0010da50       0x68 /cygdrive/C/Cygwin/GNUARM/bin/../lib/gcc/arm-elf/4.0.2/../../../../arm-elf/lib/thumb/interwork/libc.a(memcpy.o)
                0x0010da50                memcpy
 .text          0x0010dab8       0x68 /cygdrive/C/Cygwin/GNUARM/bin/../lib/gcc/arm-elf/4.0.2/../../../../arm-elf/lib/thumb/interwork/libc.a(memset.o)
                0x0010dab8                memset
 .text          0x0010db20        0x8 /cygdrive/C/Cygwin/GNUARM/bin/../lib/gcc/arm-elf/4.0.2/../../../../arm-elf/lib/thumb/interwork/libc.a(mlock.o)
                0x0010db24                __malloc_unlock
                0x0010db20                __malloc_lock
 .text          0x0010db28       0x60 /cygdrive/C/Cygwin/GNUARM/bin/../lib/gcc/arm-elf/4.0.2/../../../../arm-elf/lib/thumb/interwork/libc.a(strcpy.o)
                0x0010db28                strcpy
 .text          0x0010db88       0x48 /cygdrive/C/Cygwin/GNUARM/bin/../lib/gcc/arm-elf/4.0.2/../../../../arm-elf/lib/thumb/interwork/libc.a(strlen.o)
                0x0010db88                strlen
 .text          0x0010dbd0      0x260 /cygdrive/C/Cygwin/GNUARM/bin/../lib/gcc/arm-elf/4.0.2/../../../../arm-elf/lib/thumb/interwork/libc.a(freer.o)
                0x0010dc70                _free_r
                0x0010dbd0                _malloc_trim_r
 .glue_7        0x0010de30       0x30 /cygdrive/C/Cygwin/GNUARM/bin/../lib/gcc/arm-elf/4.0.2/../../../../arm-elf/lib/thumb/interwork/libc.a(freer.o)
                0x0010de48                __call_posttaskhook_from_arm
                0x0010de31                __ecrobot_debug1_from_arm
                0x0010de3d                __ecrobot_debug2_from_arm
                0x0010de54                __call_pretaskhook_from_arm
 .glue_7t       0x0010de60       0x60 /cygdrive/C/Cygwin/GNUARM/bin/../lib/gcc/arm-elf/4.0.2/../../../../arm-elf/lib/thumb/interwork/libc.a(freer.o)
                0x0010de8c                __start_change_to_arm
                0x0010dea8                __interrupts_get_and_disable_from_thumb
                0x0010dea1                ____gtdf2_from_thumb
                0x0010de81                __exit_and_dispatch_from_thumb
                0x0010de84                __exit_and_dispatch_change_to_arm
                0x0010de60                __disable_int_from_thumb
                0x0010de78                __start_dispatch_from_thumb
                0x0010de88                __start_from_thumb
                0x0010de9c                ____muldf3_change_to_arm
                0x0010de68                __enable_int_from_thumb
                0x0010de70                __dispatch_from_thumb
                0x0010deb4                __interrupts_enable_change_to_arm
                0x0010deac                __interrupts_get_and_disable_change_to_arm
                0x0010de74                __dispatch_change_to_arm
                0x0010dea4                ____gtdf2_change_to_arm
                0x0010de91                ____floatsidf_from_thumb
                0x0010deb9                __display_bios_status_from_thumb
                0x0010de64                __disable_int_change_to_arm
                0x0010de99                ____muldf3_from_thumb
                0x0010de6c                __enable_int_change_to_arm
                0x0010de94                ____floatsidf_change_to_arm
                0x0010deb0                __interrupts_enable_from_thumb
                0x0010debc                __display_bios_status_change_to_arm
                0x0010de7c                __start_dispatch_change_to_arm
                0x0010dec0                . = ALIGN (0x10)
 *(*.rodata *.rodata.*)
 .rodata.search_table.966
                0x0010dec0        0xf build/kernel/task.o
 *fill*         0x0010decf        0x1 00
 .rodata.EventSleep
                0x0010ded0        0x4 build/./kernel_cfg.o
                0x0010ded0                EventSleep
 .rodata.EventSleepI2C
                0x0010ded4        0x4 build/./kernel_cfg.o
                0x0010ded4                EventSleepI2C
 .rodata.tinib_stksz
                0x0010ded8        0x2 build/./kernel_cfg.o
                0x0010ded8                tinib_stksz
 *fill*         0x0010deda        0x2 00
 .rodata.tinib_stk
                0x0010dedc        0x4 build/./kernel_cfg.o
                0x0010dedc                tinib_stk
 .rodata.tinib_task
                0x0010dee0        0x4 build/./kernel_cfg.o
                0x0010dee0                tinib_task
 .rodata.tinib_autoact
                0x0010dee4        0x1 build/./kernel_cfg.o
                0x0010dee4                tinib_autoact
 .rodata.tinib_exepri
                0x0010dee5        0x1 build/./kernel_cfg.o
                0x0010dee5                tinib_exepri
 .rodata.tinib_inipri
                0x0010dee6        0x1 build/./kernel_cfg.o
                0x0010dee6                tinib_inipri
 .rodata.tnum_exttask
                0x0010dee7        0x1 build/./kernel_cfg.o
                0x0010dee7                tnum_exttask
 .rodata.tnum_task
                0x0010dee8        0x1 build/./kernel_cfg.o
                0x0010dee8                tnum_task
 *fill*         0x0010dee9        0x3 00
 .rodata.exec_addr
                0x0010deec        0x4 build/ecrobot_base.o
                0x0010deec                exec_addr
 .rodata.str1.4
                0x0010def0       0x80 build/ecrobot_base.o
 .rodata.str1.4
                0x0010df70       0x57 build/esteira.o
                                 0x58 (size before relaxing)
 *fill*         0x0010dfc7        0x1 00
 .rodata.str1.4
                0x0010dfc8        0xa ../../ecrobot/../ecrobot/libecrobot++.a(Bluetooth.o)
                                  0xc (size before relaxing)
 *fill*         0x0010dfd2        0x2 00
 .rodata.str1.4
                0x0010dfd4        0xb ../../ecrobot/../ecrobot/libecrobot++.a(I2c.o)
                                  0xc (size before relaxing)
 *fill*         0x0010dfdf        0x1 00
 .rodata.str1.4
                0x0010dfe0        0x2 /cygdrive/C/Cygwin/GNUARM/bin/../lib/gcc/arm-elf/4.0.2/../../../../arm-elf/lib/thumb/interwork/libc.a(impure.o)
                                  0x4 (size before relaxing)
                0x0010dff0                . = ALIGN (0x10)
 *fill*         0x0010dfe2        0xe 00
 *(*.gnu.linkonce.* .gcc_except_table)
 .gnu.linkonce.r._ZTVN7ecrobot11SonarSensorE
                0x0010dff0       0x10 build/esteira.o
                0x0010dff0                _ZTVN7ecrobot11SonarSensorE
 .gnu.linkonce.t._ZN7ecrobot11SonarSensorD1Ev
                0x0010e000       0x14 build/esteira.o
                0x0010e000                _ZN7ecrobot11SonarSensorD1Ev
 .gnu.linkonce.t._ZN7ecrobot11SonarSensorD0Ev
                0x0010e014       0x1c build/esteira.o
                0x0010e014                _ZN7ecrobot11SonarSensorD0Ev
 .gnu.linkonce.r._ZTVN7ecrobot3I2cE
                0x0010e030       0x10 ../../ecrobot/../ecrobot/libecrobot++.a(I2c.o)
                0x0010e030                _ZTVN7ecrobot3I2cE
                0x0010e040                . = ALIGN (0x10)

.tors           0x0010e040       0x20
                0x0010e040                . = ALIGN (0x10)
                0x0010e040                __ctor_begin = .
 *(*.ctors*)
 .ctors         0x0010e040        0x4 build/esteira.o
                0x0010e044                __ctor_end = .
                0x0010e050                . = ALIGN (0x10)
 *fill*         0x0010e044        0xc 00
                0x0010e050                __dtor_begin = .
 *(*.dtors*)
 .dtors         0x0010e050        0x4 build/esteira.o
                0x0010e054                __dtor_end = .
                0x0010e060                . = ALIGN (0x10)
 *fill*         0x0010e054        0xc 00
                0x0010e054                __rom_end__ = __dtor_end

.bss            0x00203a00     0x13b0
 *(*.bss *.bss.*)
 .bss.ready_primap
                0x00203a00        0x2 build/kernel/task.o
 .bss.ready_queue_last
                0x00203a02       0x10 build/kernel/task.o
 .bss.ready_queue_first
                0x00203a12       0x10 build/kernel/task.o
 *fill*         0x00203a22        0x2 00
 .bss._stack_TaskMain
                0x00203a24      0x200 build/./kernel_cfg.o
 .bss.sleepTaskCounter
                0x00203c24       0x20 build/rtoscalls.o
 .bss.isTaskSleeping
                0x00203c44        0x8 build/rtoscalls.o
 .bss.isI2cSleeping
                0x00203c4c        0x4 build/rtoscalls.o
 .bss.sleeperTask_ID
                0x00203c50        0x8 build/rtoscalls.o
 .bss.sleeperI2C_ID
                0x00203c58        0x4 build/rtoscalls.o
 .bss.heap_ptr  0x00203c5c        0x4 build/syscalls.o
 .bss.sendBuf   0x00203c60      0x100 build/ecrobot_bluetooth.o
 .bss.handle    0x00203d60        0x1 build/ecrobot_bluetooth.o
 *fill*         0x00203d61        0x3 00
 .bss.status_bar_position
                0x00203d64        0x4 build/ecrobot_base.o
 .bss.last_act_time.2701
                0x00203d68        0x4 build/ecrobot_base.o
 .bss.lcd.2630  0x00203d6c      0x320 build/ecrobot_base.o
 .bss.OS_flag   0x0020408c        0x4 build/ecrobot_base.o
 .bss.status_bar
                0x00204090       0x10 build/ecrobot_base.o
 .bss.bt        0x002040a0        0x4 build/esteira.o
                0x002040a0                bt
 .bss.nSonar    0x002040a4        0x2 build/esteira.o
                0x002040a4                nSonar
 *fill*         0x002040a6        0x2 00
 .bss.lcd       0x002040a8        0x4 build/esteira.o
                0x002040a8                lcd
 .bss.clock     0x002040ac        0x4 build/esteira.o
                0x002040ac                clock
 .bss.nxt       0x002040b0        0x4 build/esteira.o
                0x002040b0                nxt
 .bss.sonar     0x002040b4        0x8 build/esteira.o
                0x002040b4                sonar
 .bss.motorA    0x002040bc        0x8 build/esteira.o
                0x002040bc                motorA
 .bss.buttons_i
                0x002040c4        0x4 ../../ecrobot/../ecrobot/libecrobot.a(ecrobot_interface.o)
 .bss.buttons_states
                0x002040c8       0x14 ../../ecrobot/../ecrobot/libecrobot.a(ecrobot_interface.o)
 .bss.ecrobot_inputs
                0x002040dc        0x8 ../../ecrobot/../ecrobot/libecrobot.a(ecrobot_interface.o)
 .bss.systick_ms
                0x002040e4        0x4 ../../ecrobot/../ecrobot/libecrobot.a(systick.oram)
 .bss.delayedEnable
                0x002040e8        0x1 ../../ecrobot/../ecrobot/libecrobot.a(udp.oram)
 *fill*         0x002040e9        0x3 00
 .bss.outCnt    0x002040ec        0x4 ../../ecrobot/../ecrobot/libecrobot.a(udp.oram)
 .bss.outPtr    0x002040f0        0x4 ../../ecrobot/../ecrobot/libecrobot.a(udp.oram)
 .bss.newAddress
                0x002040f4        0x4 ../../ecrobot/../ecrobot/libecrobot.a(udp.oram)
 .bss.currentRxBank
                0x002040f8        0x4 ../../ecrobot/../ecrobot/libecrobot.a(udp.oram)
 .bss.currentFeatures
                0x002040fc        0x4 ../../ecrobot/../ecrobot/libecrobot.a(udp.oram)
 .bss.currentConfig
                0x00204100        0x1 ../../ecrobot/../ecrobot/libecrobot.a(udp.oram)
 *fill*         0x00204101        0x3 00
 .bss.twi_mask  0x00204104        0x4 ../../ecrobot/../ecrobot/libecrobot.a(twi.oram)
 .bss.twi_ptr   0x00204108        0x4 ../../ecrobot/../ecrobot/libecrobot.a(twi.oram)
 .bss.twi_pending
                0x0020410c        0x4 ../../ecrobot/../ecrobot/libecrobot.a(twi.oram)
 .bss.twi_state
                0x00204110        0x4 ../../ecrobot/../ecrobot/libecrobot.a(twi.oram)
 .bss.page      0x00204114        0x1 ../../ecrobot/../ecrobot/libecrobot.a(nxt_spi.oram)
                0x00204114                page
 .bss.dirty     0x00204115        0x1 ../../ecrobot/../ecrobot/libecrobot.a(nxt_spi.oram)
                0x00204115                dirty
 *fill*         0x00204116        0x2 00
 .bss.display   0x00204118        0x4 ../../ecrobot/../ecrobot/libecrobot.a(nxt_spi.oram)
                0x00204118                display
 .bss.interrupts_this_period
                0x0020411c        0x4 ../../ecrobot/../ecrobot/libecrobot.a(nxt_motors.oram)
 .bss.nxt_motor_initialised
                0x00204120        0x4 ../../ecrobot/../ecrobot/libecrobot.a(nxt_motors.oram)
 .bss.motor     0x00204124       0x30 ../../ecrobot/../ecrobot/libecrobot.a(nxt_motors.oram)
 .bss.display_tick
                0x00204154        0x4 ../../ecrobot/../ecrobot/libecrobot.a(display.oram)
                0x00204154                display_tick
 .bss.display_array
                0x00204158      0x388 ../../ecrobot/../ecrobot/libecrobot.a(display.oram)
 .bss.i2c_int_count
                0x002044e0        0x4 ../../ecrobot/../ecrobot/libecrobot.a(i2c.oram)
 .bss.i2c_port  0x002044e4      0x170 ../../ecrobot/../ecrobot/libecrobot.a(i2c.oram)
 .bss.sound_mode
                0x00204654        0x1 ../../ecrobot/../ecrobot/libecrobot.a(sound.oram)
                0x00204654                sound_mode
 *fill*         0x00204655        0x3 00
 .bss.in_buf_idx
                0x00204658        0x4 ../../ecrobot/../ecrobot/libecrobot.a(bt.oram)
 .bss.buf_ptr   0x0020465c        0x4 ../../ecrobot/../ecrobot/libecrobot.a(bt.oram)
 .bss.out_buf   0x00204660      0x200 ../../ecrobot/../ecrobot/libecrobot.a(bt.oram)
 .bss.out_buf_ptr
                0x00204860        0x1 ../../ecrobot/../ecrobot/libecrobot.a(bt.oram)
 .bss.in_buf_in_ptr
                0x00204861        0x1 ../../ecrobot/../ecrobot/libecrobot.a(bt.oram)
 .bss.in_buf    0x00204862      0x100 ../../ecrobot/../ecrobot/libecrobot.a(bt.oram)
 *fill*         0x00204962        0x2 00
 .bss.link_state
                0x00204964        0x4 ../../ecrobot/../ecrobot/libecrobot.a(nxt_avr.oram)
 .bss.update_count
                0x00204968        0x4 ../../ecrobot/../ecrobot/libecrobot.a(nxt_avr.oram)
 .bss.nxt_avr_stats
                0x0020496c       0x14 ../../ecrobot/../ecrobot/libecrobot.a(nxt_avr.oram)
 .bss.debounce_cnt
                0x00204980        0x2 ../../ecrobot/../ecrobot/libecrobot.a(nxt_avr.oram)
 .bss.debounce_state
                0x00204982        0x2 ../../ecrobot/../ecrobot/libecrobot.a(nxt_avr.oram)
 .bss.button_state
                0x00204984        0x2 ../../ecrobot/../ecrobot/libecrobot.a(nxt_avr.oram)
 .bss.prev_buttons
                0x00204986        0x2 ../../ecrobot/../ecrobot/libecrobot.a(nxt_avr.oram)
 .bss.from_buf  0x00204988        0x4 ../../ecrobot/../ecrobot/libecrobot.a(nxt_avr.oram)
 .bss.io_from_avr
                0x0020498c        0x4 ../../ecrobot/../ecrobot/libecrobot.a(nxt_avr.oram)
 .bss.data_from_avr
                0x00204990       0x1a ../../ecrobot/../ecrobot/libecrobot.a(nxt_avr.oram)
 .bss.data_to_avr
                0x002049aa        0x9 ../../ecrobot/../ecrobot/libecrobot.a(nxt_avr.oram)
 .bss.io_to_avr
                0x002049b3        0x8 ../../ecrobot/../ecrobot/libecrobot.a(nxt_avr.oram)
 *fill*         0x002049bb        0x1 00
 .bss.display   0x002049bc        0x4 ../../ecrobot/../ecrobot/libecrobot.a(nxt_lcd.oram)
 .bss           0x002049c0       0x34 /cygdrive/C/Cygwin/GNUARM/bin/../lib/gcc/arm-elf/4.0.2/../../../../arm-elf/lib/thumb/interwork/libc.a(mallocr.o)
                0x002049f0                __malloc_top_pad
                0x002049ec                __malloc_max_sbrked_mem
                0x002049c0                __malloc_current_mallinfo
                0x002049e8                __malloc_max_total_mem
                0x00204a00                . = ALIGN (0x10)
 *fill*         0x002049f4        0xc 00
                0x00204a00                __bss_end__ = .
 COMMON         0x00204a00        0x2 build/kernel/interrupt.o
                0x00204a00                runisr
                0x00204a01                sus_all_cnt
 *fill*         0x00204a02        0x2 00
 COMMON         0x00204a04       0x10 build/kernel/osctl.o
                0x00204a04                callevel
                0x00204a05                _errorhook_svcid
                0x00204a06                appmode
                0x00204a08                _errorhook_par1
                0x00204a0c                _errorhook_par3
                0x00204a10                _errorhook_par2
 COMMON         0x00204a14        0x3 build/kernel/task.o
                0x00204a14                runtsk
                0x00204a15                schedtsk
                0x00204a16                nextpri
 *fill*         0x00204a17        0x1 00
 COMMON         0x00204a18       0x2c build/./kernel_cfg.o
                0x00204a18                tcb_waievt
                0x00204a1c                rescb_prevpri
                0x00204a1d                almcb_prev
                0x00204a1e                tcb_lastres
                0x00204a20                almcb_almval
                0x00204a24                tcxb_pc
                0x00204a28                tcb_next
                0x00204a29                tcb_curpri
                0x00204a2a                tcb_tstat
                0x00204a2b                isrcb_lastres
                0x00204a2c                cntcb_almque
                0x00204a2d                rescb_prevres
                0x00204a2e                tcb_actcnt
                0x00204a30                tcb_curevt
                0x00204a34                almcb_cycle
                0x00204a38                tcxb_sp
                0x00204a3c                almcb_next
                0x00204a40                cntcb_curval
 COMMON         0x00204a44       0x44 ../../ecrobot/../ecrobot/libecrobot.a(uart.oram)
                0x00204a44                uart
 COMMON         0x00204a88        0x4 ../../ecrobot/../ecrobot/libecrobot.a(data_abort.oram)
                0x00204a88                data_abort_pc
 COMMON         0x00204a8c        0x8 ../../ecrobot/../ecrobot/libecrobot.a(display.oram)
                0x00204a8c                display_x
                0x00204a90                display_y
 COMMON         0x00204a94      0x31c ../../ecrobot/../ecrobot/libecrobot.a(sound.oram)
                0x00204a94                sample
                0x00203a00                __bss_start__ = ADDR (.bss)
                0x00204db0                __bss_end__ = (ADDR (.bss) + SIZEOF (.bss))
                0x00204db0                PROVIDE (end, .)

.heap_area      0x00204db0     0xadc8
                0x0020fb78                . = (. + (0x20fb78 - end))
 *fill*         0x00204db0     0xadc8 00

.stack          0x0020fb78      0x488
                0x0020fbf8                . = (. + 0x80)
 *fill*         0x0020fb78       0x80 00
                0x0020fc00                . = ALIGN (0x10)
 *fill*         0x0020fbf8        0x8 00
                0x0020fc00                __irq_stack__ = .
                0x0020fc00                __system_stack_bottom__ = .
                0x00210000                . = (. + 0x400)
 *fill*         0x0020fc00      0x400 00
                0x00210000                . = ALIGN (0x10)
                0x00210000                __system_stack__ = .
                0x00210000                __system_stack_top__ = .
                0x0020fb78                __stack_start__ = ADDR (.stack)
                0x00210000                __stack_end__ = (ADDR (.stack) + SIZEOF (.stack))
OUTPUT(esteira_rom.elf elf32-littlearm)

.comment        0x00000000      0x46e
 .comment       0x00000000       0x12 build/kernel/alarm.o
 .comment       0x00000012       0x12 build/kernel/event.o
 .comment       0x00000024       0x12 build/kernel/interrupt.o
 .comment       0x00000036       0x12 build/kernel/osctl.o
 .comment       0x00000048       0x12 build/kernel/resource.o
 .comment       0x0000005a       0x12 build/kernel/task.o
 .comment       0x0000006c       0x12 build/kernel/task_manage.o
 .comment       0x0000007e       0x12 build/config/at91sam7s-gnu/cpu_config.o
 .comment       0x00000090       0x12 build/config/at91sam7s-gnu/lego_nxt/sys_config.o
 .comment       0x000000a2       0x12 build/./kernel_cfg.o
 .comment       0x000000b4       0x12 build/rtoscalls.o
 .comment       0x000000c6       0x12 build/syscalls.o
 .comment       0x000000d8       0x12 build/ecrobot_bluetooth.o
 .comment       0x000000ea       0x12 build/ecrobot_base.o
 .comment       0x000000fc       0x12 build/ecrobot.o
 .comment       0x0000010e       0x12 build/syslib/at91sam7s-gnu/lego_nxt/hw_sys_timer.oram
 .comment       0x00000120       0x12 build/esteira.o
 .comment       0x00000132       0x12 ../../ecrobot/../ecrobot/libecrobot++.a(Bluetooth.o)
 .comment       0x00000144       0x12 ../../ecrobot/../ecrobot/libecrobot++.a(Clock.o)
 .comment       0x00000156       0x12 ../../ecrobot/../ecrobot/libecrobot++.a(I2c.o)
 .comment       0x00000168       0x12 ../../ecrobot/../ecrobot/libecrobot++.a(Lcd.o)
 .comment       0x0000017a       0x12 ../../ecrobot/../ecrobot/libecrobot++.a(Motor.o)
 .comment       0x0000018c       0x12 ../../ecrobot/../ecrobot/libecrobot++.a(Nxt.o)
 .comment       0x0000019e       0x12 ../../ecrobot/../ecrobot/libecrobot++.a(SonarSensor.o)
 .comment       0x000001b0       0x12 ../../ecrobot/../ecrobot/libecrobot++.a(New.o)
 .comment       0x000001c2       0x12 ../../ecrobot/../ecrobot/libecrobot.a(ecrobot_device_hook.o)
 .comment       0x000001d4       0x12 ../../ecrobot/../ecrobot/libecrobot.a(ecrobot_interface.o)
 .comment       0x000001e6       0x12 ../../ecrobot/../ecrobot/libecrobot.a(colorsensor.o)
 .comment       0x000001f8       0x12 ../../ecrobot/../ecrobot/libecrobot.a(osek_hook.o)
 .comment       0x0000020a       0x12 ../../ecrobot/../ecrobot/libecrobot.a(uart.oram)
 .comment       0x0000021c       0x12 ../../ecrobot/../ecrobot/libecrobot.a(systick.oram)
 .comment       0x0000022e       0x12 ../../ecrobot/../ecrobot/libecrobot.a(byte_fifo.oram)
 .comment       0x00000240       0x12 ../../ecrobot/../ecrobot/libecrobot.a(aic.oram)
 .comment       0x00000252       0x12 ../../ecrobot/../ecrobot/libecrobot.a(udp.oram)
 .comment       0x00000264       0x12 ../../ecrobot/../ecrobot/libecrobot.a(twi.oram)
 .comment       0x00000276       0x12 ../../ecrobot/../ecrobot/libecrobot.a(nxt_spi.oram)
 .comment       0x00000288       0x12 ../../ecrobot/../ecrobot/libecrobot.a(nxt_motors.oram)
 .comment       0x0000029a       0x12 ../../ecrobot/../ecrobot/libecrobot.a(data_abort.oram)
 .comment       0x000002ac       0x12 ../../ecrobot/../ecrobot/libecrobot.a(display.oram)
 .comment       0x000002be       0x12 ../../ecrobot/../ecrobot/libecrobot.a(i2c.oram)
 .comment       0x000002d0       0x12 ../../ecrobot/../ecrobot/libecrobot.a(sound.oram)
 .comment       0x000002e2       0x12 ../../ecrobot/../ecrobot/libecrobot.a(bt.oram)
 .comment       0x000002f4       0x12 ../../ecrobot/../ecrobot/libecrobot.a(nxt_avr.oram)
 .comment       0x00000306       0x12 ../../ecrobot/../ecrobot/libecrobot.a(sensors.oram)
 .comment       0x00000318       0x12 ../../ecrobot/../ecrobot/libecrobot.a(sensors1.oram)
 .comment       0x0000032a       0x12 ../../ecrobot/../ecrobot/libecrobot.a(nxt_lcd.oram)
 .comment       0x0000033c       0x12 ../../ecrobot/../ecrobot/libecrobot.a(flash_loader.oram)
 .comment       0x0000034e       0x12 ../../ecrobot/../ecrobot/libecrobot.a(ecrobot_usb.o)
 .comment       0x00000360       0x12 ../../ecrobot/../ecrobot/libecrobot.a(flashprog.oram)
 .comment       0x00000372       0x12 /cygdrive/C/Cygwin/GNUARM/bin/../lib/gcc/arm-elf/4.0.2/thumb/interwork/libgcc.a(_muldi3.o)
 .comment       0x00000384       0x12 /cygdrive/C/Cygwin/GNUARM/bin/../lib/gcc/arm-elf/4.0.2/thumb/interwork/libgcc.a(_divdi3.o)
 .comment       0x00000396       0x12 /cygdrive/C/Cygwin/GNUARM/bin/../lib/gcc/arm-elf/4.0.2/thumb/interwork/libgcc.a(_clz.o)
 .comment       0x000003a8       0x12 /cygdrive/C/Cygwin/GNUARM/bin/../lib/gcc/arm-elf/4.0.2/../../../../arm-elf/lib/thumb/interwork/libc.a(malloc.o)
 .comment       0x000003ba       0x12 /cygdrive/C/Cygwin/GNUARM/bin/../lib/gcc/arm-elf/4.0.2/../../../../arm-elf/lib/thumb/interwork/libc.a(mallocr.o)
 .comment       0x000003cc       0x12 /cygdrive/C/Cygwin/GNUARM/bin/../lib/gcc/arm-elf/4.0.2/../../../../arm-elf/lib/thumb/interwork/libc.a(memcpy.o)
 .comment       0x000003de       0x12 /cygdrive/C/Cygwin/GNUARM/bin/../lib/gcc/arm-elf/4.0.2/../../../../arm-elf/lib/thumb/interwork/libc.a(memset.o)
 .comment       0x000003f0       0x12 /cygdrive/C/Cygwin/GNUARM/bin/../lib/gcc/arm-elf/4.0.2/../../../../arm-elf/lib/thumb/interwork/libc.a(mlock.o)
 .comment       0x00000402       0x12 /cygdrive/C/Cygwin/GNUARM/bin/../lib/gcc/arm-elf/4.0.2/../../../../arm-elf/lib/thumb/interwork/libc.a(strcmp.o)
 .comment       0x00000414       0x12 /cygdrive/C/Cygwin/GNUARM/bin/../lib/gcc/arm-elf/4.0.2/../../../../arm-elf/lib/thumb/interwork/libc.a(strcpy.o)
 .comment       0x00000426       0x12 /cygdrive/C/Cygwin/GNUARM/bin/../lib/gcc/arm-elf/4.0.2/../../../../arm-elf/lib/thumb/interwork/libc.a(strlen.o)
 .comment       0x00000438       0x12 /cygdrive/C/Cygwin/GNUARM/bin/../lib/gcc/arm-elf/4.0.2/../../../../arm-elf/lib/thumb/interwork/libc.a(strncpy.o)
 .comment       0x0000044a       0x12 /cygdrive/C/Cygwin/GNUARM/bin/../lib/gcc/arm-elf/4.0.2/../../../../arm-elf/lib/thumb/interwork/libc.a(freer.o)
 .comment       0x0000045c       0x12 /cygdrive/C/Cygwin/GNUARM/bin/../lib/gcc/arm-elf/4.0.2/../../../../arm-elf/lib/thumb/interwork/libc.a(impure.o)

.debug_line     0x00000000     0x11ed
 .debug_line    0x00000000       0x70 /cygdrive/C/Cygwin/GNUARM/bin/../lib/gcc/arm-elf/4.0.2/thumb/interwork/libgcc.a(_udivsi3.o)
 .debug_line    0x00000070       0x7c /cygdrive/C/Cygwin/GNUARM/bin/../lib/gcc/arm-elf/4.0.2/thumb/interwork/libgcc.a(_divsi3.o)
 .debug_line    0x000000ec       0x68 /cygdrive/C/Cygwin/GNUARM/bin/../lib/gcc/arm-elf/4.0.2/thumb/interwork/libgcc.a(_umodsi3.o)
 .debug_line    0x00000154       0x71 /cygdrive/C/Cygwin/GNUARM/bin/../lib/gcc/arm-elf/4.0.2/thumb/interwork/libgcc.a(_modsi3.o)
 .debug_line    0x000001c5       0x5a /cygdrive/C/Cygwin/GNUARM/bin/../lib/gcc/arm-elf/4.0.2/thumb/interwork/libgcc.a(_dvmd_tls.o)
 .debug_line    0x0000021f      0x162 /cygdrive/C/Cygwin/GNUARM/bin/../lib/gcc/arm-elf/4.0.2/thumb/interwork/libgcc.a(_addsubdf3.o)
 .debug_line    0x00000381      0x177 /cygdrive/C/Cygwin/GNUARM/bin/../lib/gcc/arm-elf/4.0.2/thumb/interwork/libgcc.a(_muldivdf3.o)
 .debug_line    0x000004f8       0xa4 /cygdrive/C/Cygwin/GNUARM/bin/../lib/gcc/arm-elf/4.0.2/thumb/interwork/libgcc.a(_cmpdf2.o)
 .debug_line    0x0000059c       0x61 /cygdrive/C/Cygwin/GNUARM/bin/../lib/gcc/arm-elf/4.0.2/thumb/interwork/libgcc.a(_muldi3.o)
 .debug_line    0x000005fd      0x122 /cygdrive/C/Cygwin/GNUARM/bin/../lib/gcc/arm-elf/4.0.2/thumb/interwork/libgcc.a(_divdi3.o)
 .debug_line    0x0000071f       0x48 /cygdrive/C/Cygwin/GNUARM/bin/../lib/gcc/arm-elf/4.0.2/thumb/interwork/libgcc.a(_clz.o)
 .debug_line    0x00000767       0xfd /cygdrive/C/Cygwin/GNUARM/bin/../lib/gcc/arm-elf/4.0.2/../../../../arm-elf/lib/thumb/interwork/libc.a(malloc.o)
 .debug_line    0x00000864      0x23d /cygdrive/C/Cygwin/GNUARM/bin/../lib/gcc/arm-elf/4.0.2/../../../../arm-elf/lib/thumb/interwork/libc.a(mallocr.o)
 .debug_line    0x00000aa1       0xc3 /cygdrive/C/Cygwin/GNUARM/bin/../lib/gcc/arm-elf/4.0.2/../../../../arm-elf/lib/thumb/interwork/libc.a(memcpy.o)
 .debug_line    0x00000b64       0xd4 /cygdrive/C/Cygwin/GNUARM/bin/../lib/gcc/arm-elf/4.0.2/../../../../arm-elf/lib/thumb/interwork/libc.a(memset.o)
 .debug_line    0x00000c38       0xf5 /cygdrive/C/Cygwin/GNUARM/bin/../lib/gcc/arm-elf/4.0.2/../../../../arm-elf/lib/thumb/interwork/libc.a(mlock.o)
 .debug_line    0x00000d2d       0x88 /cygdrive/C/Cygwin/GNUARM/bin/../lib/gcc/arm-elf/4.0.2/../../../../arm-elf/lib/thumb/interwork/libc.a(strcmp.o)
 .debug_line    0x00000db5       0x80 /cygdrive/C/Cygwin/GNUARM/bin/../lib/gcc/arm-elf/4.0.2/../../../../arm-elf/lib/thumb/interwork/libc.a(strcpy.o)
 .debug_line    0x00000e35       0xaf /cygdrive/C/Cygwin/GNUARM/bin/../lib/gcc/arm-elf/4.0.2/../../../../arm-elf/lib/thumb/interwork/libc.a(strlen.o)
 .debug_line    0x00000ee4       0xc2 /cygdrive/C/Cygwin/GNUARM/bin/../lib/gcc/arm-elf/4.0.2/../../../../arm-elf/lib/thumb/interwork/libc.a(strncpy.o)
 .debug_line    0x00000fa6      0x164 /cygdrive/C/Cygwin/GNUARM/bin/../lib/gcc/arm-elf/4.0.2/../../../../arm-elf/lib/thumb/interwork/libc.a(freer.o)
 .debug_line    0x0000110a       0xe3 /cygdrive/C/Cygwin/GNUARM/bin/../lib/gcc/arm-elf/4.0.2/../../../../arm-elf/lib/thumb/interwork/libc.a(impure.o)

.debug_info     0x00000000     0x479f
 .debug_info    0x00000000       0x6a /cygdrive/C/Cygwin/GNUARM/bin/../lib/gcc/arm-elf/4.0.2/thumb/interwork/libgcc.a(_udivsi3.o)
 .debug_info    0x0000006a       0x6a /cygdrive/C/Cygwin/GNUARM/bin/../lib/gcc/arm-elf/4.0.2/thumb/interwork/libgcc.a(_divsi3.o)
 .debug_info    0x000000d4       0x6a /cygdrive/C/Cygwin/GNUARM/bin/../lib/gcc/arm-elf/4.0.2/thumb/interwork/libgcc.a(_umodsi3.o)
 .debug_info    0x0000013e       0x6a /cygdrive/C/Cygwin/GNUARM/bin/../lib/gcc/arm-elf/4.0.2/thumb/interwork/libgcc.a(_modsi3.o)
 .debug_info    0x000001a8       0x6a /cygdrive/C/Cygwin/GNUARM/bin/../lib/gcc/arm-elf/4.0.2/thumb/interwork/libgcc.a(_dvmd_tls.o)
 .debug_info    0x00000212       0x69 /cygdrive/C/Cygwin/GNUARM/bin/../lib/gcc/arm-elf/4.0.2/thumb/interwork/libgcc.a(_addsubdf3.o)
 .debug_info    0x0000027b       0x69 /cygdrive/C/Cygwin/GNUARM/bin/../lib/gcc/arm-elf/4.0.2/thumb/interwork/libgcc.a(_muldivdf3.o)
 .debug_info    0x000002e4       0x69 /cygdrive/C/Cygwin/GNUARM/bin/../lib/gcc/arm-elf/4.0.2/thumb/interwork/libgcc.a(_cmpdf2.o)
 .debug_info    0x0000034d      0x20e /cygdrive/C/Cygwin/GNUARM/bin/../lib/gcc/arm-elf/4.0.2/thumb/interwork/libgcc.a(_muldi3.o)
 .debug_info    0x0000055b      0x758 /cygdrive/C/Cygwin/GNUARM/bin/../lib/gcc/arm-elf/4.0.2/thumb/interwork/libgcc.a(_divdi3.o)
 .debug_info    0x00000cb3       0xc9 /cygdrive/C/Cygwin/GNUARM/bin/../lib/gcc/arm-elf/4.0.2/thumb/interwork/libgcc.a(_clz.o)
 .debug_info    0x00000d7c      0x955 /cygdrive/C/Cygwin/GNUARM/bin/../lib/gcc/arm-elf/4.0.2/../../../../arm-elf/lib/thumb/interwork/libc.a(malloc.o)
 .debug_info    0x000016d1      0xcbd /cygdrive/C/Cygwin/GNUARM/bin/../lib/gcc/arm-elf/4.0.2/../../../../arm-elf/lib/thumb/interwork/libc.a(mallocr.o)
 .debug_info    0x0000238e      0x10d /cygdrive/C/Cygwin/GNUARM/bin/../lib/gcc/arm-elf/4.0.2/../../../../arm-elf/lib/thumb/interwork/libc.a(memcpy.o)
 .debug_info    0x0000249b      0x111 /cygdrive/C/Cygwin/GNUARM/bin/../lib/gcc/arm-elf/4.0.2/../../../../arm-elf/lib/thumb/interwork/libc.a(memset.o)
 .debug_info    0x000025ac      0x93e /cygdrive/C/Cygwin/GNUARM/bin/../lib/gcc/arm-elf/4.0.2/../../../../arm-elf/lib/thumb/interwork/libc.a(mlock.o)
 .debug_info    0x00002eea       0xd9 /cygdrive/C/Cygwin/GNUARM/bin/../lib/gcc/arm-elf/4.0.2/../../../../arm-elf/lib/thumb/interwork/libc.a(strcmp.o)
 .debug_info    0x00002fc3      0x10c /cygdrive/C/Cygwin/GNUARM/bin/../lib/gcc/arm-elf/4.0.2/../../../../arm-elf/lib/thumb/interwork/libc.a(strcpy.o)
 .debug_info    0x000030cf       0xd5 /cygdrive/C/Cygwin/GNUARM/bin/../lib/gcc/arm-elf/4.0.2/../../../../arm-elf/lib/thumb/interwork/libc.a(strlen.o)
 .debug_info    0x000031a4      0x126 /cygdrive/C/Cygwin/GNUARM/bin/../lib/gcc/arm-elf/4.0.2/../../../../arm-elf/lib/thumb/interwork/libc.a(strncpy.o)
 .debug_info    0x000032ca      0xbb3 /cygdrive/C/Cygwin/GNUARM/bin/../lib/gcc/arm-elf/4.0.2/../../../../arm-elf/lib/thumb/interwork/libc.a(freer.o)
 .debug_info    0x00003e7d      0x922 /cygdrive/C/Cygwin/GNUARM/bin/../lib/gcc/arm-elf/4.0.2/../../../../arm-elf/lib/thumb/interwork/libc.a(impure.o)

.debug_abbrev   0x00000000      0xed2
 .debug_abbrev  0x00000000       0x14 /cygdrive/C/Cygwin/GNUARM/bin/../lib/gcc/arm-elf/4.0.2/thumb/interwork/libgcc.a(_udivsi3.o)
 .debug_abbrev  0x00000014       0x14 /cygdrive/C/Cygwin/GNUARM/bin/../lib/gcc/arm-elf/4.0.2/thumb/interwork/libgcc.a(_divsi3.o)
 .debug_abbrev  0x00000028       0x14 /cygdrive/C/Cygwin/GNUARM/bin/../lib/gcc/arm-elf/4.0.2/thumb/interwork/libgcc.a(_umodsi3.o)
 .debug_abbrev  0x0000003c       0x14 /cygdrive/C/Cygwin/GNUARM/bin/../lib/gcc/arm-elf/4.0.2/thumb/interwork/libgcc.a(_modsi3.o)
 .debug_abbrev  0x00000050       0x14 /cygdrive/C/Cygwin/GNUARM/bin/../lib/gcc/arm-elf/4.0.2/thumb/interwork/libgcc.a(_dvmd_tls.o)
 .debug_abbrev  0x00000064       0x14 /cygdrive/C/Cygwin/GNUARM/bin/../lib/gcc/arm-elf/4.0.2/thumb/interwork/libgcc.a(_addsubdf3.o)
 .debug_abbrev  0x00000078       0x14 /cygdrive/C/Cygwin/GNUARM/bin/../lib/gcc/arm-elf/4.0.2/thumb/interwork/libgcc.a(_muldivdf3.o)
 .debug_abbrev  0x0000008c       0x14 /cygdrive/C/Cygwin/GNUARM/bin/../lib/gcc/arm-elf/4.0.2/thumb/interwork/libgcc.a(_cmpdf2.o)
 .debug_abbrev  0x000000a0       0xec /cygdrive/C/Cygwin/GNUARM/bin/../lib/gcc/arm-elf/4.0.2/thumb/interwork/libgcc.a(_muldi3.o)
 .debug_abbrev  0x0000018c      0x174 /cygdrive/C/Cygwin/GNUARM/bin/../lib/gcc/arm-elf/4.0.2/thumb/interwork/libgcc.a(_divdi3.o)
 .debug_abbrev  0x00000300       0x61 /cygdrive/C/Cygwin/GNUARM/bin/../lib/gcc/arm-elf/4.0.2/thumb/interwork/libgcc.a(_clz.o)
 .debug_abbrev  0x00000361      0x187 /cygdrive/C/Cygwin/GNUARM/bin/../lib/gcc/arm-elf/4.0.2/../../../../arm-elf/lib/thumb/interwork/libc.a(malloc.o)
 .debug_abbrev  0x000004e8      0x214 /cygdrive/C/Cygwin/GNUARM/bin/../lib/gcc/arm-elf/4.0.2/../../../../arm-elf/lib/thumb/interwork/libc.a(mallocr.o)
 .debug_abbrev  0x000006fc       0x99 /cygdrive/C/Cygwin/GNUARM/bin/../lib/gcc/arm-elf/4.0.2/../../../../arm-elf/lib/thumb/interwork/libc.a(memcpy.o)
 .debug_abbrev  0x00000795       0x9a /cygdrive/C/Cygwin/GNUARM/bin/../lib/gcc/arm-elf/4.0.2/../../../../arm-elf/lib/thumb/interwork/libc.a(memset.o)
 .debug_abbrev  0x0000082f      0x16a /cygdrive/C/Cygwin/GNUARM/bin/../lib/gcc/arm-elf/4.0.2/../../../../arm-elf/lib/thumb/interwork/libc.a(mlock.o)
 .debug_abbrev  0x00000999       0x71 /cygdrive/C/Cygwin/GNUARM/bin/../lib/gcc/arm-elf/4.0.2/../../../../arm-elf/lib/thumb/interwork/libc.a(strcmp.o)
 .debug_abbrev  0x00000a0a       0x80 /cygdrive/C/Cygwin/GNUARM/bin/../lib/gcc/arm-elf/4.0.2/../../../../arm-elf/lib/thumb/interwork/libc.a(strcpy.o)
 .debug_abbrev  0x00000a8a       0x8b /cygdrive/C/Cygwin/GNUARM/bin/../lib/gcc/arm-elf/4.0.2/../../../../arm-elf/lib/thumb/interwork/libc.a(strlen.o)
 .debug_abbrev  0x00000b15       0x8d /cygdrive/C/Cygwin/GNUARM/bin/../lib/gcc/arm-elf/4.0.2/../../../../arm-elf/lib/thumb/interwork/libc.a(strncpy.o)
 .debug_abbrev  0x00000ba2      0x1d9 /cygdrive/C/Cygwin/GNUARM/bin/../lib/gcc/arm-elf/4.0.2/../../../../arm-elf/lib/thumb/interwork/libc.a(freer.o)
 .debug_abbrev  0x00000d7b      0x157 /cygdrive/C/Cygwin/GNUARM/bin/../lib/gcc/arm-elf/4.0.2/../../../../arm-elf/lib/thumb/interwork/libc.a(impure.o)

.debug_aranges  0x00000000      0x280
 .debug_aranges
                0x00000000       0x20 /cygdrive/C/Cygwin/GNUARM/bin/../lib/gcc/arm-elf/4.0.2/thumb/interwork/libgcc.a(_udivsi3.o)
 .debug_aranges
                0x00000020       0x20 /cygdrive/C/Cygwin/GNUARM/bin/../lib/gcc/arm-elf/4.0.2/thumb/interwork/libgcc.a(_divsi3.o)
 .debug_aranges
                0x00000040       0x20 /cygdrive/C/Cygwin/GNUARM/bin/../lib/gcc/arm-elf/4.0.2/thumb/interwork/libgcc.a(_umodsi3.o)
 .debug_aranges
                0x00000060       0x20 /cygdrive/C/Cygwin/GNUARM/bin/../lib/gcc/arm-elf/4.0.2/thumb/interwork/libgcc.a(_modsi3.o)
 .debug_aranges
                0x00000080       0x20 /cygdrive/C/Cygwin/GNUARM/bin/../lib/gcc/arm-elf/4.0.2/thumb/interwork/libgcc.a(_dvmd_tls.o)
 .debug_aranges
                0x000000a0       0x20 /cygdrive/C/Cygwin/GNUARM/bin/../lib/gcc/arm-elf/4.0.2/thumb/interwork/libgcc.a(_addsubdf3.o)
 .debug_aranges
                0x000000c0       0x20 /cygdrive/C/Cygwin/GNUARM/bin/../lib/gcc/arm-elf/4.0.2/thumb/interwork/libgcc.a(_muldivdf3.o)
 .debug_aranges
                0x000000e0       0x20 /cygdrive/C/Cygwin/GNUARM/bin/../lib/gcc/arm-elf/4.0.2/thumb/interwork/libgcc.a(_cmpdf2.o)
 .debug_aranges
                0x00000100       0x20 /cygdrive/C/Cygwin/GNUARM/bin/../lib/gcc/arm-elf/4.0.2/thumb/interwork/libgcc.a(_muldi3.o)
 .debug_aranges
                0x00000120       0x20 /cygdrive/C/Cygwin/GNUARM/bin/../lib/gcc/arm-elf/4.0.2/thumb/interwork/libgcc.a(_divdi3.o)
 .debug_aranges
                0x00000140       0x20 /cygdrive/C/Cygwin/GNUARM/bin/../lib/gcc/arm-elf/4.0.2/../../../../arm-elf/lib/thumb/interwork/libc.a(malloc.o)
 .debug_aranges
                0x00000160       0x20 /cygdrive/C/Cygwin/GNUARM/bin/../lib/gcc/arm-elf/4.0.2/../../../../arm-elf/lib/thumb/interwork/libc.a(mallocr.o)
 .debug_aranges
                0x00000180       0x20 /cygdrive/C/Cygwin/GNUARM/bin/../lib/gcc/arm-elf/4.0.2/../../../../arm-elf/lib/thumb/interwork/libc.a(memcpy.o)
 .debug_aranges
                0x000001a0       0x20 /cygdrive/C/Cygwin/GNUARM/bin/../lib/gcc/arm-elf/4.0.2/../../../../arm-elf/lib/thumb/interwork/libc.a(memset.o)
 .debug_aranges
                0x000001c0       0x20 /cygdrive/C/Cygwin/GNUARM/bin/../lib/gcc/arm-elf/4.0.2/../../../../arm-elf/lib/thumb/interwork/libc.a(mlock.o)
 .debug_aranges
                0x000001e0       0x20 /cygdrive/C/Cygwin/GNUARM/bin/../lib/gcc/arm-elf/4.0.2/../../../../arm-elf/lib/thumb/interwork/libc.a(strcmp.o)
 .debug_aranges
                0x00000200       0x20 /cygdrive/C/Cygwin/GNUARM/bin/../lib/gcc/arm-elf/4.0.2/../../../../arm-elf/lib/thumb/interwork/libc.a(strcpy.o)
 .debug_aranges
                0x00000220       0x20 /cygdrive/C/Cygwin/GNUARM/bin/../lib/gcc/arm-elf/4.0.2/../../../../arm-elf/lib/thumb/interwork/libc.a(strlen.o)
 .debug_aranges
                0x00000240       0x20 /cygdrive/C/Cygwin/GNUARM/bin/../lib/gcc/arm-elf/4.0.2/../../../../arm-elf/lib/thumb/interwork/libc.a(strncpy.o)
 .debug_aranges
                0x00000260       0x20 /cygdrive/C/Cygwin/GNUARM/bin/../lib/gcc/arm-elf/4.0.2/../../../../arm-elf/lib/thumb/interwork/libc.a(freer.o)

.debug_frame    0x00000000      0x280
 .debug_frame   0x00000000       0x38 /cygdrive/C/Cygwin/GNUARM/bin/../lib/gcc/arm-elf/4.0.2/thumb/interwork/libgcc.a(_muldi3.o)
 .debug_frame   0x00000038       0x3c /cygdrive/C/Cygwin/GNUARM/bin/../lib/gcc/arm-elf/4.0.2/thumb/interwork/libgcc.a(_divdi3.o)
 .debug_frame   0x00000074       0x40 /cygdrive/C/Cygwin/GNUARM/bin/../lib/gcc/arm-elf/4.0.2/../../../../arm-elf/lib/thumb/interwork/libc.a(malloc.o)
 .debug_frame   0x000000b4       0x3c /cygdrive/C/Cygwin/GNUARM/bin/../lib/gcc/arm-elf/4.0.2/../../../../arm-elf/lib/thumb/interwork/libc.a(mallocr.o)
 .debug_frame   0x000000f0       0x2c /cygdrive/C/Cygwin/GNUARM/bin/../lib/gcc/arm-elf/4.0.2/../../../../arm-elf/lib/thumb/interwork/libc.a(memcpy.o)
 .debug_frame   0x0000011c       0x2c /cygdrive/C/Cygwin/GNUARM/bin/../lib/gcc/arm-elf/4.0.2/../../../../arm-elf/lib/thumb/interwork/libc.a(memset.o)
 .debug_frame   0x00000148       0x30 /cygdrive/C/Cygwin/GNUARM/bin/../lib/gcc/arm-elf/4.0.2/../../../../arm-elf/lib/thumb/interwork/libc.a(mlock.o)
 .debug_frame   0x00000178       0x2c /cygdrive/C/Cygwin/GNUARM/bin/../lib/gcc/arm-elf/4.0.2/../../../../arm-elf/lib/thumb/interwork/libc.a(strcmp.o)
 .debug_frame   0x000001a4       0x2c /cygdrive/C/Cygwin/GNUARM/bin/../lib/gcc/arm-elf/4.0.2/../../../../arm-elf/lib/thumb/interwork/libc.a(strcpy.o)
 .debug_frame   0x000001d0       0x2c /cygdrive/C/Cygwin/GNUARM/bin/../lib/gcc/arm-elf/4.0.2/../../../../arm-elf/lib/thumb/interwork/libc.a(strlen.o)
 .debug_frame   0x000001fc       0x30 /cygdrive/C/Cygwin/GNUARM/bin/../lib/gcc/arm-elf/4.0.2/../../../../arm-elf/lib/thumb/interwork/libc.a(strncpy.o)
 .debug_frame   0x0000022c       0x54 /cygdrive/C/Cygwin/GNUARM/bin/../lib/gcc/arm-elf/4.0.2/../../../../arm-elf/lib/thumb/interwork/libc.a(freer.o)

.debug_loc      0x00000000     0x22c4
 .debug_loc     0x00000000      0x156 /cygdrive/C/Cygwin/GNUARM/bin/../lib/gcc/arm-elf/4.0.2/thumb/interwork/libgcc.a(_muldi3.o)
 .debug_loc     0x00000156      0xd45 /cygdrive/C/Cygwin/GNUARM/bin/../lib/gcc/arm-elf/4.0.2/thumb/interwork/libgcc.a(_divdi3.o)
 .debug_loc     0x00000e9b       0x3c /cygdrive/C/Cygwin/GNUARM/bin/../lib/gcc/arm-elf/4.0.2/../../../../arm-elf/lib/thumb/interwork/libc.a(malloc.o)
 .debug_loc     0x00000ed7      0xaf9 /cygdrive/C/Cygwin/GNUARM/bin/../lib/gcc/arm-elf/4.0.2/../../../../arm-elf/lib/thumb/interwork/libc.a(mallocr.o)
 .debug_loc     0x000019d0      0x127 /cygdrive/C/Cygwin/GNUARM/bin/../lib/gcc/arm-elf/4.0.2/../../../../arm-elf/lib/thumb/interwork/libc.a(memcpy.o)
 .debug_loc     0x00001af7      0x12a /cygdrive/C/Cygwin/GNUARM/bin/../lib/gcc/arm-elf/4.0.2/../../../../arm-elf/lib/thumb/interwork/libc.a(memset.o)
 .debug_loc     0x00001c21       0x8e /cygdrive/C/Cygwin/GNUARM/bin/../lib/gcc/arm-elf/4.0.2/../../../../arm-elf/lib/thumb/interwork/libc.a(strcmp.o)
 .debug_loc     0x00001caf       0xb4 /cygdrive/C/Cygwin/GNUARM/bin/../lib/gcc/arm-elf/4.0.2/../../../../arm-elf/lib/thumb/interwork/libc.a(strcpy.o)
 .debug_loc     0x00001d63       0x3c /cygdrive/C/Cygwin/GNUARM/bin/../lib/gcc/arm-elf/4.0.2/../../../../arm-elf/lib/thumb/interwork/libc.a(strlen.o)
 .debug_loc     0x00001d9f      0x156 /cygdrive/C/Cygwin/GNUARM/bin/../lib/gcc/arm-elf/4.0.2/../../../../arm-elf/lib/thumb/interwork/libc.a(strncpy.o)
 .debug_loc     0x00001ef5      0x3cf /cygdrive/C/Cygwin/GNUARM/bin/../lib/gcc/arm-elf/4.0.2/../../../../arm-elf/lib/thumb/interwork/libc.a(freer.o)

.debug_pubnames
                0x00000000      0x2a3
 .debug_pubnames
                0x00000000       0x1f /cygdrive/C/Cygwin/GNUARM/bin/../lib/gcc/arm-elf/4.0.2/thumb/interwork/libgcc.a(_muldi3.o)
 .debug_pubnames
                0x0000001f       0x1f /cygdrive/C/Cygwin/GNUARM/bin/../lib/gcc/arm-elf/4.0.2/thumb/interwork/libgcc.a(_divdi3.o)
 .debug_pubnames
                0x0000003e       0x20 /cygdrive/C/Cygwin/GNUARM/bin/../lib/gcc/arm-elf/4.0.2/thumb/interwork/libgcc.a(_clz.o)
 .debug_pubnames
                0x0000005e       0x26 /cygdrive/C/Cygwin/GNUARM/bin/../lib/gcc/arm-elf/4.0.2/../../../../arm-elf/lib/thumb/interwork/libc.a(malloc.o)
 .debug_pubnames
                0x00000084       0xce /cygdrive/C/Cygwin/GNUARM/bin/../lib/gcc/arm-elf/4.0.2/../../../../arm-elf/lib/thumb/interwork/libc.a(mallocr.o)
 .debug_pubnames
                0x00000152       0x1d /cygdrive/C/Cygwin/GNUARM/bin/../lib/gcc/arm-elf/4.0.2/../../../../arm-elf/lib/thumb/interwork/libc.a(memcpy.o)
 .debug_pubnames
                0x0000016f       0x1d /cygdrive/C/Cygwin/GNUARM/bin/../lib/gcc/arm-elf/4.0.2/../../../../arm-elf/lib/thumb/interwork/libc.a(memset.o)
 .debug_pubnames
                0x0000018c       0x38 /cygdrive/C/Cygwin/GNUARM/bin/../lib/gcc/arm-elf/4.0.2/../../../../arm-elf/lib/thumb/interwork/libc.a(mlock.o)
 .debug_pubnames
                0x000001c4       0x1d /cygdrive/C/Cygwin/GNUARM/bin/../lib/gcc/arm-elf/4.0.2/../../../../arm-elf/lib/thumb/interwork/libc.a(strcmp.o)
 .debug_pubnames
                0x000001e1       0x1d /cygdrive/C/Cygwin/GNUARM/bin/../lib/gcc/arm-elf/4.0.2/../../../../arm-elf/lib/thumb/interwork/libc.a(strcpy.o)
 .debug_pubnames
                0x000001fe       0x1d /cygdrive/C/Cygwin/GNUARM/bin/../lib/gcc/arm-elf/4.0.2/../../../../arm-elf/lib/thumb/interwork/libc.a(strlen.o)
 .debug_pubnames
                0x0000021b       0x1e /cygdrive/C/Cygwin/GNUARM/bin/../lib/gcc/arm-elf/4.0.2/../../../../arm-elf/lib/thumb/interwork/libc.a(strncpy.o)
 .debug_pubnames
                0x00000239       0x31 /cygdrive/C/Cygwin/GNUARM/bin/../lib/gcc/arm-elf/4.0.2/../../../../arm-elf/lib/thumb/interwork/libc.a(freer.o)
 .debug_pubnames
                0x0000026a       0x39 /cygdrive/C/Cygwin/GNUARM/bin/../lib/gcc/arm-elf/4.0.2/../../../../arm-elf/lib/thumb/interwork/libc.a(impure.o)

.debug_ranges   0x00000000      0x210
 .debug_ranges  0x00000000       0x30 /cygdrive/C/Cygwin/GNUARM/bin/../lib/gcc/arm-elf/4.0.2/thumb/interwork/libgcc.a(_muldi3.o)
 .debug_ranges  0x00000030      0x1a8 /cygdrive/C/Cygwin/GNUARM/bin/../lib/gcc/arm-elf/4.0.2/thumb/interwork/libgcc.a(_divdi3.o)
 .debug_ranges  0x000001d8       0x38 /cygdrive/C/Cygwin/GNUARM/bin/../lib/gcc/arm-elf/4.0.2/../../../../arm-elf/lib/thumb/interwork/libc.a(mallocr.o)

.debug_str      0x00000000      0xadf
 .debug_str     0x00000000       0xfb /cygdrive/C/Cygwin/GNUARM/bin/../lib/gcc/arm-elf/4.0.2/thumb/interwork/libgcc.a(_muldi3.o)
                                0x14f (size before relaxing)
 .debug_str     0x000000fb       0x5d /cygdrive/C/Cygwin/GNUARM/bin/../lib/gcc/arm-elf/4.0.2/thumb/interwork/libgcc.a(_divdi3.o)
                                0x1a3 (size before relaxing)
 .debug_str     0x00000158        0x0 /cygdrive/C/Cygwin/GNUARM/bin/../lib/gcc/arm-elf/4.0.2/thumb/interwork/libgcc.a(_clz.o)
                                0x104 (size before relaxing)
 .debug_str     0x00000158      0x40d /cygdrive/C/Cygwin/GNUARM/bin/../lib/gcc/arm-elf/4.0.2/../../../../arm-elf/lib/thumb/interwork/libc.a(malloc.o)
                                0x4c7 (size before relaxing)
 .debug_str     0x00000565      0x20c /cygdrive/C/Cygwin/GNUARM/bin/../lib/gcc/arm-elf/4.0.2/../../../../arm-elf/lib/thumb/interwork/libc.a(mallocr.o)
                                0x6a8 (size before relaxing)
 .debug_str     0x00000771       0xac /cygdrive/C/Cygwin/GNUARM/bin/../lib/gcc/arm-elf/4.0.2/../../../../arm-elf/lib/thumb/interwork/libc.a(memcpy.o)
                                 0xdf (size before relaxing)
 .debug_str     0x0000081d       0x5a /cygdrive/C/Cygwin/GNUARM/bin/../lib/gcc/arm-elf/4.0.2/../../../../arm-elf/lib/thumb/interwork/libc.a(memset.o)
                                0x129 (size before relaxing)
 .debug_str     0x00000877       0x71 /cygdrive/C/Cygwin/GNUARM/bin/../lib/gcc/arm-elf/4.0.2/../../../../arm-elf/lib/thumb/interwork/libc.a(mlock.o)
                                0x4ce (size before relaxing)
 .debug_str     0x000008e8       0x46 /cygdrive/C/Cygwin/GNUARM/bin/../lib/gcc/arm-elf/4.0.2/../../../../arm-elf/lib/thumb/interwork/libc.a(strcmp.o)
                                0x10e (size before relaxing)
 .debug_str     0x0000092e       0x46 /cygdrive/C/Cygwin/GNUARM/bin/../lib/gcc/arm-elf/4.0.2/../../../../arm-elf/lib/thumb/interwork/libc.a(strcpy.o)
                                0x130 (size before relaxing)
 .debug_str     0x00000974       0x4c /cygdrive/C/Cygwin/GNUARM/bin/../lib/gcc/arm-elf/4.0.2/../../../../arm-elf/lib/thumb/interwork/libc.a(strlen.o)
                                0x128 (size before relaxing)
 .debug_str     0x000009c0       0x48 /cygdrive/C/Cygwin/GNUARM/bin/../lib/gcc/arm-elf/4.0.2/../../../../arm-elf/lib/thumb/interwork/libc.a(strncpy.o)
                                0x13f (size before relaxing)
 .debug_str     0x00000a08       0x3c /cygdrive/C/Cygwin/GNUARM/bin/../lib/gcc/arm-elf/4.0.2/../../../../arm-elf/lib/thumb/interwork/libc.a(freer.o)
                                0x5fa (size before relaxing)
 .debug_str     0x00000a44       0x9b /cygdrive/C/Cygwin/GNUARM/bin/../lib/gcc/arm-elf/4.0.2/../../../../arm-elf/lib/thumb/interwork/libc.a(impure.o)
                                0x4c5 (size before relaxing)

Cross Reference Table

Symbol                                            File
ActivateTask                                      build/kernel/task_manage.o
AssertDeviceConstructor                           build/rtoscalls.o
                                                  ../../ecrobot/../ecrobot/libecrobot++.a(Motor.o)
                                                  ../../ecrobot/../ecrobot/libecrobot++.a(I2c.o)
                                                  ../../ecrobot/../ecrobot/libecrobot++.a(Bluetooth.o)
CancelAlarm                                       build/kernel/alarm.o
ChainTask                                         build/kernel/task_manage.o
ClearEvent                                        build/kernel/event.o
                                                  build/rtoscalls.o
DisableAllInterrupts                              build/kernel/interrupt.o
EnableAllInterrupts                               build/kernel/interrupt.o
ErrorHook                                         ../../ecrobot/../ecrobot/libecrobot.a(osek_hook.o)
                                                  build/kernel/osctl.o
EventSleep                                        build/./kernel_cfg.o
                                                  build/rtoscalls.o
EventSleepI2C                                     build/./kernel_cfg.o
                                                  build/rtoscalls.o
GetActiveApplicationMode                          build/kernel/osctl.o
GetAlarm                                          build/kernel/alarm.o
GetAlarmBase                                      build/kernel/alarm.o
GetEvent                                          build/kernel/event.o
GetResource                                       build/kernel/resource.o
GetTaskID                                         build/kernel/task_manage.o
                                                  build/rtoscalls.o
GetTaskState                                      build/kernel/task_manage.o
NXT_COLORSENSOR_PROTOCOLS                         ../../ecrobot/../ecrobot/libecrobot.a(ecrobot_interface.o)
NXT_Entry_Point                                   build/nxt_entry_point.o
                                                  build/nxt_binary_header.o
PostTaskHook                                      ../../ecrobot/../ecrobot/libecrobot.a(osek_hook.o)
                                                  build/config/at91sam7s-gnu/cpu_support.oram
                                                  build/kernel/osctl.o
PreTaskHook                                       ../../ecrobot/../ecrobot/libecrobot.a(osek_hook.o)
                                                  build/config/at91sam7s-gnu/cpu_support.oram
                                                  build/kernel/osctl.o
ReleaseResource                                   build/kernel/resource.o
ResumeAllInterrupts                               build/kernel/interrupt.o
ResumeOSInterrupts                                build/kernel/interrupt.o
Schedule                                          build/kernel/task_manage.o
SetAbsAlarm                                       build/kernel/alarm.o
SetEvent                                          build/kernel/event.o
                                                  build/rtoscalls.o
SetRelAlarm                                       build/kernel/alarm.o
ShutdownHook                                      ../../ecrobot/../ecrobot/libecrobot.a(osek_hook.o)
                                                  build/kernel/osctl.o
ShutdownOS                                        build/kernel/osctl.o
SignalCounter                                     build/kernel/alarm.o
Sleep                                             build/rtoscalls.o
                                                  ../../ecrobot/../ecrobot/libecrobot++.a(Clock.o)
SleepI2C                                          build/rtoscalls.o
                                                  ../../ecrobot/../ecrobot/libecrobot++.a(I2c.o)
SleeperMonitor                                    build/rtoscalls.o
                                                  build/esteira.o
StartOS                                           build/kernel/osctl.o
                                                  build/ecrobot.o
StartupHook                                       ../../ecrobot/../ecrobot/libecrobot.a(osek_hook.o)
                                                  build/kernel/osctl.o
SuspendAllInterrupts                              build/kernel/interrupt.o
SuspendOSInterrupts                               build/kernel/interrupt.o
TaskMain                                          build/./kernel_cfg.o
TaskMainTaskMain                                  build/esteira.o
                                                  build/./kernel_cfg.o
TerminateTask                                     build/kernel/task_manage.o
WaitEvent                                         build/kernel/event.o
                                                  build/rtoscalls.o
____floatsidf_change_to_arm                       /cygdrive/C/Cygwin/GNUARM/bin/../lib/gcc/arm-elf/4.0.2/../../../../arm-elf/lib/thumb/interwork/libc.a(freer.o)
____floatsidf_from_thumb                          /cygdrive/C/Cygwin/GNUARM/bin/../lib/gcc/arm-elf/4.0.2/../../../../arm-elf/lib/thumb/interwork/libc.a(freer.o)
____gtdf2_change_to_arm                           /cygdrive/C/Cygwin/GNUARM/bin/../lib/gcc/arm-elf/4.0.2/../../../../arm-elf/lib/thumb/interwork/libc.a(freer.o)
____gtdf2_from_thumb                              /cygdrive/C/Cygwin/GNUARM/bin/../lib/gcc/arm-elf/4.0.2/../../../../arm-elf/lib/thumb/interwork/libc.a(freer.o)
____muldf3_change_to_arm                          /cygdrive/C/Cygwin/GNUARM/bin/../lib/gcc/arm-elf/4.0.2/../../../../arm-elf/lib/thumb/interwork/libc.a(freer.o)
____muldf3_from_thumb                             /cygdrive/C/Cygwin/GNUARM/bin/../lib/gcc/arm-elf/4.0.2/../../../../arm-elf/lib/thumb/interwork/libc.a(freer.o)
__adddf3                                          /cygdrive/C/Cygwin/GNUARM/bin/../lib/gcc/arm-elf/4.0.2/thumb/interwork/libgcc.a(_addsubdf3.o)
__aeabi_cdcmpeq                                   /cygdrive/C/Cygwin/GNUARM/bin/../lib/gcc/arm-elf/4.0.2/thumb/interwork/libgcc.a(_cmpdf2.o)
__aeabi_cdcmple                                   /cygdrive/C/Cygwin/GNUARM/bin/../lib/gcc/arm-elf/4.0.2/thumb/interwork/libgcc.a(_cmpdf2.o)
__aeabi_cdrcmple                                  /cygdrive/C/Cygwin/GNUARM/bin/../lib/gcc/arm-elf/4.0.2/thumb/interwork/libgcc.a(_cmpdf2.o)
__aeabi_dadd                                      /cygdrive/C/Cygwin/GNUARM/bin/../lib/gcc/arm-elf/4.0.2/thumb/interwork/libgcc.a(_addsubdf3.o)
__aeabi_dcmpeq                                    /cygdrive/C/Cygwin/GNUARM/bin/../lib/gcc/arm-elf/4.0.2/thumb/interwork/libgcc.a(_cmpdf2.o)
__aeabi_dcmpge                                    /cygdrive/C/Cygwin/GNUARM/bin/../lib/gcc/arm-elf/4.0.2/thumb/interwork/libgcc.a(_cmpdf2.o)
__aeabi_dcmpgt                                    /cygdrive/C/Cygwin/GNUARM/bin/../lib/gcc/arm-elf/4.0.2/thumb/interwork/libgcc.a(_cmpdf2.o)
__aeabi_dcmple                                    /cygdrive/C/Cygwin/GNUARM/bin/../lib/gcc/arm-elf/4.0.2/thumb/interwork/libgcc.a(_cmpdf2.o)