Archive member included because of file (symbol)

../../ecrobot/../ecrobot/libecrobot++.a(Bluetooth.o)
                              build/braco.o (_ZN7ecrobot9BluetoothC1Ev)
../../ecrobot/../ecrobot/libecrobot++.a(Clock.o)
                              build/braco.o (_ZN7ecrobot5ClockC1Ev)
../../ecrobot/../ecrobot/libecrobot++.a(Lcd.o)
                              build/braco.o (_ZN7ecrobot3LcdC1Ev)
../../ecrobot/../ecrobot/libecrobot++.a(Motor.o)
                              build/braco.o (_ZN7ecrobot5MotorC1E6ePortMb)
../../ecrobot/../ecrobot/libecrobot++.a(Nxt.o)
                              build/braco.o (_ZN7ecrobot3NxtC1Ev)
../../ecrobot/../ecrobot/libecrobot++.a(TouchSensor.o)
                              build/braco.o (_ZN7ecrobot11TouchSensorC1E6ePortS)
../../ecrobot/../ecrobot/libecrobot++.a(BTConnection.o)
                              build/braco.o (_ZN7ecrobot12BTConnection7connectEPKcS2_)
../../ecrobot/../ecrobot/libecrobot++.a(New.o)
                              build/braco.o (_ZdlPv)
../../ecrobot/../ecrobot/libecrobot.a(ecrobot_device_hook.o)
                              build/ecrobot.o (ecrobot_device_initialize)
../../ecrobot/../ecrobot/libecrobot.a(ecrobot_interface.o)
                              build/ecrobot_base.o (ecrobot_get_battery_voltage)
../../ecrobot/../ecrobot/libecrobot.a(colorsensor.o)
                              ../../ecrobot/../ecrobot/libecrobot.a(ecrobot_interface.o) (colorsensor_init)
../../ecrobot/../ecrobot/libecrobot.a(osek_hook.o)
                              build/kernel/osctl.o (StartupHook)
../../ecrobot/../ecrobot/libecrobot.a(uart.oram)
                              build/config/at91sam7s-gnu/irq.oram (uart_isr_C_0)
../../ecrobot/../ecrobot/libecrobot.a(systick.oram)
                              build/syslib/at91sam7s-gnu/lego_nxt/hw_sys_timer.oram (systick_low_priority_C)
../../ecrobot/../ecrobot/libecrobot.a(byte_fifo.oram)
                              ../../ecrobot/../ecrobot/libecrobot.a(uart.oram) (byte_fifo_put)
../../ecrobot/../ecrobot/libecrobot.a(aic.oram)
                              ../../ecrobot/../ecrobot/libecrobot.a(uart.oram) (aic_set_vector)
../../ecrobot/../ecrobot/libecrobot.a(udp.oram)
                              build/config/at91sam7s-gnu/irq.oram (udp_isr_C)
../../ecrobot/../ecrobot/libecrobot.a(twi.oram)
                              build/config/at91sam7s-gnu/irq.oram (twi_isr_C)
../../ecrobot/../ecrobot/libecrobot.a(nxt_spi.oram)
                              build/config/at91sam7s-gnu/irq.oram (spi_isr_C)
../../ecrobot/../ecrobot/libecrobot.a(nxt_motors.oram)
                              build/braco.o (nxt_motor_get_count)
../../ecrobot/../ecrobot/libecrobot.a(data_abort.oram)
                              build/ecrobot_init.o (data_abort_C)
../../ecrobot/../ecrobot/libecrobot.a(display.oram)
                              build/rtoscalls.o (display_update)
../../ecrobot/../ecrobot/libecrobot.a(i2c.oram)
                              build/config/at91sam7s-gnu/irq.oram (i2c_timer_isr_C)
../../ecrobot/../ecrobot/libecrobot.a(sound.oram)
                              ../../ecrobot/../ecrobot/libecrobot.a(ecrobot_interface.o) (sound_get_time)
../../ecrobot/../ecrobot/libecrobot.a(bt.oram)
                              build/ecrobot_bluetooth.o (bt_send)
../../ecrobot/../ecrobot/libecrobot.a(nxt_avr.oram)
                              build/ecrobot_base.o (nxt_avr_power_down)
../../ecrobot/../ecrobot/libecrobot.a(sensors.oram)
                              ../../ecrobot/../ecrobot/libecrobot.a(ecrobot_interface.o) (unset_digi0)
../../ecrobot/../ecrobot/libecrobot.a(sensors1.oram)
                              ../../ecrobot/../ecrobot/libecrobot.a(colorsensor.o) (sensor_pins)
../../ecrobot/../ecrobot/libecrobot.a(nxt_lcd.oram)
                              ../../ecrobot/../ecrobot/libecrobot.a(display.oram) (nxt_lcd_force_update)
../../ecrobot/../ecrobot/libecrobot.a(flash_loader.oram)
                              build/ecrobot.o (set_flash_request)
../../ecrobot/../ecrobot/libecrobot.a(interrupts.oram)
                              ../../ecrobot/../ecrobot/libecrobot.a(uart.oram) (interrupts_get_and_disable)
../../ecrobot/../ecrobot/libecrobot.a(nxtosek_splash.obmp)
                              build/ecrobot_base.o (nxtosek_splash_bmp_start)
../../ecrobot/../ecrobot/libecrobot.a(ecrobot_usb.o)
                              ../../ecrobot/../ecrobot/libecrobot.a(flash_loader.oram) (ecrobot_init_usb)
../../ecrobot/../ecrobot/libecrobot.a(flashprog.oram)
                              ../../ecrobot/../ecrobot/libecrobot.a(flash_loader.oram) (flash_write_page)
/cygdrive/C/Cygwin/GNUARM/bin/../lib/gcc/arm-elf/4.0.2/thumb/interwork/libgcc.a(_udivsi3.o)
                              build/ecrobot_base.o (__udivsi3)
/cygdrive/C/Cygwin/GNUARM/bin/../lib/gcc/arm-elf/4.0.2/thumb/interwork/libgcc.a(_divsi3.o)
                              ../../ecrobot/../ecrobot/libecrobot.a(uart.oram) (__divsi3)
[...]
Memory Configuration

Name             Origin             Length             Attributes
header_ram       0x001ffff0         0x00000010
vector_ram       0x00200000         0x00000040
ram              0x00200040         0x0000ffc0
*default*        0x00000000         0xffffffff

Linker script and memory map

LOAD build/kernel/alarm.o
LOAD build/kernel/event.o
LOAD build/kernel/interrupt.o
LOAD build/kernel/osctl.o
LOAD build/kernel/resource.o
LOAD build/kernel/task.o
LOAD build/kernel/task_manage.o
LOAD build/config/at91sam7s-gnu/cpu_config.o
LOAD build/config/at91sam7s-gnu/lego_nxt/sys_config.o
LOAD build/./kernel_cfg.o
LOAD build/rtoscalls.o
LOAD build/syscalls.o
LOAD build/ecrobot_bluetooth.o
LOAD build/ecrobot_base.o
LOAD build/ecrobot.o
LOAD build/syslib/at91sam7s-gnu/lego_nxt/hw_sys_timer.oram
LOAD build/braco.o
LOAD build/nxtvm/platform/nxt/vectors.o
LOAD build/config/at91sam7s-gnu/debug.o
LOAD build/config/at91sam7s-gnu/lego_nxt/sys_support.o
LOAD build/nxt_binary_header.o
LOAD build/nxt_entry_point.o
LOAD build/ecrobot_init.o
LOAD build/config/at91sam7s-gnu/cpu_support.oram
LOAD build/config/at91sam7s-gnu/irq.oram
LOAD ../../ecrobot/../ecrobot/libecrobot++.a
LOAD ../../ecrobot/../ecrobot/libecrobot.a
LOAD /cygdrive/C/Cygwin/GNUARM/bin/../lib/gcc/arm-elf/4.0.2/../../../../arm-elf/lib/thumb/interwork/libstdc++.a
LOAD /cygdrive/C/Cygwin/GNUARM/bin/../lib/gcc/arm-elf/4.0.2/../../../../arm-elf/lib/thumb/interwork/libm.a
LOAD /cygdrive/C/Cygwin/GNUARM/bin/../lib/gcc/arm-elf/4.0.2/thumb/interwork/libgcc.a
LOAD /cygdrive/C/Cygwin/GNUARM/bin/../lib/gcc/arm-elf/4.0.2/../../../../arm-elf/lib/thumb/interwork/libc.a
LOAD /cygdrive/C/Cygwin/GNUARM/bin/../lib/gcc/arm-elf/4.0.2/thumb/interwork/libgcc.a
                0x00200000                RAM_BASE = 0x200000
                0x00010000                RAM_SIZE = 0x10000

.header         0x001ffff0       0x10
 *nxt_binary_header.o(*.text *.text.*)
 .text          0x001ffff0       0x10 build/nxt_binary_header.o
                0x00200000                . = ALIGN (0x10)

.vectors        0x00200000       0x40
 vectors.o(*.text *.text.*)
 .text          0x00200000       0x38 build/nxtvm/platform/nxt/vectors.o
                0x00200040                . = ALIGN (0x10)
 *fill*         0x00200038        0x8 00
                0x00200000                __vectors_ram_start__ = ADDR (.vectors)
                0x00200040                __vectors_ram_end__ = (ADDR (.vectors) + SIZEOF (.vectors))
                0x00200000                __vectors_load_start__ = LOADADDR (.vectors)
                0x00200040                __vectors_load_end__ = (LOADADDR (.vectors) + SIZEOF (.vectors))

.entry          0x00200040       0x40
 *nxt_entry_point.o(*.text *.text.*)
 .text          0x00200040       0x38 build/nxt_entry_point.o
                0x00200040                NXT_Entry_Point
                0x00200080                . = ALIGN (0x10)
 *fill*         0x00200078        0x8 00

.init           0x00200080      0x280
 *ecrobot_init.o(*.text *.text.*)
 .text          0x00200080      0x280 build/ecrobot_init.o
                0x002001ec                undef_handler
                0x002001f4                prefetch_abort_handler
                0x002001f8                data_abort_handler
                0x002001f0                swi_handler
                0x00200080                start
                0x00200214                reserved_handler
                0x00200300                . = ALIGN (0x10)

.ram_text       0x00200300     0x32d0
                0x00200300                . = ALIGN (0x10)
 *.oram(*.text *.text.* *.glue*)
 .text.systick_isr_C1
                0x00200300       0x28 build/syslib/at91sam7s-gnu/lego_nxt/hw_sys_timer.oram
                0x00200300                systick_isr_C1
 *fill*         0x00200328        0x8 00
 .text          0x00200330      0x230 build/config/at91sam7s-gnu/cpu_support.oram
                0x00200510                enable_int
                0x002003b0                start_dispatch
                0x00200370                activate_r
                0x00200508                disable_int
                0x00200330                dispatch
                0x002004dc                int_return
                0x0020046c                _interrupt
                0x002003a0                exit_and_dispatch
                0x00200518                nop
 .text          0x00200560      0x2c0 build/config/at91sam7s-gnu/irq.oram
                0x00200560                default_isr
                0x002006ec                uart_isr_entry_0
                0x0020066c                twi_isr_entry
                0x0020072c                uart_isr_entry_1
                0x0020062c                spi_isr_entry
                0x002005ac                systick_low_priority_entry
                0x0020076c                nxt_motor_isr_entry
                0x002007ac                i2c_timer_isr_entry
                0x00200560                default_fiq
                0x00200564                systick_isr_entry
                0x00200560                spurious_isr
                0x002006ac                sound_isr_entry
                0x002005ec                udp_isr_entry
 .text.uart_process_isr
                0x00200820       0x88 ../../ecrobot/../ecrobot/libecrobot.a(uart.oram)
 .text.uart_isr_C_0
                0x002008a8        0xc ../../ecrobot/../ecrobot/libecrobot.a(uart.oram)
                0x002008a8                uart_isr_C_0
 .text.uart_isr_C_1
                0x002008b4        0xc ../../ecrobot/../ecrobot/libecrobot.a(uart.oram)
                0x002008b4                uart_isr_C_1
 .text.systick_low_priority_C
                0x002008c0       0x1c ../../ecrobot/../ecrobot/libecrobot.a(systick.oram)
                0x002008c0                systick_low_priority_C
 .text.systick_isr_C
                0x002008dc       0x24 ../../ecrobot/../ecrobot/libecrobot.a(systick.oram)
                0x002008dc                systick_isr_C
 .text.systick_get_ms
                0x00200900        0xc ../../ecrobot/../ecrobot/libecrobot.a(systick.oram)
                0x00200900                systick_get_ms
 .text.systick_wait_ms
                0x0020090c       0x1c ../../ecrobot/../ecrobot/libecrobot.a(systick.oram)
                0x0020090c                systick_wait_ms
 .text.systick_wait_ns
                0x00200928       0x1c ../../ecrobot/../ecrobot/libecrobot.a(systick.oram)
                0x00200928                systick_wait_ns
 .text.systick_init
                0x00200944       0x58 ../../ecrobot/../ecrobot/libecrobot.a(systick.oram)
                0x00200944                systick_init
 .text.systick_suspend
                0x0020099c        0xc ../../ecrobot/../ecrobot/libecrobot.a(systick.oram)
                0x0020099c                systick_suspend
 .text.systick_resume
                0x002009a8        0xc ../../ecrobot/../ecrobot/libecrobot.a(systick.oram)
                0x002009a8                systick_resume
 .text.byte_fifo_put
                0x002009b4       0x58 ../../ecrobot/../ecrobot/libecrobot.a(byte_fifo.oram)
                0x002009b4                byte_fifo_put
 .text.byte_fifo_get
                0x00200a0c       0x2c ../../ecrobot/../ecrobot/libecrobot.a(byte_fifo.oram)
                0x00200a0c                byte_fifo_get
 .text.aic_initialise
                0x00200a38       0x5c ../../ecrobot/../ecrobot/libecrobot.a(aic.oram)
                0x00200a38                aic_initialise
 .text.aic_set_vector
                0x00200a94       0x30 ../../ecrobot/../ecrobot/libecrobot.a(aic.oram)
                0x00200a94                aic_set_vector
 .text.aic_mask_on
                0x00200ac4       0x24 ../../ecrobot/../ecrobot/libecrobot.a(aic.oram)
                0x00200ac4                aic_mask_on
 .text.aic_mask_off
                0x00200ae8       0x24 ../../ecrobot/../ecrobot/libecrobot.a(aic.oram)
                0x00200ae8                aic_mask_off
 .text.aic_clear
                0x00200b0c       0x24 ../../ecrobot/../ecrobot/libecrobot.a(aic.oram)
                0x00200b0c                aic_clear
 .text.reset    0x00200b30       0x4c ../../ecrobot/../ecrobot/libecrobot.a(udp.oram)
 .text.udp_send_null
                0x00200b7c       0x2c ../../ecrobot/../ecrobot/libecrobot.a(udp.oram)
 .text.udp_send_stall
                0x00200ba8       0x2c ../../ecrobot/../ecrobot/libecrobot.a(udp.oram)
 .text.udp_send_control
                0x00200bd4       0x60 ../../ecrobot/../ecrobot/libecrobot.a(udp.oram)
 .text.udp_isr_C
                0x00200c34      0x7d0 ../../ecrobot/../ecrobot/libecrobot.a(udp.oram)
                0x00200c34                udp_isr_C
 .text.twi_status
                0x00201404       0x20 ../../ecrobot/../ecrobot/libecrobot.a(twi.oram)
                0x00201404                twi_status
 .text.twi_isr_C
                0x00201424       0xc4 ../../ecrobot/../ecrobot/libecrobot.a(twi.oram)
                0x00201424                twi_isr_C
 .text.twi_reset
                0x002014e8       0xb4 ../../ecrobot/../ecrobot/libecrobot.a(twi.oram)
                0x002014e8                twi_reset
 .text.twi_init
                0x0020159c       0x4c ../../ecrobot/../ecrobot/libecrobot.a(twi.oram)
                0x0020159c                twi_init
 .text.twi_start_read
                0x002015e8       0x60 ../../ecrobot/../ecrobot/libecrobot.a(twi.oram)
                0x002015e8                twi_start_read
 .text.twi_start_write
                0x00201648       0x64 ../../ecrobot/../ecrobot/libecrobot.a(twi.oram)
                0x00201648                twi_start_write
 .text.spi_set_mode
                0x002016ac       0x40 ../../ecrobot/../ecrobot/libecrobot.a(nxt_spi.oram)
 .text.spi_isr_C
                0x002016ec       0x8c ../../ecrobot/../ecrobot/libecrobot.a(nxt_spi.oram)
                0x002016ec                spi_isr_C
 .text.nxt_spi_init
                0x00201778      0x12c ../../ecrobot/../ecrobot/libecrobot.a(nxt_spi.oram)
                0x00201778                nxt_spi_init
 .text.nxt_spi_write
                0x002018a4       0x44 ../../ecrobot/../ecrobot/libecrobot.a(nxt_spi.oram)
                0x002018a4                nxt_spi_write
 .text.nxt_spi_set_display
                0x002018e8       0x10 ../../ecrobot/../ecrobot/libecrobot.a(nxt_spi.oram)
                0x002018e8                nxt_spi_set_display
 .text.nxt_spi_refresh
                0x002018f8       0x24 ../../ecrobot/../ecrobot/libecrobot.a(nxt_spi.oram)
                0x002018f8                nxt_spi_refresh
 .text.nxt_motor_get_count
                0x0020191c       0x14 ../../ecrobot/../ecrobot/libecrobot.a(nxt_motors.oram)
                0x0020191c                nxt_motor_get_count
 .text.nxt_motor_set_count
                0x00201930       0x10 ../../ecrobot/../ecrobot/libecrobot.a(nxt_motors.oram)
                0x00201930                nxt_motor_set_count
 .text.nxt_motor_set_speed
                0x00201940       0x34 ../../ecrobot/../ecrobot/libecrobot.a(nxt_motors.oram)
                0x00201940                nxt_motor_set_speed
 .text.nxt_motor_1kHz_process
                0x00201974       0x28 ../../ecrobot/../ecrobot/libecrobot.a(nxt_motors.oram)
                0x00201974                nxt_motor_1kHz_process
 .text.nxt_motor_quad_decode
                0x0020199c       0x30 ../../ecrobot/../ecrobot/libecrobot.a(nxt_motors.oram)
                0x0020199c                nxt_motor_quad_decode
 .text.nxt_motor_isr_C
                0x002019cc       0x88 ../../ecrobot/../ecrobot/libecrobot.a(nxt_motors.oram)
                0x002019cc                nxt_motor_isr_C
 .text.nxt_motor_init
                0x00201a54       0x68 ../../ecrobot/../ecrobot/libecrobot.a(nxt_motors.oram)
                0x00201a54                nxt_motor_init
 .text.data_abort_C
                0x00201abc       0x7c ../../ecrobot/../ecrobot/libecrobot.a(data_abort.oram)
                0x00201abc                data_abort_C
 .text.display_update
                0x00201b38       0x14 ../../ecrobot/../ecrobot/libecrobot.a(display.oram)
                0x00201b38                display_update
 .text.display_force_update
                0x00201b4c        0xc ../../ecrobot/../ecrobot/libecrobot.a(display.oram)
                0x00201b4c                display_force_update
 .text.display_clear
                0x00201b58       0x24 ../../ecrobot/../ecrobot/libecrobot.a(display.oram)
                0x00201b58                display_clear
 .text.display_goto_xy
                0x00201b7c       0x14 ../../ecrobot/../ecrobot/libecrobot.a(display.oram)
                0x00201b7c                display_goto_xy
 .text.display_char
                0x00201b90       0x60 ../../ecrobot/../ecrobot/libecrobot.a(display.oram)
                0x00201b90                display_char
 .text.display_string
                0x00201bf0       0x3c ../../ecrobot/../ecrobot/libecrobot.a(display.oram)
                0x00201bf0                display_string
 .text.display_hex
                0x00201c2c       0x50 ../../ecrobot/../ecrobot/libecrobot.a(display.oram)
                0x00201c2c                display_hex
 .text.display_unsigned_worker
                0x00201c7c       0x70 ../../ecrobot/../ecrobot/libecrobot.a(display.oram)
 .text.display_unsigned
                0x00201cec        0xc ../../ecrobot/../ecrobot/libecrobot.a(display.oram)
                0x00201cec                display_unsigned
 .text.display_int
                0x00201cf8       0x14 ../../ecrobot/../ecrobot/libecrobot.a(display.oram)
                0x00201cf8                display_int
 .text.display_bitmap_copy
                0x00201d0c       0x5c ../../ecrobot/../ecrobot/libecrobot.a(display.oram)
                0x00201d0c                display_bitmap_copy
 .text.display_init
                0x00201d68       0x50 ../../ecrobot/../ecrobot/libecrobot.a(display.oram)
                0x00201d68                display_init
 .text.i2c_timer_isr_C
                0x00201db8      0x314 ../../ecrobot/../ecrobot/libecrobot.a(i2c.oram)
                0x00201db8                i2c_timer_isr_C
 .text.i2c_disable
                0x002020cc       0x20 ../../ecrobot/../ecrobot/libecrobot.a(i2c.oram)
                0x002020cc                i2c_disable
 .text.i2c_init
                0x002020ec       0xa4 ../../ecrobot/../ecrobot/libecrobot.a(i2c.oram)
                0x002020ec                i2c_init
 .text.i2c_busy
                0x00202190       0x24 ../../ecrobot/../ecrobot/libecrobot.a(i2c.oram)
                0x00202190                i2c_busy
 .text.sound_fill_sample_buffer
                0x002021b4       0xe4 ../../ecrobot/../ecrobot/libecrobot.a(sound.oram)
                0x002021b4                sound_fill_sample_buffer
 .text.sound_init
                0x00202298       0xa0 ../../ecrobot/../ecrobot/libecrobot.a(sound.oram)
                0x00202298                sound_init
 .text.sound_isr_C
                0x00202338      0x144 ../../ecrobot/../ecrobot/libecrobot.a(sound.oram)
                0x00202338                sound_isr_C
 .text.bt_init  0x0020247c      0x1c0 ../../ecrobot/../ecrobot/libecrobot.a(bt.oram)
                0x0020247c                bt_init
 .text.bt_send  0x0020263c       0x5c ../../ecrobot/../ecrobot/libecrobot.a(bt.oram)
                0x0020263c                bt_send
 .text.bt_write
                0x00202698       0x70 ../../ecrobot/../ecrobot/libecrobot.a(bt.oram)
                0x00202698                bt_write
 .text.bt_pending
                0x00202708       0x50 ../../ecrobot/../ecrobot/libecrobot.a(bt.oram)
                0x00202708                bt_pending
 .text.bt_clear_arm7_cmd
                0x00202758       0x10 ../../ecrobot/../ecrobot/libecrobot.a(bt.oram)
                0x00202758                bt_clear_arm7_cmd
 .text.bt_set_arm7_cmd
                0x00202768       0x10 ../../ecrobot/../ecrobot/libecrobot.a(bt.oram)
                0x00202768                bt_set_arm7_cmd
 .text.bt_receive
                0x00202778      0x160 ../../ecrobot/../ecrobot/libecrobot.a(bt.oram)
                0x00202778                bt_receive
 .text.bt_reset
                0x002028d8       0x84 ../../ecrobot/../ecrobot/libecrobot.a(bt.oram)
                0x002028d8                bt_reset
 .text.nxt_avr_power_down
                0x0020295c       0x10 ../../ecrobot/../ecrobot/libecrobot.a(nxt_avr.oram)
                0x0020295c                nxt_avr_power_down
 .text.nxt_avr_link_init
                0x0020296c       0x20 ../../ecrobot/../ecrobot/libecrobot.a(nxt_avr.oram)
                0x0020296c                nxt_avr_link_init
 .text.nxt_avr_init
                0x0020298c       0x6c ../../ecrobot/../ecrobot/libecrobot.a(nxt_avr.oram)
                0x0020298c                nxt_avr_init
 .text.nxt_avr_1kHz_update
                0x002029f8      0x1cc ../../ecrobot/../ecrobot/libecrobot.a(nxt_avr.oram)
                0x002029f8                nxt_avr_1kHz_update
 .text.buttons_get
                0x00202bc4        0xc ../../ecrobot/../ecrobot/libecrobot.a(nxt_avr.oram)
                0x00202bc4                buttons_get
 .text.battery_voltage
                0x00202bd0       0x28 ../../ecrobot/../ecrobot/libecrobot.a(nxt_avr.oram)
                0x00202bd0                battery_voltage
 .text.sensor_adc
                0x00202bf8       0x20 ../../ecrobot/../ecrobot/libecrobot.a(nxt_avr.oram)
                0x00202bf8                sensor_adc
 .text.nxt_avr_set_motor
                0x00202c18       0x34 ../../ecrobot/../ecrobot/libecrobot.a(nxt_avr.oram)
                0x00202c18                nxt_avr_set_motor
 .text.nxt_avr_set_input_power
                0x00202c4c       0x3c ../../ecrobot/../ecrobot/libecrobot.a(nxt_avr.oram)
                0x00202c4c                nxt_avr_set_input_power
 .text.unset_digi0
                0x00202c88       0x44 ../../ecrobot/../ecrobot/libecrobot.a(sensors.oram)
                0x00202c88                unset_digi0
 .text.unset_digi1
                0x00202ccc       0x44 ../../ecrobot/../ecrobot/libecrobot.a(sensors.oram)
                0x00202ccc                unset_digi1
 .text.init_sensors
                0x00202d10       0x4c ../../ecrobot/../ecrobot/libecrobot.a(sensors.oram)
                0x00202d10                init_sensors
 .text.nxt_lcd_command
                0x00202d5c       0x18 ../../ecrobot/../ecrobot/libecrobot.a(nxt_lcd.oram)
                0x00202d5c                nxt_lcd_command
 .text.nxt_lcd_set_col
                0x00202d74       0x24 ../../ecrobot/../ecrobot/libecrobot.a(nxt_lcd.oram)
                0x00202d74                nxt_lcd_set_col
 .text.nxt_lcd_set_multiplex_rate
                0x00202d98       0x18 ../../ecrobot/../ecrobot/libecrobot.a(nxt_lcd.oram)
                0x00202d98                nxt_lcd_set_multiplex_rate
 .text.nxt_lcd_set_page_address
                0x00202db0       0x18 ../../ecrobot/../ecrobot/libecrobot.a(nxt_lcd.oram)
                0x00202db0                nxt_lcd_set_page_address
 .text.nxt_lcd_set_pot
                0x00202dc8       0x1c ../../ecrobot/../ecrobot/libecrobot.a(nxt_lcd.oram)
                0x00202dc8                nxt_lcd_set_pot
 .text.nxt_lcd_set_ram_address_control
                0x00202de4       0x18 ../../ecrobot/../ecrobot/libecrobot.a(nxt_lcd.oram)
                0x00202de4                nxt_lcd_set_ram_address_control
 .text.nxt_lcd_enable
                0x00202dfc       0x14 ../../ecrobot/../ecrobot/libecrobot.a(nxt_lcd.oram)
                0x00202dfc                nxt_lcd_enable
 .text.nxt_lcd_set_map_control
                0x00202e10       0x18 ../../ecrobot/../ecrobot/libecrobot.a(nxt_lcd.oram)
                0x00202e10                nxt_lcd_set_map_control
 .text.nxt_lcd_reset
                0x00202e28        0xc ../../ecrobot/../ecrobot/libecrobot.a(nxt_lcd.oram)
                0x00202e28                nxt_lcd_reset
 .text.nxt_lcd_set_bias_ratio
                0x00202e34       0x18 ../../ecrobot/../ecrobot/libecrobot.a(nxt_lcd.oram)
                0x00202e34                nxt_lcd_set_bias_ratio
 .text.nxt_lcd_force_update
                0x00202e4c       0x30 ../../ecrobot/../ecrobot/libecrobot.a(nxt_lcd.oram)
                0x00202e4c                nxt_lcd_force_update
 .text.nxt_lcd_update
                0x00202e7c        0xc ../../ecrobot/../ecrobot/libecrobot.a(nxt_lcd.oram)
                0x00202e7c                nxt_lcd_update
 .text.nxt_lcd_power_up
                0x00202e88       0x48 ../../ecrobot/../ecrobot/libecrobot.a(nxt_lcd.oram)
                0x00202e88                nxt_lcd_power_up
 .text.nxt_lcd_power_down
                0x00202ed0        0xc ../../ecrobot/../ecrobot/libecrobot.a(nxt_lcd.oram)
                0x00202ed0                nxt_lcd_power_down
 .text.nxt_lcd_init
                0x00202edc       0x18 ../../ecrobot/../ecrobot/libecrobot.a(nxt_lcd.oram)
                0x00202edc                nxt_lcd_init
 .text.verify_flash_page
                0x00202ef4       0x34 ../../ecrobot/../ecrobot/libecrobot.a(flash_loader.oram)
 .text.set_flash_request
                0x00202f28       0x38 ../../ecrobot/../ecrobot/libecrobot.a(flash_loader.oram)
                0x00202f28                set_flash_request
 .text.nxt_device_init
                0x00202f60       0x38 ../../ecrobot/../ecrobot/libecrobot.a(flash_loader.oram)
                0x00202f60                nxt_device_init
 .text          0x00202f98       0x68 ../../ecrobot/../ecrobot/libecrobot.a(interrupts.oram)
                0x00202ff0                fiq_enable
                0x00202f98                interrupts_get_and_disable
                0x00202fcc                fiq_get_and_disable
                0x00202fbc                interrupts_enable
 .text.flash_write_page
                0x00203000       0xc0 ../../ecrobot/../ecrobot/libecrobot.a(flashprog.oram)
                0x00203000                flash_write_page
                0x002030c0                . = ALIGN (0x10)
 *.oram(*.rodata *.rodata.*)
 .rodata.ld     0x002030c0        0x4 ../../ecrobot/../ecrobot/libecrobot.a(udp.oram)
 .rodata.cfd    0x002030c4       0x20 ../../ecrobot/../ecrobot/libecrobot.a(udp.oram)
 .rodata.dd     0x002030e4       0x12 ../../ecrobot/../ecrobot/libecrobot.a(udp.oram)
 *fill*         0x002030f6        0x2 00
 .rodata.str1.4
                0x002030f8       0x22 ../../ecrobot/../ecrobot/libecrobot.a(data_abort.oram)
                                 0x24 (size before relaxing)
 .rodata.font   0x0020311a      0x280 ../../ecrobot/../ecrobot/libecrobot.a(display.oram)
 *fill*         0x0020339a        0x2 00
 .rodata.str1.4
                0x0020339c       0x76 ../../ecrobot/../ecrobot/libecrobot.a(display.oram)
                                 0x78 (size before relaxing)
 *fill*         0x00203412        0x2 00
 .rodata.i2c_pin
                0x00203414       0x20 ../../ecrobot/../ecrobot/libecrobot.a(i2c.oram)
 .rodata.i2c_timer_isr_C
                0x00203434       0x38 ../../ecrobot/../ecrobot/libecrobot.a(i2c.oram)
 .rodata.silence
                0x0020346c       0x40 ../../ecrobot/../ecrobot/libecrobot.a(sound.oram)
                0x0020346c                silence
 .rodata.sample_pattern
                0x002034ac       0x84 ../../ecrobot/../ecrobot/libecrobot.a(sound.oram)
                0x002034ac                sample_pattern
 .rodata        0x00203530        0xc ../../ecrobot/../ecrobot/libecrobot.a(sound.oram)
 .rodata.avr_brainwash_string
                0x0020353c       0x30 ../../ecrobot/../ecrobot/libecrobot.a(nxt_avr.oram)
                0x0020353c                avr_brainwash_string
 .rodata.nxt_avr_1kHz_update
                0x0020356c       0x14 ../../ecrobot/../ecrobot/libecrobot.a(nxt_avr.oram)
 .rodata.C.33.1823
                0x00203580       0x10 ../../ecrobot/../ecrobot/libecrobot.a(sensors.oram)
 .rodata.C.37.1857
                0x00203590       0x10 ../../ecrobot/../ecrobot/libecrobot.a(sensors.oram)
 .rodata.str1.4
                0x002035a0       0x23 ../../ecrobot/../ecrobot/libecrobot.a(flash_loader.oram)
                                 0x24 (size before relaxing)
                0x002035d0                . = ALIGN (0x10)
 *fill*         0x002035c3        0xd 00
                0x00200300                __ramtext_ram_start__ = ADDR (.ram_text)
                0x002035d0                __ramtext_ram_end__ = (ADDR (.ram_text) + SIZEOF (.ram_text))
                0x00200300                __ramtext_load_start__ = LOADADDR (.ram_text)
                0x002035d0                __ramtext_load_end__ = (__ramtext_load_start__ + SIZEOF (.ram_text))

.wav_data       0x002035d0        0x0
 *.owav(*.data *.data.*)
                0x002035d0                . = ALIGN (0x10)

.bmp_data       0x002035d0      0x440
 *.obmp(*.data *.data.*)
 .data          0x002035d0      0x43e ../../ecrobot/../ecrobot/libecrobot.a(nxtosek_splash.obmp)
                0x002035d0                nxtosek_splash_bmp_start
                0x00203a0e                nxtosek_splash_bmp_end
                0x00203a10                . = ALIGN (0x10)
 *fill*         0x00203a0e        0x2 00

.spr_data       0x00203a10        0x0
 *.ospr(*.data *.data.*)
                0x00203a10                . = ALIGN (0x10)

.data           0x00203a10      0x870
 *(*.data *.data.*)
 .data.bt_status
                0x00203a10        0x1 build/ecrobot_bluetooth.o
 *fill*         0x00203a11        0x3 00
 .data.PASSKEY  0x00203a14        0x4 build/braco.o
 .data.deviceStatus
                0x00203a18        0x1 ../../ecrobot/../ecrobot/libecrobot.a(ecrobot_interface.o)
 .data.named    0x00203a19       0x22 ../../ecrobot/../ecrobot/libecrobot.a(udp.oram)
 .data.snd      0x00203a3b       0x1a ../../ecrobot/../ecrobot/libecrobot.a(udp.oram)
 *fill*         0x00203a55        0x3 00
 .data.configured
                0x00203a58        0x4 ../../ecrobot/../ecrobot/libecrobot.a(udp.oram)
 .data.mode     0x00203a5c        0x1 ../../ecrobot/../ecrobot/libecrobot.a(nxt_spi.oram)
                0x00203a5c                mode
 *fill*         0x00203a5d        0x3 00
 .bss.data      0x00203a60        0x4 ../../ecrobot/../ecrobot/libecrobot.a(nxt_spi.oram)
                0x00203a60                data
 .data.display_auto_update
                0x00203a64        0x4 ../../ecrobot/../ecrobot/libecrobot.a(display.oram)
                0x00203a64                display_auto_update
 .data.display_buffer
                0x00203a68        0x4 ../../ecrobot/../ecrobot/libecrobot.a(display.oram)
 .data          0x00203a6c      0x410 /cygdrive/C/Cygwin/GNUARM/bin/../lib/gcc/arm-elf/4.0.2/../../../../arm-elf/lib/thumb/interwork/libc.a(mallocr.o)
                0x00203a6c                __malloc_sbrk_base
                0x00203a74                __malloc_av_
                0x00203a70                __malloc_trim_threshold
 .data          0x00203e7c      0x404 /cygdrive/C/Cygwin/GNUARM/bin/../lib/gcc/arm-elf/4.0.2/../../../../arm-elf/lib/thumb/interwork/libc.a(impure.o)
                0x0020427c                _impure_ptr
                0x00204280                . = ALIGN (0x10)
                0x00203a10                __data_ram_start__ = ADDR (.data)
                0x00204280                __data_ram_end__ = (ADDR (.data) + SIZEOF (.data))
                0x00203a10                __data_load_start__ = LOADADDR (.data)
                0x00204280                __data_load_end__ = (__data_load_start__ + SIZEOF (.data))

.text           0x00204280     0x26e0
                0x00204280                . = ALIGN (0x10)
 *(*.text *.text.* *.glue*)
 .text.SetEvent
                0x00204280       0xac build/kernel/event.o
                0x00204280                SetEvent
 .text.StartOS  0x0020432c       0x58 build/kernel/osctl.o
                0x0020432c                StartOS
 .text.ShutdownOS
                0x00204384       0x4c build/kernel/osctl.o
                0x00204384                ShutdownOS
 .text.call_pretaskhook
                0x002043d0       0x24 build/kernel/osctl.o
                0x002043d0                call_pretaskhook
 .text.call_errorhook
                0x002043f4       0x78 build/kernel/osctl.o
                0x002043f4                call_errorhook
 .text.call_posttaskhook
                0x0020446c       0x24 build/kernel/osctl.o
                0x0020446c                call_posttaskhook
 .text.make_runnable
                0x00204490       0xac build/kernel/task.o
                0x00204490                make_runnable
 .text.make_active
                0x0020453c       0x78 build/kernel/task.o
                0x0020453c                make_active
 .text.task_initialize
                0x002045b4       0x90 build/kernel/task.o
                0x002045b4                task_initialize
 .text.cpu_initialize
                0x00204644        0x4 build/config/at91sam7s-gnu/cpu_config.o
                0x00204644                cpu_initialize
 .text.cpu_terminate
                0x00204648        0x4 build/config/at91sam7s-gnu/cpu_config.o
                0x00204648                cpu_terminate
 .text.sys_initialize
                0x0020464c        0x4 build/config/at91sam7s-gnu/lego_nxt/sys_config.o
                0x0020464c                sys_initialize
 .text.sys_exit
                0x00204650        0x4 build/config/at91sam7s-gnu/lego_nxt/sys_config.o
                0x00204650                sys_exit
 .text.object_initialize
                0x00204654        0xc build/./kernel_cfg.o
                0x00204654                object_initialize
 .text.SleeperMonitor
                0x00204660       0x84 build/rtoscalls.o
                0x00204660                SleeperMonitor
 .text.AssertDeviceConstructor
                0x002046e4       0x2c build/rtoscalls.o
                0x002046e4                AssertDeviceConstructor
 .text._sbrk_r  0x00204710       0x1c build/syscalls.o
                0x00204710                _sbrk_r
 .text.ecrobot_get_bt_status
                0x0020472c       0x10 build/ecrobot_bluetooth.o
                0x0020472c                ecrobot_get_bt_status
 .text.close_bt_stream
                0x0020473c       0x2c build/ecrobot_bluetooth.o
 .text.ecrobot_send_bt_packet
                0x00204768       0x54 build/ecrobot_bluetooth.o
                0x00204768                ecrobot_send_bt_packet
 .text.ecrobot_read_bt_packet
                0x002047bc       0x4c build/ecrobot_bluetooth.o
                0x002047bc                ecrobot_read_bt_packet
 .text.send_bt_command
                0x00204808       0x40 build/ecrobot_bluetooth.o
 .text.ecrobot_term_bt_connection
                0x00204848       0x48 build/ecrobot_bluetooth.o
                0x00204848                ecrobot_term_bt_connection
 .text.ecrobot_set_bt_device_name
                0x00204890       0x4c build/ecrobot_bluetooth.o
                0x00204890                ecrobot_set_bt_device_name
 .text.read_bt_command
                0x002048dc       0x5c build/ecrobot_bluetooth.o
 .text.open_bt_stream
                0x00204938       0x50 build/ecrobot_bluetooth.o
 .text.ecrobot_get_bt_device_name
                0x00204988       0x74 build/ecrobot_bluetooth.o
                0x00204988                ecrobot_get_bt_device_name
 .text.ecrobot_get_bt_device_address
                0x002049fc       0x6c build/ecrobot_bluetooth.o
                0x002049fc                ecrobot_get_bt_device_address
 .text.ecrobot_init_bt_slave
                0x00204a68      0x12c build/ecrobot_bluetooth.o
                0x00204a68                ecrobot_init_bt_slave
 .text.init_OS_flag
                0x00204b94        0xc build/ecrobot_base.o
                0x00204b94                init_OS_flag
 .text.set_OS_flag
                0x00204ba0        0xc build/ecrobot_base.o
                0x00204ba0                set_OS_flag
 .text.get_OS_flag
                0x00204bac        0xc build/ecrobot_base.o
                0x00204bac                get_OS_flag
 .text.cpp_constructor
                0x00204bb8       0x28 build/ecrobot_base.o
                0x00204bb8                cpp_constructor
 .text.cpp_destructor
                0x00204be0       0x28 build/ecrobot_base.o
                0x00204be0                cpp_destructor
 .text.execution_mode
                0x00204c08       0x24 build/ecrobot_base.o
                0x00204c08                execution_mode
 .text.show_main_screen
                0x00204c2c       0x48 build/ecrobot_base.o
                0x00204c2c                show_main_screen
 .text.display_status_bar
                0x00204c74       0x5c build/ecrobot_base.o
                0x00204c74                display_status_bar
 .text.check_NXT_buttons
                0x00204cd0       0x7c build/ecrobot_base.o
                0x00204cd0                check_NXT_buttons
 .text.show_bd_addr
                0x00204d4c       0x44 build/ecrobot_base.o
                0x00204d4c                show_bd_addr
 .text.show_bd_addr_err
                0x00204d90       0x3c build/ecrobot_base.o
                0x00204d90                show_bd_addr_err
 .text.add_status_info
                0x00204dcc       0x68 build/ecrobot_base.o
                0x00204dcc                add_status_info
 .text.show_splash_screen
                0x00204e34       0x90 build/ecrobot_base.o
                0x00204e34                show_splash_screen
 .text.main     0x00204ec4      0x10c build/ecrobot.o
                0x00204ec4                main
 .text.user_1ms_isr_type2
                0x00204fd0        0xc build/braco.o
                0x00204fd0                user_1ms_isr_type2
 .text.moverBraco
                0x00204fdc      0x2d8 build/braco.o
                0x00204fdc                moverBraco
 .text.TaskMainTaskMain
                0x002052b4       0xc0 build/braco.o
                0x002052b4                TaskMainTaskMain
 .text._Z41__static_initialization_and_destruction_0ii
                0x00205374       0xc0 build/braco.o
 .text._GLOBAL__D_nxt
                0x00205434       0x14 build/braco.o
 .text._GLOBAL__I_nxt
                0x00205448       0x14 build/braco.o
 .text._ZN7ecrobot9BluetoothC1Ev
                0x0020545c       0x18 ../../ecrobot/../ecrobot/libecrobot++.a(Bluetooth.o)
                0x0020545c                _ZN7ecrobot9BluetoothC1Ev
 .text._ZN7ecrobot9Bluetooth17waitForConnectionEPKcm
                0x00205474       0x4c ../../ecrobot/../ecrobot/libecrobot++.a(Bluetooth.o)
                0x00205474                _ZN7ecrobot9Bluetooth17waitForConnectionEPKcm
 .text._ZN7ecrobot9Bluetooth23cancelWaitForConnectionEv
                0x002054c0        0x8 ../../ecrobot/../ecrobot/libecrobot++.a(Bluetooth.o)
                0x002054c0                _ZN7ecrobot9Bluetooth23cancelWaitForConnectionEv
 .text._ZNK7ecrobot9Bluetooth16getDeviceAddressEPh
                0x002054c8       0x14 ../../ecrobot/../ecrobot/libecrobot++.a(Bluetooth.o)
                0x002054c8                _ZNK7ecrobot9Bluetooth16getDeviceAddressEPh
 .text._ZNK7ecrobot9Bluetooth15getFriendlyNameEPc
                0x002054dc       0x14 ../../ecrobot/../ecrobot/libecrobot++.a(Bluetooth.o)
                0x002054dc                _ZNK7ecrobot9Bluetooth15getFriendlyNameEPc
 .text._ZN7ecrobot9Bluetooth15setFriendlyNameEPKc
                0x002054f0       0x14 ../../ecrobot/../ecrobot/libecrobot++.a(Bluetooth.o)
                0x002054f0                _ZN7ecrobot9Bluetooth15setFriendlyNameEPKc
 .text._ZN7ecrobot9Bluetooth4sendEPhm
                0x00205504       0x10 ../../ecrobot/../ecrobot/libecrobot++.a(Bluetooth.o)
                0x00205504                _ZN7ecrobot9Bluetooth4sendEPhm
 .text._ZNK7ecrobot9Bluetooth7receiveEPhm
                0x00205514       0x10 ../../ecrobot/../ecrobot/libecrobot++.a(Bluetooth.o)
                0x00205514                _ZNK7ecrobot9Bluetooth7receiveEPhm
 .text._ZN7ecrobot9Bluetooth5closeEv
                0x00205524       0x14 ../../ecrobot/../ecrobot/libecrobot++.a(Bluetooth.o)
                0x00205524                _ZN7ecrobot9Bluetooth5closeEv
 .text._ZN7ecrobot9BluetoothD1Ev
                0x00205538        0xc ../../ecrobot/../ecrobot/libecrobot++.a(Bluetooth.o)
                0x00205538                _ZN7ecrobot9BluetoothD1Ev
 .text._ZN7ecrobot5ClockC1Ev
                0x00205544       0x10 ../../ecrobot/../ecrobot/libecrobot++.a(Clock.o)
                0x00205544                _ZN7ecrobot5ClockC1Ev
 .text._ZN7ecrobot5Clock4waitEm
                0x00205554       0x10 ../../ecrobot/../ecrobot/libecrobot++.a(Clock.o)
                0x00205554                _ZN7ecrobot5Clock4waitEm
 .text._ZN7ecrobot3LcdC1Ev
                0x00205564        0x8 ../../ecrobot/../ecrobot/libecrobot++.a(Lcd.o)
                0x00205564                _ZN7ecrobot3LcdC1Ev
 .text._ZN7ecrobot3Lcd5clearEb
                0x0020556c       0x20 ../../ecrobot/../ecrobot/libecrobot++.a(Lcd.o)
                0x0020556c                _ZN7ecrobot3Lcd5clearEb
 .text._ZN7ecrobot3Lcd6cursorEmm
                0x0020558c       0x20 ../../ecrobot/../ecrobot/libecrobot++.a(Lcd.o)
                0x0020558c                _ZN7ecrobot3Lcd6cursorEmm
 .text._ZN7ecrobot3Lcd4putfEPKcz
                0x002055ac       0x98 ../../ecrobot/../ecrobot/libecrobot++.a(Lcd.o)
                0x002055ac                _ZN7ecrobot3Lcd4putfEPKcz
 .text._ZN7ecrobot3Lcd4dispEv
                0x00205644        0xc ../../ecrobot/../ecrobot/libecrobot++.a(Lcd.o)
                0x00205644                _ZN7ecrobot3Lcd4dispEv
 .text._ZN7ecrobot5MotorC1E6ePortMb
                0x00205650       0x18 ../../ecrobot/../ecrobot/libecrobot++.a(Motor.o)
                0x00205650                _ZN7ecrobot5MotorC1E6ePortMb
 .text._ZN7ecrobot5MotorD1Ev
                0x00205668       0x10 ../../ecrobot/../ecrobot/libecrobot++.a(Motor.o)
                0x00205668                _ZN7ecrobot5MotorD1Ev
 .text._ZN7ecrobot5Motor6setPWMEa
                0x00205678       0x3c ../../ecrobot/../ecrobot/libecrobot++.a(Motor.o)
                0x00205678                _ZN7ecrobot5Motor6setPWMEa
 .text._ZN7ecrobot3NxtC1Ev
                0x002056b4        0x4 ../../ecrobot/../ecrobot/libecrobot++.a(Nxt.o)
                0x002056b4                _ZN7ecrobot3NxtC1Ev
 .text._ZNK7ecrobot3Nxt10getButtonsEv
                0x002056b8       0x28 ../../ecrobot/../ecrobot/libecrobot++.a(Nxt.o)
                0x002056b8                _ZNK7ecrobot3Nxt10getButtonsEv
 .text._ZN7ecrobot11TouchSensorC1E6ePortS
                0x002056e0       0x30 ../../ecrobot/../ecrobot/libecrobot++.a(TouchSensor.o)
                0x002056e0                _ZN7ecrobot11TouchSensorC1E6ePortS
 .text._ZNK7ecrobot11TouchSensor9isPressedEv
                0x00205710       0x20 ../../ecrobot/../ecrobot/libecrobot++.a(TouchSensor.o)
                0x00205710                _ZNK7ecrobot11TouchSensor9isPressedEv
 .text._ZN7ecrobot12BTConnection7connectEPKcS2_
                0x00205730      0x174 ../../ecrobot/../ecrobot/libecrobot++.a(BTConnection.o)
                0x00205730                _ZN7ecrobot12BTConnection7connectEPKcS2_
 .text._ZdlPv   0x002058a4        0xc ../../ecrobot/../ecrobot/libecrobot++.a(New.o)
                0x002058a4                _ZdlPv
 .text.ecrobot_device_initialize
                0x002058b0        0x4 ../../ecrobot/../ecrobot/libecrobot.a(ecrobot_device_hook.o)
                0x002058b0                ecrobot_device_initialize
 .text.ecrobot_device_terminate
                0x002058b4        0x4 ../../ecrobot/../ecrobot/libecrobot.a(ecrobot_device_hook.o)
                0x002058b4                ecrobot_device_terminate
 .text.ecrobot_get_battery_voltage
                0x002058b8        0xc ../../ecrobot/../ecrobot/libecrobot.a(ecrobot_interface.o)
                0x002058b8                ecrobot_get_battery_voltage
 .text.ecrobot_get_button_state
                0x002058c4        0xc ../../ecrobot/../ecrobot/libecrobot.a(ecrobot_interface.o)
                0x002058c4                ecrobot_get_button_state
 .text.ecrobot_init_nxtstate
                0x002058d0       0x28 ../../ecrobot/../ecrobot/libecrobot.a(ecrobot_interface.o)
                0x002058d0                ecrobot_init_nxtstate
 .text.ecrobot_poll_nxtstate
                0x002058f8       0x64 ../../ecrobot/../ecrobot/libecrobot.a(ecrobot_interface.o)
                0x002058f8                ecrobot_poll_nxtstate
 .text.ecrobot_setDeviceInitialized
                0x0020595c       0x18 ../../ecrobot/../ecrobot/libecrobot.a(ecrobot_interface.o)
                0x0020595c                ecrobot_setDeviceInitialized
 .text.ecrobot_initDeviceStatus
                0x00205974        0xc ../../ecrobot/../ecrobot/libecrobot.a(ecrobot_interface.o)
                0x00205974                ecrobot_initDeviceStatus
 .text.ecrobot_bmp2lcd
                0x00205980      0x1c8 ../../ecrobot/../ecrobot/libecrobot.a(ecrobot_interface.o)
                0x00205980                ecrobot_bmp2lcd
 .text.ecrobot_is_ENTER_button_pressed
                0x00205b48       0x10 ../../ecrobot/../ecrobot/libecrobot.a(ecrobot_interface.o)
                0x00205b48                ecrobot_is_ENTER_button_pressed
 .text.ecrobot_is_RUN_button_pressed
                0x00205b58       0x10 ../../ecrobot/../ecrobot/libecrobot.a(ecrobot_interface.o)
                0x00205b58                ecrobot_is_RUN_button_pressed
 .text.StartupHook
                0x00205b68        0x4 ../../ecrobot/../ecrobot/libecrobot.a(osek_hook.o)
                0x00205b68                StartupHook
 .text.PreTaskHook
                0x00205b6c        0x4 ../../ecrobot/../ecrobot/libecrobot.a(osek_hook.o)
                0x00205b6c                PreTaskHook
 .text.PostTaskHook
                0x00205b70        0x4 ../../ecrobot/../ecrobot/libecrobot.a(osek_hook.o)
                0x00205b70                PostTaskHook
 .text.ErrorHook
                0x00205b74        0x4 ../../ecrobot/../ecrobot/libecrobot.a(osek_hook.o)
                0x00205b74                ErrorHook
 .text.ShutdownHook
                0x00205b78        0x4 ../../ecrobot/../ecrobot/libecrobot.a(osek_hook.o)
                0x00205b78                ShutdownHook
 .text          0x00205b7c       0x8c /cygdrive/C/Cygwin/GNUARM/bin/../lib/gcc/arm-elf/4.0.2/thumb/interwork/libgcc.a(_udivsi3.o)
                0x00205b7c                __udivsi3
                0x00205bf8                __aeabi_uidivmod
 .text          0x00205c08       0xc8 /cygdrive/C/Cygwin/GNUARM/bin/../lib/gcc/arm-elf/4.0.2/thumb/interwork/libgcc.a(_umodsi3.o)
                0x00205c08                __umodsi3
 .text          0x00205cd0        0x4 /cygdrive/C/Cygwin/GNUARM/bin/../lib/gcc/arm-elf/4.0.2/thumb/interwork/libgcc.a(_dvmd_tls.o)
                0x00205cd0                __aeabi_ldiv0
                0x00205cd0                __div0
                0x00205cd0                __aeabi_idiv0
 .text          0x00205cd4       0x28 /cygdrive/C/Cygwin/GNUARM/bin/../lib/gcc/arm-elf/4.0.2/../../../../arm-elf/lib/thumb/interwork/libc.a(malloc.o)
                0x00205cd4                malloc
                0x00205ce8                free
 .text          0x00205cfc      0x548 /cygdrive/C/Cygwin/GNUARM/bin/../lib/gcc/arm-elf/4.0.2/../../../../arm-elf/lib/thumb/interwork/libc.a(mallocr.o)
                0x00205cfc                _malloc_r
 .text          0x00206244       0x68 /cygdrive/C/Cygwin/GNUARM/bin/../lib/gcc/arm-elf/4.0.2/../../../../arm-elf/lib/thumb/interwork/libc.a(memcpy.o)
                0x00206244                memcpy
 .text          0x002062ac       0x68 /cygdrive/C/Cygwin/GNUARM/bin/../lib/gcc/arm-elf/4.0.2/../../../../arm-elf/lib/thumb/interwork/libc.a(memset.o)
                0x002062ac                memset
 .text          0x00206314        0x8 /cygdrive/C/Cygwin/GNUARM/bin/../lib/gcc/arm-elf/4.0.2/../../../../arm-elf/lib/thumb/interwork/libc.a(mlock.o)
                0x00206318                __malloc_unlock
                0x00206314                __malloc_lock
 .text          0x0020631c       0x60 /cygdrive/C/Cygwin/GNUARM/bin/../lib/gcc/arm-elf/4.0.2/../../../../arm-elf/lib/thumb/interwork/libc.a(strcpy.o)
                0x0020631c                strcpy
 .text          0x0020637c       0x48 /cygdrive/C/Cygwin/GNUARM/bin/../lib/gcc/arm-elf/4.0.2/../../../../arm-elf/lib/thumb/interwork/libc.a(strlen.o)
                0x0020637c                strlen
 .text          0x002063c4       0x84 /cygdrive/C/Cygwin/GNUARM/bin/../lib/gcc/arm-elf/4.0.2/../../../../arm-elf/lib/thumb/interwork/libc.a(strncpy.o)
                0x002063c4                strncpy
 .text          0x00206448      0x260 /cygdrive/C/Cygwin/GNUARM/bin/../lib/gcc/arm-elf/4.0.2/../../../../arm-elf/lib/thumb/interwork/libc.a(freer.o)
                0x002064e8                _free_r
                0x00206448                _malloc_trim_r
 .glue_7        0x002066a8       0x30 /cygdrive/C/Cygwin/GNUARM/bin/../lib/gcc/arm-elf/4.0.2/../../../../arm-elf/lib/thumb/interwork/libc.a(freer.o)
                0x002066c0                __call_posttaskhook_from_arm
                0x002066a9                __ecrobot_debug1_from_arm
                0x002066b5                __ecrobot_debug2_from_arm
                0x002066cc                __call_pretaskhook_from_arm
 .glue_7t       0x002066d8       0x60 /cygdrive/C/Cygwin/GNUARM/bin/../lib/gcc/arm-elf/4.0.2/../../../../arm-elf/lib/thumb/interwork/libc.a(freer.o)
                0x00206704                __start_change_to_arm
                0x00206720                __interrupts_get_and_disable_from_thumb
                0x00206719                ____gtdf2_from_thumb
                0x002066f9                __exit_and_dispatch_from_thumb
                0x002066fc                __exit_and_dispatch_change_to_arm
                0x002066d8                __disable_int_from_thumb
                0x002066f0                __start_dispatch_from_thumb
                0x00206700                __start_from_thumb
                0x00206714                ____muldf3_change_to_arm
                0x002066e0                __enable_int_from_thumb
                0x002066e8                __dispatch_from_thumb
                0x0020672c                __interrupts_enable_change_to_arm
                0x00206724                __interrupts_get_and_disable_change_to_arm
                0x002066ec                __dispatch_change_to_arm
                0x0020671c                ____gtdf2_change_to_arm
                0x00206709                ____floatsidf_from_thumb
                0x00206731                __display_bios_status_from_thumb
                0x002066dc                __disable_int_change_to_arm
                0x00206711                ____muldf3_from_thumb
                0x002066e4                __enable_int_change_to_arm
                0x0020670c                ____floatsidf_change_to_arm
                0x00206728                __interrupts_enable_from_thumb
                0x00206734                __display_bios_status_change_to_arm
                0x002066f4                __start_dispatch_change_to_arm
                0x00206740                . = ALIGN (0x10)
 *fill*         0x00206738        0x8 00
 *(*.rodata *.rodata.*)
 .rodata.EventSleep
                0x00206740        0x4 build/./kernel_cfg.o
                0x00206740                EventSleep
 .rodata.EventSleepI2C
                0x00206744        0x4 build/./kernel_cfg.o
                0x00206744                EventSleepI2C
 .rodata.tinib_stksz
                0x00206748        0x2 build/./kernel_cfg.o
                0x00206748                tinib_stksz
 *fill*         0x0020674a        0x2 00
 .rodata.tinib_stk
                0x0020674c        0x4 build/./kernel_cfg.o
                0x0020674c                tinib_stk
 .rodata.tinib_task
                0x00206750        0x4 build/./kernel_cfg.o
                0x00206750                tinib_task
 .rodata.tinib_autoact
                0x00206754        0x1 build/./kernel_cfg.o
                0x00206754                tinib_autoact
 .rodata.tinib_exepri
                0x00206755        0x1 build/./kernel_cfg.o
                0x00206755                tinib_exepri
 .rodata.tinib_inipri
                0x00206756        0x1 build/./kernel_cfg.o
                0x00206756                tinib_inipri
 .rodata.tnum_exttask
                0x00206757        0x1 build/./kernel_cfg.o
                0x00206757                tnum_exttask
 .rodata.tnum_task
                0x00206758        0x1 build/./kernel_cfg.o
                0x00206758                tnum_task
 *fill*         0x00206759        0x3 00
 .rodata.exec_addr
                0x0020675c        0x4 build/ecrobot_base.o
                0x0020675c                exec_addr
 .rodata.str1.4
                0x00206760       0x80 build/ecrobot_base.o
 .rodata.str1.4
                0x002067e0       0x3f build/braco.o
                                 0x40 (size before relaxing)
 *fill*         0x0020681f        0x1 00
 .rodata.str1.4
                0x00206820        0xa ../../ecrobot/../ecrobot/libecrobot++.a(Bluetooth.o)
                                  0xc (size before relaxing)
 *fill*         0x0020682a        0x2 00
 .rodata.str1.4
                0x0020682c        0xd ../../ecrobot/../ecrobot/libecrobot++.a(Motor.o)
                                 0x10 (size before relaxing)
 *fill*         0x00206839        0x3 00
 .rodata.str1.4
                0x0020683c        0xe ../../ecrobot/../ecrobot/libecrobot++.a(TouchSensor.o)
                                 0x10 (size before relaxing)
 *fill*         0x0020684a        0x2 00
 .rodata.str1.4
                0x0020684c       0x7d ../../ecrobot/../ecrobot/libecrobot++.a(BTConnection.o)
                                 0xc0 (size before relaxing)
 *fill*         0x002068c9        0x3 00
 .rodata.str1.4
                0x002068cc        0x2 /cygdrive/C/Cygwin/GNUARM/bin/../lib/gcc/arm-elf/4.0.2/../../../../arm-elf/lib/thumb/interwork/libc.a(impure.o)
                                  0x4 (size before relaxing)
                0x002068d0                . = ALIGN (0x10)
 *fill*         0x002068ce        0x2 00
 *(*.gnu.linkonce.* .gcc_except_table)
 .gnu.linkonce.r._ZTVN7ecrobot11TouchSensorE
                0x002068d0       0x10 build/braco.o
                0x002068d0                _ZTVN7ecrobot11TouchSensorE
 .gnu.linkonce.r._ZTVN7ecrobot6SensorE
                0x002068e0       0x10 build/braco.o
                0x002068e0                _ZTVN7ecrobot6SensorE
 .gnu.linkonce.t._ZN7ecrobot6SensorD1Ev
                0x002068f0       0x18 build/braco.o
                0x002068f0                _ZN7ecrobot6SensorD1Ev
 .gnu.linkonce.t._ZN7ecrobot6SensorD0Ev
                0x00206908       0x20 build/braco.o
                0x00206908                _ZN7ecrobot6SensorD0Ev
 .gnu.linkonce.t._ZN7ecrobot11TouchSensorD1Ev
                0x00206928       0x18 build/braco.o
                0x00206928                _ZN7ecrobot11TouchSensorD1Ev
 .gnu.linkonce.t._ZN7ecrobot11TouchSensorD0Ev
                0x00206940       0x20 build/braco.o
                0x00206940                _ZN7ecrobot11TouchSensorD0Ev
                0x00206960                . = ALIGN (0x10)

.tors           0x00206960       0x20
                0x00206960                . = ALIGN (0x10)
                0x00206960                __ctor_begin = .
 *(*.ctors*)
 .ctors         0x00206960        0x4 build/braco.o
                0x00206964                __ctor_end = .
                0x00206970                . = ALIGN (0x10)
 *fill*         0x00206964        0xc 00
                0x00206970                __dtor_begin = .
 *(*.dtors*)
 .dtors         0x00206970        0x4 build/braco.o
                0x00206974                __dtor_end = .
                0x00206980                . = ALIGN (0x10)
 *fill*         0x00206974        0xc 00

.bss            0x00206980     0x1440
 *(*.bss *.bss.*)
 .bss.ready_primap
                0x00206980        0x2 build/kernel/task.o
 .bss.ready_queue_last
                0x00206982       0x10 build/kernel/task.o
 .bss.ready_queue_first
                0x00206992       0x10 build/kernel/task.o
 *fill*         0x002069a2        0x2 00
 .bss._stack_TaskMain
                0x002069a4      0x200 build/./kernel_cfg.o
 .bss.sleepTaskCounter
                0x00206ba4       0x20 build/rtoscalls.o
 .bss.isTaskSleeping
                0x00206bc4        0x8 build/rtoscalls.o
 .bss.isI2cSleeping
                0x00206bcc        0x4 build/rtoscalls.o
 .bss.sleeperTask_ID
                0x00206bd0        0x8 build/rtoscalls.o
 .bss.sleeperI2C_ID
                0x00206bd8        0x4 build/rtoscalls.o
 .bss.heap_ptr  0x00206bdc        0x4 build/syscalls.o
 .bss.receiveBuf
                0x00206be0       0x80 build/ecrobot_bluetooth.o
 .bss.sendBuf   0x00206c60      0x100 build/ecrobot_bluetooth.o
 .bss.handle    0x00206d60        0x1 build/ecrobot_bluetooth.o
 *fill*         0x00206d61        0x3 00
 .bss.status_bar_position
                0x00206d64        0x4 build/ecrobot_base.o
 .bss.last_act_time.2701
                0x00206d68        0x4 build/ecrobot_base.o
 .bss.lcd.2630  0x00206d6c      0x320 build/ecrobot_base.o
 .bss.OS_flag   0x0020708c        0x4 build/ecrobot_base.o
 .bss.status_bar
                0x00207090       0x10 build/ecrobot_base.o
 .bss.bt        0x002070a0        0x4 build/braco.o
                0x002070a0                bt
 .bss.toqueRecipiente
                0x002070a4        0x8 build/braco.o
                0x002070a4                toqueRecipiente
 .bss.toqueEsteira
                0x002070ac        0x8 build/braco.o
                0x002070ac                toqueEsteira
 .bss.motorGarra
                0x002070b4        0x8 build/braco.o
                0x002070b4                motorGarra
 .bss.motorBraco
                0x002070bc        0x8 build/braco.o
                0x002070bc                motorBraco
 .bss.motorBase
                0x002070c4        0x8 build/braco.o
                0x002070c4                motorBase
 .bss.lcd       0x002070cc        0x4 build/braco.o
                0x002070cc                lcd
 .bss.clock     0x002070d0        0x4 build/braco.o
                0x002070d0                clock
 .bss.nxt       0x002070d4        0x4 build/braco.o
                0x002070d4                nxt
 .bss.buttons_i
                0x002070d8        0x4 ../../ecrobot/../ecrobot/libecrobot.a(ecrobot_interface.o)
 .bss.buttons_states
                0x002070dc       0x14 ../../ecrobot/../ecrobot/libecrobot.a(ecrobot_interface.o)
 .bss.ecrobot_inputs
                0x002070f0        0x8 ../../ecrobot/../ecrobot/libecrobot.a(ecrobot_interface.o)
 .bss.systick_ms
                0x002070f8        0x4 ../../ecrobot/../ecrobot/libecrobot.a(systick.oram)
 .bss.delayedEnable
                0x002070fc        0x1 ../../ecrobot/../ecrobot/libecrobot.a(udp.oram)
 *fill*         0x002070fd        0x3 00
 .bss.outCnt    0x00207100        0x4 ../../ecrobot/../ecrobot/libecrobot.a(udp.oram)
 .bss.outPtr    0x00207104        0x4 ../../ecrobot/../ecrobot/libecrobot.a(udp.oram)
 .bss.newAddress
                0x00207108        0x4 ../../ecrobot/../ecrobot/libecrobot.a(udp.oram)
 .bss.currentRxBank
                0x0020710c        0x4 ../../ecrobot/../ecrobot/libecrobot.a(udp.oram)
 .bss.currentFeatures
                0x00207110        0x4 ../../ecrobot/../ecrobot/libecrobot.a(udp.oram)
 .bss.currentConfig
                0x00207114        0x1 ../../ecrobot/../ecrobot/libecrobot.a(udp.oram)
 *fill*         0x00207115        0x3 00
 .bss.twi_mask  0x00207118        0x4 ../../ecrobot/../ecrobot/libecrobot.a(twi.oram)
 .bss.twi_ptr   0x0020711c        0x4 ../../ecrobot/../ecrobot/libecrobot.a(twi.oram)
 .bss.twi_pending
                0x00207120        0x4 ../../ecrobot/../ecrobot/libecrobot.a(twi.oram)
 .bss.twi_state
                0x00207124        0x4 ../../ecrobot/../ecrobot/libecrobot.a(twi.oram)
 .bss.page      0x00207128        0x1 ../../ecrobot/../ecrobot/libecrobot.a(nxt_spi.oram)
                0x00207128                page
 .bss.dirty     0x00207129        0x1 ../../ecrobot/../ecrobot/libecrobot.a(nxt_spi.oram)
                0x00207129                dirty
 *fill*         0x0020712a        0x2 00
 .bss.display   0x0020712c        0x4 ../../ecrobot/../ecrobot/libecrobot.a(nxt_spi.oram)
                0x0020712c                display
 .bss.interrupts_this_period
                0x00207130        0x4 ../../ecrobot/../ecrobot/libecrobot.a(nxt_motors.oram)
 .bss.nxt_motor_initialised
                0x00207134        0x4 ../../ecrobot/../ecrobot/libecrobot.a(nxt_motors.oram)
 .bss.motor     0x00207138       0x30 ../../ecrobot/../ecrobot/libecrobot.a(nxt_motors.oram)
 .bss.display_tick
                0x00207168        0x4 ../../ecrobot/../ecrobot/libecrobot.a(display.oram)
                0x00207168                display_tick
 .bss.display_array
                0x0020716c      0x388 ../../ecrobot/../ecrobot/libecrobot.a(display.oram)
 .bss.i2c_int_count
                0x002074f4        0x4 ../../ecrobot/../ecrobot/libecrobot.a(i2c.oram)
 .bss.i2c_port  0x002074f8      0x170 ../../ecrobot/../ecrobot/libecrobot.a(i2c.oram)
 .bss.sound_mode
                0x00207668        0x1 ../../ecrobot/../ecrobot/libecrobot.a(sound.oram)
                0x00207668                sound_mode
 *fill*         0x00207669        0x3 00
 .bss.in_buf_idx
                0x0020766c        0x4 ../../ecrobot/../ecrobot/libecrobot.a(bt.oram)
 .bss.buf_ptr   0x00207670        0x4 ../../ecrobot/../ecrobot/libecrobot.a(bt.oram)
 .bss.out_buf   0x00207674      0x200 ../../ecrobot/../ecrobot/libecrobot.a(bt.oram)
 .bss.out_buf_ptr
                0x00207874        0x1 ../../ecrobot/../ecrobot/libecrobot.a(bt.oram)
 .bss.in_buf_in_ptr
                0x00207875        0x1 ../../ecrobot/../ecrobot/libecrobot.a(bt.oram)
 .bss.in_buf    0x00207876      0x100 ../../ecrobot/../ecrobot/libecrobot.a(bt.oram)
 *fill*         0x00207976        0x2 00
 .bss.link_state
                0x00207978        0x4 ../../ecrobot/../ecrobot/libecrobot.a(nxt_avr.oram)
 .bss.update_count
                0x0020797c        0x4 ../../ecrobot/../ecrobot/libecrobot.a(nxt_avr.oram)
 .bss.nxt_avr_stats
                0x00207980       0x14 ../../ecrobot/../ecrobot/libecrobot.a(nxt_avr.oram)
 .bss.debounce_cnt
                0x00207994        0x2 ../../ecrobot/../ecrobot/libecrobot.a(nxt_avr.oram)
 .bss.debounce_state
                0x00207996        0x2 ../../ecrobot/../ecrobot/libecrobot.a(nxt_avr.oram)
 .bss.button_state
                0x00207998        0x2 ../../ecrobot/../ecrobot/libecrobot.a(nxt_avr.oram)
 .bss.prev_buttons
                0x0020799a        0x2 ../../ecrobot/../ecrobot/libecrobot.a(nxt_avr.oram)
 .bss.from_buf  0x0020799c        0x4 ../../ecrobot/../ecrobot/libecrobot.a(nxt_avr.oram)
 .bss.io_from_avr
                0x002079a0        0x4 ../../ecrobot/../ecrobot/libecrobot.a(nxt_avr.oram)
 .bss.data_from_avr
                0x002079a4       0x1a ../../ecrobot/../ecrobot/libecrobot.a(nxt_avr.oram)
 .bss.data_to_avr
                0x002079be        0x9 ../../ecrobot/../ecrobot/libecrobot.a(nxt_avr.oram)
 .bss.io_to_avr
                0x002079c7        0x8 ../../ecrobot/../ecrobot/libecrobot.a(nxt_avr.oram)
 *fill*         0x002079cf        0x1 00
 .bss.display   0x002079d0        0x4 ../../ecrobot/../ecrobot/libecrobot.a(nxt_lcd.oram)
 .bss           0x002079d4       0x34 /cygdrive/C/Cygwin/GNUARM/bin/../lib/gcc/arm-elf/4.0.2/../../../../arm-elf/lib/thumb/interwork/libc.a(mallocr.o)
                0x00207a04                __malloc_top_pad
                0x00207a00                __malloc_max_sbrked_mem
                0x002079d4                __malloc_current_mallinfo
                0x002079fc                __malloc_max_total_mem
                0x00207a10                . = ALIGN (0x10)
 *fill*         0x00207a08        0x8 00
                0x00207a10                __bss_end__ = .
 COMMON         0x00207a10        0x2 build/kernel/interrupt.o
                0x00207a10                runisr
                0x00207a11                sus_all_cnt
 *fill*         0x00207a12        0x2 00
 COMMON         0x00207a14       0x10 build/kernel/osctl.o
                0x00207a14                callevel
                0x00207a15                _errorhook_svcid
                0x00207a16                appmode
                0x00207a18                _errorhook_par1
                0x00207a1c                _errorhook_par3
                0x00207a20                _errorhook_par2
 COMMON         0x00207a24        0x3 build/kernel/task.o
                0x00207a24                runtsk
                0x00207a25                schedtsk
                0x00207a26                nextpri
 *fill*         0x00207a27        0x1 00
 COMMON         0x00207a28       0x2c build/./kernel_cfg.o
                0x00207a28                tcb_waievt
                0x00207a2c                rescb_prevpri
                0x00207a2d                almcb_prev
                0x00207a2e                tcb_lastres
                0x00207a30                almcb_almval
                0x00207a34                tcxb_pc
                0x00207a38                tcb_next
                0x00207a39                tcb_curpri
                0x00207a3a                tcb_tstat
                0x00207a3b                isrcb_lastres
                0x00207a3c                cntcb_almque
                0x00207a3d                rescb_prevres
                0x00207a3e                tcb_actcnt
                0x00207a40                tcb_curevt
                0x00207a44                almcb_cycle
                0x00207a48                tcxb_sp
                0x00207a4c                almcb_next
                0x00207a50                cntcb_curval
 COMMON         0x00207a54       0x44 ../../ecrobot/../ecrobot/libecrobot.a(uart.oram)
                0x00207a54                uart
 COMMON         0x00207a98        0x4 ../../ecrobot/../ecrobot/libecrobot.a(data_abort.oram)
                0x00207a98                data_abort_pc
 COMMON         0x00207a9c        0x8 ../../ecrobot/../ecrobot/libecrobot.a(display.oram)
                0x00207a9c                display_x
                0x00207aa0                display_y
 COMMON         0x00207aa4      0x31c ../../ecrobot/../ecrobot/libecrobot.a(sound.oram)
                0x00207aa4                sample
                0x00206980                __bss_start__ = ADDR (.bss)
                0x00207dc0                __bss_end__ = (ADDR (.bss) + SIZEOF (.bss))
                0x00207dc0                PROVIDE (end, .)

.heap_area      0x00207dc0     0x7db8
                0x0020fb78                . = (. + (0x20fb78 - end))
 *fill*         0x00207dc0     0x7db8 00

.stack          0x0020fb78      0x488
                0x0020fbf8                . = (. + 0x80)
 *fill*         0x0020fb78       0x80 00
                0x0020fc00                . = ALIGN (0x10)
 *fill*         0x0020fbf8        0x8 00
                0x0020fc00                __irq_stack__ = .
                0x0020fc00                __system_stack_bottom__ = .
                0x00210000                . = (. + 0x400)
 *fill*         0x0020fc00      0x400 00
                0x00210000                . = ALIGN (0x10)
                0x00210000                __system_stack__ = .
                0x00210000                __system_stack_top__ = .
                0x0020fb78                __stack_start__ = ADDR (.stack)
                0x00210000                __stack_end__ = (ADDR (.stack) + SIZEOF (.stack))
OUTPUT(braco_rxe.elf elf32-littlearm)

.comment        0x00000000      0x46e
 .comment       0x00000000       0x12 build/kernel/alarm.o
 .comment       0x00000012       0x12 build/kernel/event.o
 .comment       0x00000024       0x12 build/kernel/interrupt.o
 .comment       0x00000036       0x12 build/kernel/osctl.o
 .comment       0x00000048       0x12 build/kernel/resource.o
 .comment       0x0000005a       0x12 build/kernel/task.o
 .comment       0x0000006c       0x12 build/kernel/task_manage.o
 .comment       0x0000007e       0x12 build/config/at91sam7s-gnu/cpu_config.o
 .comment       0x00000090       0x12 build/config/at91sam7s-gnu/lego_nxt/sys_config.o
 .comment       0x000000a2       0x12 build/./kernel_cfg.o
 .comment       0x000000b4       0x12 build/rtoscalls.o
 .comment       0x000000c6       0x12 build/syscalls.o
 .comment       0x000000d8       0x12 build/ecrobot_bluetooth.o
 .comment       0x000000ea       0x12 build/ecrobot_base.o
 .comment       0x000000fc       0x12 build/ecrobot.o
 .comment       0x0000010e       0x12 build/syslib/at91sam7s-gnu/lego_nxt/hw_sys_timer.oram
 .comment       0x00000120       0x12 build/braco.o
 .comment       0x00000132       0x12 ../../ecrobot/../ecrobot/libecrobot++.a(Bluetooth.o)
 .comment       0x00000144       0x12 ../../ecrobot/../ecrobot/libecrobot++.a(Clock.o)
 .comment       0x00000156       0x12 ../../ecrobot/../ecrobot/libecrobot++.a(Lcd.o)
 .comment       0x00000168       0x12 ../../ecrobot/../ecrobot/libecrobot++.a(Motor.o)
 .comment       0x0000017a       0x12 ../../ecrobot/../ecrobot/libecrobot++.a(Nxt.o)
 .comment       0x0000018c       0x12 ../../ecrobot/../ecrobot/libecrobot++.a(TouchSensor.o)
 .comment       0x0000019e       0x12 ../../ecrobot/../ecrobot/libecrobot++.a(BTConnection.o)
 .comment       0x000001b0       0x12 ../../ecrobot/../ecrobot/libecrobot++.a(New.o)
 .comment       0x000001c2       0x12 ../../ecrobot/../ecrobot/libecrobot.a(ecrobot_device_hook.o)
 .comment       0x000001d4       0x12 ../../ecrobot/../ecrobot/libecrobot.a(ecrobot_interface.o)
 .comment       0x000001e6       0x12 ../../ecrobot/../ecrobot/libecrobot.a(colorsensor.o)
 .comment       0x000001f8       0x12 ../../ecrobot/../ecrobot/libecrobot.a(osek_hook.o)
 .comment       0x0000020a       0x12 ../../ecrobot/../ecrobot/libecrobot.a(uart.oram)
 .comment       0x0000021c       0x12 ../../ecrobot/../ecrobot/libecrobot.a(systick.oram)
 .comment       0x0000022e       0x12 ../../ecrobot/../ecrobot/libecrobot.a(byte_fifo.oram)
 .comment       0x00000240       0x12 ../../ecrobot/../ecrobot/libecrobot.a(aic.oram)
 .comment       0x00000252       0x12 ../../ecrobot/../ecrobot/libecrobot.a(udp.oram)
 .comment       0x00000264       0x12 ../../ecrobot/../ecrobot/libecrobot.a(twi.oram)
 .comment       0x00000276       0x12 ../../ecrobot/../ecrobot/libecrobot.a(nxt_spi.oram)
 .comment       0x00000288       0x12 ../../ecrobot/../ecrobot/libecrobot.a(nxt_motors.oram)
 .comment       0x0000029a       0x12 ../../ecrobot/../ecrobot/libecrobot.a(data_abort.oram)
 .comment       0x000002ac       0x12 ../../ecrobot/../ecrobot/libecrobot.a(display.oram)
 .comment       0x000002be       0x12 ../../ecrobot/../ecrobot/libecrobot.a(i2c.oram)
 .comment       0x000002d0       0x12 ../../ecrobot/../ecrobot/libecrobot.a(sound.oram)
 .comment       0x000002e2       0x12 ../../ecrobot/../ecrobot/libecrobot.a(bt.oram)
 .comment       0x000002f4       0x12 ../../ecrobot/../ecrobot/libecrobot.a(nxt_avr.oram)
 .comment       0x00000306       0x12 ../../ecrobot/../ecrobot/libecrobot.a(sensors.oram)
 .comment       0x00000318       0x12 ../../ecrobot/../ecrobot/libecrobot.a(sensors1.oram)
 .comment       0x0000032a       0x12 ../../ecrobot/../ecrobot/libecrobot.a(nxt_lcd.oram)
 .comment       0x0000033c       0x12 ../../ecrobot/../ecrobot/libecrobot.a(flash_loader.oram)
 .comment       0x0000034e       0x12 ../../ecrobot/../ecrobot/libecrobot.a(ecrobot_usb.o)
 .comment       0x00000360       0x12 ../../ecrobot/../ecrobot/libecrobot.a(flashprog.oram)
 .comment       0x00000372       0x12 /cygdrive/C/Cygwin/GNUARM/bin/../lib/gcc/arm-elf/4.0.2/thumb/interwork/libgcc.a(_muldi3.o)
 .comment       0x00000384       0x12 /cygdrive/C/Cygwin/GNUARM/bin/../lib/gcc/arm-elf/4.0.2/thumb/interwork/libgcc.a(_divdi3.o)
 .comment       0x00000396       0x12 /cygdrive/C/Cygwin/GNUARM/bin/../lib/gcc/arm-elf/4.0.2/thumb/interwork/libgcc.a(_clz.o)
 .comment       0x000003a8       0x12 /cygdrive/C/Cygwin/GNUARM/bin/../lib/gcc/arm-elf/4.0.2/../../../../arm-elf/lib/thumb/interwork/libc.a(malloc.o)
 .comment       0x000003ba       0x12 /cygdrive/C/Cygwin/GNUARM/bin/../lib/gcc/arm-elf/4.0.2/../../../../arm-elf/lib/thumb/interwork/libc.a(mallocr.o)
 .comment       0x000003cc       0x12 /cygdrive/C/Cygwin/GNUARM/bin/../lib/gcc/arm-elf/4.0.2/../../../../arm-elf/lib/thumb/interwork/libc.a(memcpy.o)
 .comment       0x000003de       0x12 /cygdrive/C/Cygwin/GNUARM/bin/../lib/gcc/arm-elf/4.0.2/../../../../arm-elf/lib/thumb/interwork/libc.a(memset.o)
 .comment       0x000003f0       0x12 /cygdrive/C/Cygwin/GNUARM/bin/../lib/gcc/arm-elf/4.0.2/../../../../arm-elf/lib/thumb/interwork/libc.a(mlock.o)
 .comment       0x00000402       0x12 /cygdrive/C/Cygwin/GNUARM/bin/../lib/gcc/arm-elf/4.0.2/../../../../arm-elf/lib/thumb/interwork/libc.a(strcmp.o)
 .comment       0x00000414       0x12 /cygdrive/C/Cygwin/GNUARM/bin/../lib/gcc/arm-elf/4.0.2/../../../../arm-elf/lib/thumb/interwork/libc.a(strcpy.o)
 .comment       0x00000426       0x12 /cygdrive/C/Cygwin/GNUARM/bin/../lib/gcc/arm-elf/4.0.2/../../../../arm-elf/lib/thumb/interwork/libc.a(strlen.o)
 .comment       0x00000438       0x12 /cygdrive/C/Cygwin/GNUARM/bin/../lib/gcc/arm-elf/4.0.2/../../../../arm-elf/lib/thumb/interwork/libc.a(strncpy.o)
 .comment       0x0000044a       0x12 /cygdrive/C/Cygwin/GNUARM/bin/../lib/gcc/arm-elf/4.0.2/../../../../arm-elf/lib/thumb/interwork/libc.a(freer.o)
 .comment       0x0000045c       0x12 /cygdrive/C/Cygwin/GNUARM/bin/../lib/gcc/arm-elf/4.0.2/../../../../arm-elf/lib/thumb/interwork/libc.a(impure.o)

.debug_line     0x00000000     0x11ed
 .debug_line    0x00000000       0x70 /cygdrive/C/Cygwin/GNUARM/bin/../lib/gcc/arm-elf/4.0.2/thumb/interwork/libgcc.a(_udivsi3.o)
 .debug_line    0x00000070       0x7c /cygdrive/C/Cygwin/GNUARM/bin/../lib/gcc/arm-elf/4.0.2/thumb/interwork/libgcc.a(_divsi3.o)
 .debug_line    0x000000ec       0x68 /cygdrive/C/Cygwin/GNUARM/bin/../lib/gcc/arm-elf/4.0.2/thumb/interwork/libgcc.a(_umodsi3.o)
 .debug_line    0x00000154       0x71 /cygdrive/C/Cygwin/GNUARM/bin/../lib/gcc/arm-elf/4.0.2/thumb/interwork/libgcc.a(_modsi3.o)
 .debug_line    0x000001c5       0x5a /cygdrive/C/Cygwin/GNUARM/bin/../lib/gcc/arm-elf/4.0.2/thumb/interwork/libgcc.a(_dvmd_tls.o)
 .debug_line    0x0000021f      0x162 /cygdrive/C/Cygwin/GNUARM/bin/../lib/gcc/arm-elf/4.0.2/thumb/interwork/libgcc.a(_addsubdf3.o)
 .debug_line    0x00000381      0x177 /cygdrive/C/Cygwin/GNUARM/bin/../lib/gcc/arm-elf/4.0.2/thumb/interwork/libgcc.a(_muldivdf3.o)
 .debug_line    0x000004f8       0xa4 /cygdrive/C/Cygwin/GNUARM/bin/../lib/gcc/arm-elf/4.0.2/thumb/interwork/libgcc.a(_cmpdf2.o)
 .debug_line    0x0000059c       0x61 /cygdrive/C/Cygwin/GNUARM/bin/../lib/gcc/arm-elf/4.0.2/thumb/interwork/libgcc.a(_muldi3.o)
 .debug_line    0x000005fd      0x122 /cygdrive/C/Cygwin/GNUARM/bin/../lib/gcc/arm-elf/4.0.2/thumb/interwork/libgcc.a(_divdi3.o)
 .debug_line    0x0000071f       0x48 /cygdrive/C/Cygwin/GNUARM/bin/../lib/gcc/arm-elf/4.0.2/thumb/interwork/libgcc.a(_clz.o)
 .debug_line    0x00000767       0xfd /cygdrive/C/Cygwin/GNUARM/bin/../lib/gcc/arm-elf/4.0.2/../../../../arm-elf/lib/thumb/interwork/libc.a(malloc.o)
 .debug_line    0x00000864      0x23d /cygdrive/C/Cygwin/GNUARM/bin/../lib/gcc/arm-elf/4.0.2/../../../../arm-elf/lib/thumb/interwork/libc.a(mallocr.o)
 .debug_line    0x00000aa1       0xc3 /cygdrive/C/Cygwin/GNUARM/bin/../lib/gcc/arm-elf/4.0.2/../../../../arm-elf/lib/thumb/interwork/libc.a(memcpy.o)
 .debug_line    0x00000b64       0xd4 /cygdrive/C/Cygwin/GNUARM/bin/../lib/gcc/arm-elf/4.0.2/../../../../arm-elf/lib/thumb/interwork/libc.a(memset.o)
 .debug_line    0x00000c38       0xf5 /cygdrive/C/Cygwin/GNUARM/bin/../lib/gcc/arm-elf/4.0.2/../../../../arm-elf/lib/thumb/interwork/libc.a(mlock.o)
 .debug_line    0x00000d2d       0x88 /cygdrive/C/Cygwin/GNUARM/bin/../lib/gcc/arm-elf/4.0.2/../../../../arm-elf/lib/thumb/interwork/libc.a(strcmp.o)
 .debug_line    0x00000db5       0x80 /cygdrive/C/Cygwin/GNUARM/bin/../lib/gcc/arm-elf/4.0.2/../../../../arm-elf/lib/thumb/interwork/libc.a(strcpy.o)
 .debug_line    0x00000e35       0xaf /cygdrive/C/Cygwin/GNUARM/bin/../lib/gcc/arm-elf/4.0.2/../../../../arm-elf/lib/thumb/interwork/libc.a(strlen.o)
 .debug_line    0x00000ee4       0xc2 /cygdrive/C/Cygwin/GNUARM/bin/../lib/gcc/arm-elf/4.0.2/../../../../arm-elf/lib/thumb/interwork/libc.a(strncpy.o)
 .debug_line    0x00000fa6      0x164 /cygdrive/C/Cygwin/GNUARM/bin/../lib/gcc/arm-elf/4.0.2/../../../../arm-elf/lib/thumb/interwork/libc.a(freer.o)
 .debug_line    0x0000110a       0xe3 /cygdrive/C/Cygwin/GNUARM/bin/../lib/gcc/arm-elf/4.0.2/../../../../arm-elf/lib/thumb/interwork/libc.a(impure.o)

.debug_info     0x00000000     0x479f
 .debug_info    0x00000000       0x6a /cygdrive/C/Cygwin/GNUARM/bin/../lib/gcc/arm-elf/4.0.2/thumb/interwork/libgcc.a(_udivsi3.o)
 .debug_info    0x0000006a       0x6a /cygdrive/C/Cygwin/GNUARM/bin/../lib/gcc/arm-elf/4.0.2/thumb/interwork/libgcc.a(_divsi3.o)
 .debug_info    0x000000d4       0x6a /cygdrive/C/Cygwin/GNUARM/bin/../lib/gcc/arm-elf/4.0.2/thumb/interwork/libgcc.a(_umodsi3.o)
 .debug_info    0x0000013e       0x6a /cygdrive/C/Cygwin/GNUARM/bin/../lib/gcc/arm-elf/4.0.2/thumb/interwork/libgcc.a(_modsi3.o)
 .debug_info    0x000001a8       0x6a /cygdrive/C/Cygwin/GNUARM/bin/../lib/gcc/arm-elf/4.0.2/thumb/interwork/libgcc.a(_dvmd_tls.o)
 .debug_info    0x00000212       0x69 /cygdrive/C/Cygwin/GNUARM/bin/../lib/gcc/arm-elf/4.0.2/thumb/interwork/libgcc.a(_addsubdf3.o)
 .debug_info    0x0000027b       0x69 /cygdrive/C/Cygwin/GNUARM/bin/../lib/gcc/arm-elf/4.0.2/thumb/interwork/libgcc.a(_muldivdf3.o)
 .debug_info    0x000002e4       0x69 /cygdrive/C/Cygwin/GNUARM/bin/../lib/gcc/arm-elf/4.0.2/thumb/interwork/libgcc.a(_cmpdf2.o)
 .debug_info    0x0000034d      0x20e /cygdrive/C/Cygwin/GNUARM/bin/../lib/gcc/arm-elf/4.0.2/thumb/interwork/libgcc.a(_muldi3.o)
 .debug_info    0x0000055b      0x758 /cygdrive/C/Cygwin/GNUARM/bin/../lib/gcc/arm-elf/4.0.2/thumb/interwork/libgcc.a(_divdi3.o)
 .debug_info    0x00000cb3       0xc9 /cygdrive/C/Cygwin/GNUARM/bin/../lib/gcc/arm-elf/4.0.2/thumb/interwork/libgcc.a(_clz.o)
 .debug_info    0x00000d7c      0x955 /cygdrive/C/Cygwin/GNUARM/bin/../lib/gcc/arm-elf/4.0.2/../../../../arm-elf/lib/thumb/interwork/libc.a(malloc.o)
 .debug_info    0x000016d1      0xcbd /cygdrive/C/Cygwin/GNUARM/bin/../lib/gcc/arm-elf/4.0.2/../../../../arm-elf/lib/thumb/interwork/libc.a(mallocr.o)
 .debug_info    0x0000238e      0x10d /cygdrive/C/Cygwin/GNUARM/bin/../lib/gcc/arm-elf/4.0.2/../../../../arm-elf/lib/thumb/interwork/libc.a(memcpy.o)
 .debug_info    0x0000249b      0x111 /cygdrive/C/Cygwin/GNUARM/bin/../lib/gcc/arm-elf/4.0.2/../../../../arm-elf/lib/thumb/interwork/libc.a(memset.o)
 .debug_info    0x000025ac      0x93e /cygdrive/C/Cygwin/GNUARM/bin/../lib/gcc/arm-elf/4.0.2/../../../../arm-elf/lib/thumb/interwork/libc.a(mlock.o)
 .debug_info    0x00002eea       0xd9 /cygdrive/C/Cygwin/GNUARM/bin/../lib/gcc/arm-elf/4.0.2/../../../../arm-elf/lib/thumb/interwork/libc.a(strcmp.o)
 .debug_info    0x00002fc3      0x10c /cygdrive/C/Cygwin/GNUARM/bin/../lib/gcc/arm-elf/4.0.2/../../../../arm-elf/lib/thumb/interwork/libc.a(strcpy.o)
 .debug_info    0x000030cf       0xd5 /cygdrive/C/Cygwin/GNUARM/bin/../lib/gcc/arm-elf/4.0.2/../../../../arm-elf/lib/thumb/interwork/libc.a(strlen.o)
 .debug_info    0x000031a4      0x126 /cygdrive/C/Cygwin/GNUARM/bin/../lib/gcc/arm-elf/4.0.2/../../../../arm-elf/lib/thumb/interwork/libc.a(strncpy.o)
 .debug_info    0x000032ca      0xbb3 /cygdrive/C/Cygwin/GNUARM/bin/../lib/gcc/arm-elf/4.0.2/../../../../arm-elf/lib/thumb/interwork/libc.a(freer.o)
 .debug_info    0x00003e7d      0x922 /cygdrive/C/Cygwin/GNUARM/bin/../lib/gcc/arm-elf/4.0.2/../../../../arm-elf/lib/thumb/interwork/libc.a(impure.o)

.debug_abbrev   0x00000000      0xed2
 .debug_abbrev  0x00000000       0x14 /cygdrive/C/Cygwin/GNUARM/bin/../lib/gcc/arm-elf/4.0.2/thumb/interwork/libgcc.a(_udivsi3.o)
 .debug_abbrev  0x00000014       0x14 /cygdrive/C/Cygwin/GNUARM/bin/../lib/gcc/arm-elf/4.0.2/thumb/interwork/libgcc.a(_divsi3.o)
 .debug_abbrev  0x00000028       0x14 /cygdrive/C/Cygwin/GNUARM/bin/../lib/gcc/arm-elf/4.0.2/thumb/interwork/libgcc.a(_umodsi3.o)
 .debug_abbrev  0x0000003c       0x14 /cygdrive/C/Cygwin/GNUARM/bin/../lib/gcc/arm-elf/4.0.2/thumb/interwork/libgcc.a(_modsi3.o)
 .debug_abbrev  0x00000050       0x14 /cygdrive/C/Cygwin/GNUARM/bin/../lib/gcc/arm-elf/4.0.2/thumb/interwork/libgcc.a(_dvmd_tls.o)
 .debug_abbrev  0x00000064       0x14 /cygdrive/C/Cygwin/GNUARM/bin/../lib/gcc/arm-elf/4.0.2/thumb/interwork/libgcc.a(_addsubdf3.o)
 .debug_abbrev  0x00000078       0x14 /cygdrive/C/Cygwin/GNUARM/bin/../lib/gcc/arm-elf/4.0.2/thumb/interwork/libgcc.a(_muldivdf3.o)
 .debug_abbrev  0x0000008c       0x14 /cygdrive/C/Cygwin/GNUARM/bin/../lib/gcc/arm-elf/4.0.2/thumb/interwork/libgcc.a(_cmpdf2.o)
 .debug_abbrev  0x000000a0       0xec /cygdrive/C/Cygwin/GNUARM/bin/../lib/gcc/arm-elf/4.0.2/thumb/interwork/libgcc.a(_muldi3.o)
 .debug_abbrev  0x0000018c      0x174 /cygdrive/C/Cygwin/GNUARM/bin/../lib/gcc/arm-elf/4.0.2/thumb/interwork/libgcc.a(_divdi3.o)
 .debug_abbrev  0x00000300       0x61 /cygdrive/C/Cygwin/GNUARM/bin/../lib/gcc/arm-elf/4.0.2/thumb/interwork/libgcc.a(_clz.o)
 .debug_abbrev  0x00000361      0x187 /cygdrive/C/Cygwin/GNUARM/bin/../lib/gcc/arm-elf/4.0.2/../../../../arm-elf/lib/thumb/interwork/libc.a(malloc.o)
 .debug_abbrev  0x000004e8      0x214 /cygdrive/C/Cygwin/GNUARM/bin/../lib/gcc/arm-elf/4.0.2/../../../../arm-elf/lib/thumb/interwork/libc.a(mallocr.o)
 .debug_abbrev  0x000006fc       0x99 /cygdrive/C/Cygwin/GNUARM/bin/../lib/gcc/arm-elf/4.0.2/../../../../arm-elf/lib/thumb/interwork/libc.a(memcpy.o)
 .debug_abbrev  0x00000795       0x9a /cygdrive/C/Cygwin/GNUARM/bin/../lib/gcc/arm-elf/4.0.2/../../../../arm-elf/lib/thumb/interwork/libc.a(memset.o)
 .debug_abbrev  0x0000082f      0x16a /cygdrive/C/Cygwin/GNUARM/bin/../lib/gcc/arm-elf/4.0.2/../../../../arm-elf/lib/thumb/interwork/libc.a(mlock.o)
 .debug_abbrev  0x00000999       0x71 /cygdrive/C/Cygwin/GNUARM/bin/../lib/gcc/arm-elf/4.0.2/../../../../arm-elf/lib/thumb/interwork/libc.a(strcmp.o)
 .debug_abbrev  0x00000a0a       0x80 /cygdrive/C/Cygwin/GNUARM/bin/../lib/gcc/arm-elf/4.0.2/../../../../arm-elf/lib/thumb/interwork/libc.a(strcpy.o)
 .debug_abbrev  0x00000a8a       0x8b /cygdrive/C/Cygwin/GNUARM/bin/../lib/gcc/arm-elf/4.0.2/../../../../arm-elf/lib/thumb/interwork/libc.a(strlen.o)
 .debug_abbrev  0x00000b15       0x8d /cygdrive/C/Cygwin/GNUARM/bin/../lib/gcc/arm-elf/4.0.2/../../../../arm-elf/lib/thumb/interwork/libc.a(strncpy.o)
 .debug_abbrev  0x00000ba2      0x1d9 /cygdrive/C/Cygwin/GNUARM/bin/../lib/gcc/arm-elf/4.0.2/../../../../arm-elf/lib/thumb/interwork/libc.a(freer.o)
 .debug_abbrev  0x00000d7b      0x157 /cygdrive/C/Cygwin/GNUARM/bin/../lib/gcc/arm-elf/4.0.2/../../../../arm-elf/lib/thumb/interwork/libc.a(impure.o)

.debug_aranges  0x00000000      0x280
 .debug_aranges
                0x00000000       0x20 /cygdrive/C/Cygwin/GNUARM/bin/../lib/gcc/arm-elf/4.0.2/thumb/interwork/libgcc.a(_udivsi3.o)
 .debug_aranges
                0x00000020       0x20 /cygdrive/C/Cygwin/GNUARM/bin/../lib/gcc/arm-elf/4.0.2/thumb/interwork/libgcc.a(_divsi3.o)
 .debug_aranges
                0x00000040       0x20 /cygdrive/C/Cygwin/GNUARM/bin/../lib/gcc/arm-elf/4.0.2/thumb/interwork/libgcc.a(_umodsi3.o)
 .debug_aranges
                0x00000060       0x20 /cygdrive/C/Cygwin/GNUARM/bin/../lib/gcc/arm-elf/4.0.2/thumb/interwork/libgcc.a(_modsi3.o)
 .debug_aranges
                0x00000080       0x20 /cygdrive/C/Cygwin/GNUARM/bin/../lib/gcc/arm-elf/4.0.2/thumb/interwork/libgcc.a(_dvmd_tls.o)
 .debug_aranges
                0x000000a0       0x20 /cygdrive/C/Cygwin/GNUARM/bin/../lib/gcc/arm-elf/4.0.2/thumb/interwork/libgcc.a(_addsubdf3.o)
 .debug_aranges
                0x000000c0       0x20 /cygdrive/C/Cygwin/GNUARM/bin/../lib/gcc/arm-elf/4.0.2/thumb/interwork/libgcc.a(_muldivdf3.o)
 .debug_aranges
                0x000000e0       0x20 /cygdrive/C/Cygwin/GNUARM/bin/../lib/gcc/arm-elf/4.0.2/thumb/interwork/libgcc.a(_cmpdf2.o)
 .debug_aranges
                0x00000100       0x20 /cygdrive/C/Cygwin/GNUARM/bin/../lib/gcc/arm-elf/4.0.2/thumb/interwork/libgcc.a(_muldi3.o)
 .debug_aranges
                0x00000120       0x20 /cygdrive/C/Cygwin/GNUARM/bin/../lib/gcc/arm-elf/4.0.2/thumb/interwork/libgcc.a(_divdi3.o)
 .debug_aranges
                0x00000140       0x20 /cygdrive/C/Cygwin/GNUARM/bin/../lib/gcc/arm-elf/4.0.2/../../../../arm-elf/lib/thumb/interwork/libc.a(malloc.o)
 .debug_aranges
                0x00000160       0x20 /cygdrive/C/Cygwin/GNUARM/bin/../lib/gcc/arm-elf/4.0.2/../../../../arm-elf/lib/thumb/interwork/libc.a(mallocr.o)
 .debug_aranges
                0x00000180       0x20 /cygdrive/C/Cygwin/GNUARM/bin/../lib/gcc/arm-elf/4.0.2/../../../../arm-elf/lib/thumb/interwork/libc.a(memcpy.o)
 .debug_aranges
                0x000001a0       0x20 /cygdrive/C/Cygwin/GNUARM/bin/../lib/gcc/arm-elf/4.0.2/../../../../arm-elf/lib/thumb/interwork/libc.a(memset.o)
 .debug_aranges
                0x000001c0       0x20 /cygdrive/C/Cygwin/GNUARM/bin/../lib/gcc/arm-elf/4.0.2/../../../../arm-elf/lib/thumb/interwork/libc.a(mlock.o)
 .debug_aranges
                0x000001e0       0x20 /cygdrive/C/Cygwin/GNUARM/bin/../lib/gcc/arm-elf/4.0.2/../../../../arm-elf/lib/thumb/interwork/libc.a(strcmp.o)
 .debug_aranges
                0x00000200       0x20 /cygdrive/C/Cygwin/GNUARM/bin/../lib/gcc/arm-elf/4.0.2/../../../../arm-elf/lib/thumb/interwork/libc.a(strcpy.o)
 .debug_aranges
                0x00000220       0x20 /cygdrive/C/Cygwin/GNUARM/bin/../lib/gcc/arm-elf/4.0.2/../../../../arm-elf/lib/thumb/interwork/libc.a(strlen.o)
 .debug_aranges
                0x00000240       0x20 /cygdrive/C/Cygwin/GNUARM/bin/../lib/gcc/arm-elf/4.0.2/../../../../arm-elf/lib/thumb/interwork/libc.a(strncpy.o)
 .debug_aranges
                0x00000260       0x20 /cygdrive/C/Cygwin/GNUARM/bin/../lib/gcc/arm-elf/4.0.2/../../../../arm-elf/lib/thumb/interwork/libc.a(freer.o)

.debug_frame    0x00000000      0x280
 .debug_frame   0x00000000       0x38 /cygdrive/C/Cygwin/GNUARM/bin/../lib/gcc/arm-elf/4.0.2/thumb/interwork/libgcc.a(_muldi3.o)
 .debug_frame   0x00000038       0x3c /cygdrive/C/Cygwin/GNUARM/bin/../lib/gcc/arm-elf/4.0.2/thumb/interwork/libgcc.a(_divdi3.o)
 .debug_frame   0x00000074       0x40 /cygdrive/C/Cygwin/GNUARM/bin/../lib/gcc/arm-elf/4.0.2/../../../../arm-elf/lib/thumb/interwork/libc.a(malloc.o)
 .debug_frame   0x000000b4       0x3c /cygdrive/C/Cygwin/GNUARM/bin/../lib/gcc/arm-elf/4.0.2/../../../../arm-elf/lib/thumb/interwork/libc.a(mallocr.o)
 .debug_frame   0x000000f0       0x2c /cygdrive/C/Cygwin/GNUARM/bin/../lib/gcc/arm-elf/4.0.2/../../../../arm-elf/lib/thumb/interwork/libc.a(memcpy.o)
 .debug_frame   0x0000011c       0x2c /cygdrive/C/Cygwin/GNUARM/bin/../lib/gcc/arm-elf/4.0.2/../../../../arm-elf/lib/thumb/interwork/libc.a(memset.o)
 .debug_frame   0x00000148       0x30 /cygdrive/C/Cygwin/GNUARM/bin/../lib/gcc/arm-elf/4.0.2/../../../../arm-elf/lib/thumb/interwork/libc.a(mlock.o)
 .debug_frame   0x00000178       0x2c /cygdrive/C/Cygwin/GNUARM/bin/../lib/gcc/arm-elf/4.0.2/../../../../arm-elf/lib/thumb/interwork/libc.a(strcmp.o)
 .debug_frame   0x000001a4       0x2c /cygdrive/C/Cygwin/GNUARM/bin/../lib/gcc/arm-elf/4.0.2/../../../../arm-elf/lib/thumb/interwork/libc.a(strcpy.o)
 .debug_frame   0x000001d0       0x2c /cygdrive/C/Cygwin/GNUARM/bin/../lib/gcc/arm-elf/4.0.2/../../../../arm-elf/lib/thumb/interwork/libc.a(strlen.o)
 .debug_frame   0x000001fc       0x30 /cygdrive/C/Cygwin/GNUARM/bin/../lib/gcc/arm-elf/4.0.2/../../../../arm-elf/lib/thumb/interwork/libc.a(strncpy.o)
 .debug_frame   0x0000022c       0x54 /cygdrive/C/Cygwin/GNUARM/bin/../lib/gcc/arm-elf/4.0.2/../../../../arm-elf/lib/thumb/interwork/libc.a(freer.o)

.debug_loc      0x00000000     0x22c4
 .debug_loc     0x00000000      0x156 /cygdrive/C/Cygwin/GNUARM/bin/../lib/gcc/arm-elf/4.0.2/thumb/interwork/libgcc.a(_muldi3.o)
 .debug_loc     0x00000156      0xd45 /cygdrive/C/Cygwin/GNUARM/bin/../lib/gcc/arm-elf/4.0.2/thumb/interwork/libgcc.a(_divdi3.o)
 .debug_loc     0x00000e9b       0x3c /cygdrive/C/Cygwin/GNUARM/bin/../lib/gcc/arm-elf/4.0.2/../../../../arm-elf/lib/thumb/interwork/libc.a(malloc.o)
 .debug_loc     0x00000ed7      0xaf9 /cygdrive/C/Cygwin/GNUARM/bin/../lib/gcc/arm-elf/4.0.2/../../../../arm-elf/lib/thumb/interwork/libc.a(mallocr.o)
 .debug_loc     0x000019d0      0x127 /cygdrive/C/Cygwin/GNUARM/bin/../lib/gcc/arm-elf/4.0.2/../../../../arm-elf/lib/thumb/interwork/libc.a(memcpy.o)
 .debug_loc     0x00001af7      0x12a /cygdrive/C/Cygwin/GNUARM/bin/../lib/gcc/arm-elf/4.0.2/../../../../arm-elf/lib/thumb/interwork/libc.a(memset.o)
 .debug_loc     0x00001c21       0x8e /cygdrive/C/Cygwin/GNUARM/bin/../lib/gcc/arm-elf/4.0.2/../../../../arm-elf/lib/thumb/interwork/libc.a(strcmp.o)
 .debug_loc     0x00001caf       0xb4 /cygdrive/C/Cygwin/GNUARM/bin/../lib/gcc/arm-elf/4.0.2/../../../../arm-elf/lib/thumb/interwork/libc.a(strcpy.o)
 .debug_loc     0x00001d63       0x3c /cygdrive/C/Cygwin/GNUARM/bin/../lib/gcc/arm-elf/4.0.2/../../../../arm-elf/lib/thumb/interwork/libc.a(strlen.o)
 .debug_loc     0x00001d9f      0x156 /cygdrive/C/Cygwin/GNUARM/bin/../lib/gcc/arm-elf/4.0.2/../../../../arm-elf/lib/thumb/interwork/libc.a(strncpy.o)
 .debug_loc     0x00001ef5      0x3cf /cygdrive/C/Cygwin/GNUARM/bin/../lib/gcc/arm-elf/4.0.2/../../../../arm-elf/lib/thumb/interwork/libc.a(freer.o)

.debug_pubnames
                0x00000000      0x2a3
 .debug_pubnames
                0x00000000       0x1f /cygdrive/C/Cygwin/GNUARM/bin/../lib/gcc/arm-elf/4.0.2/thumb/interwork/libgcc.a(_muldi3.o)
 .debug_pubnames
                0x0000001f       0x1f /cygdrive/C/Cygwin/GNUARM/bin/../lib/gcc/arm-elf/4.0.2/thumb/interwork/libgcc.a(_divdi3.o)
 .debug_pubnames
                0x0000003e       0x20 /cygdrive/C/Cygwin/GNUARM/bin/../lib/gcc/arm-elf/4.0.2/thumb/interwork/libgcc.a(_clz.o)
 .debug_pubnames
                0x0000005e       0x26 /cygdrive/C/Cygwin/GNUARM/bin/../lib/gcc/arm-elf/4.0.2/../../../../arm-elf/lib/thumb/interwork/libc.a(malloc.o)
 .debug_pubnames
                0x00000084       0xce /cygdrive/C/Cygwin/GNUARM/bin/../lib/gcc/arm-elf/4.0.2/../../../../arm-elf/lib/thumb/interwork/libc.a(mallocr.o)
 .debug_pubnames
                0x00000152       0x1d /cygdrive/C/Cygwin/GNUARM/bin/../lib/gcc/arm-elf/4.0.2/../../../../arm-elf/lib/thumb/interwork/libc.a(memcpy.o)
 .debug_pubnames
                0x0000016f       0x1d /cygdrive/C/Cygwin/GNUARM/bin/../lib/gcc/arm-elf/4.0.2/../../../../arm-elf/lib/thumb/interwork/libc.a(memset.o)
 .debug_pubnames
                0x0000018c       0x38 /cygdrive/C/Cygwin/GNUARM/bin/../lib/gcc/arm-elf/4.0.2/../../../../arm-elf/lib/thumb/interwork/libc.a(mlock.o)
 .debug_pubnames
                0x000001c4       0x1d /cygdrive/C/Cygwin/GNUARM/bin/../lib/gcc/arm-elf/4.0.2/../../../../arm-elf/lib/thumb/interwork/libc.a(strcmp.o)
 .debug_pubnames
                0x000001e1       0x1d /cygdrive/C/Cygwin/GNUARM/bin/../lib/gcc/arm-elf/4.0.2/../../../../arm-elf/lib/thumb/interwork/libc.a(strcpy.o)
 .debug_pubnames
                0x000001fe       0x1d /cygdrive/C/Cygwin/GNUARM/bin/../lib/gcc/arm-elf/4.0.2/../../../../arm-elf/lib/thumb/interwork/libc.a(strlen.o)
 .debug_pubnames
                0x0000021b       0x1e /cygdrive/C/Cygwin/GNUARM/bin/../lib/gcc/arm-elf/4.0.2/../../../../arm-elf/lib/thumb/interwork/libc.a(strncpy.o)
 .debug_pubnames
                0x00000239       0x31 /cygdrive/C/Cygwin/GNUARM/bin/../lib/gcc/arm-elf/4.0.2/../../../../arm-elf/lib/thumb/interwork/libc.a(freer.o)
 .debug_pubnames
                0x0000026a       0x39 /cygdrive/C/Cygwin/GNUARM/bin/../lib/gcc/arm-elf/4.0.2/../../../../arm-elf/lib/thumb/interwork/libc.a(impure.o)

.debug_ranges   0x00000000      0x210
 .debug_ranges  0x00000000       0x30 /cygdrive/C/Cygwin/GNUARM/bin/../lib/gcc/arm-elf/4.0.2/thumb/interwork/libgcc.a(_muldi3.o)
 .debug_ranges  0x00000030      0x1a8 /cygdrive/C/Cygwin/GNUARM/bin/../lib/gcc/arm-elf/4.0.2/thumb/interwork/libgcc.a(_divdi3.o)
 .debug_ranges  0x000001d8       0x38 /cygdrive/C/Cygwin/GNUARM/bin/../lib/gcc/arm-elf/4.0.2/../../../../arm-elf/lib/thumb/interwork/libc.a(mallocr.o)

.debug_str      0x00000000      0xadf
 .debug_str     0x00000000       0xfb /cygdrive/C/Cygwin/GNUARM/bin/../lib/gcc/arm-elf/4.0.2/thumb/interwork/libgcc.a(_muldi3.o)
                                0x14f (size before relaxing)
 .debug_str     0x000000fb       0x5d /cygdrive/C/Cygwin/GNUARM/bin/../lib/gcc/arm-elf/4.0.2/thumb/interwork/libgcc.a(_divdi3.o)
                                0x1a3 (size before relaxing)
 .debug_str     0x00000158        0x0 /cygdrive/C/Cygwin/GNUARM/bin/../lib/gcc/arm-elf/4.0.2/thumb/interwork/libgcc.a(_clz.o)
                                0x104 (size before relaxing)
 .debug_str     0x00000158      0x40d /cygdrive/C/Cygwin/GNUARM/bin/../lib/gcc/arm-elf/4.0.2/../../../../arm-elf/lib/thumb/interwork/libc.a(malloc.o)
                                0x4c7 (size before relaxing)
 .debug_str     0x00000565      0x20c /cygdrive/C/Cygwin/GNUARM/bin/../lib/gcc/arm-elf/4.0.2/../../../../arm-elf/lib/thumb/interwork/libc.a(mallocr.o)
                                0x6a8 (size before relaxing)
 .debug_str     0x00000771       0xac /cygdrive/C/Cygwin/GNUARM/bin/../lib/gcc/arm-elf/4.0.2/../../../../arm-elf/lib/thumb/interwork/libc.a(memcpy.o)
                                 0xdf (size before relaxing)
 .debug_str     0x0000081d       0x5a /cygdrive/C/Cygwin/GNUARM/bin/../lib/gcc/arm-elf/4.0.2/../../../../arm-elf/lib/thumb/interwork/libc.a(memset.o)
                                0x129 (size before relaxing)
 .debug_str     0x00000877       0x71 /cygdrive/C/Cygwin/GNUARM/bin/../lib/gcc/arm-elf/4.0.2/../../../../arm-elf/lib/thumb/interwork/libc.a(mlock.o)
                                0x4ce (size before relaxing)
 .debug_str     0x000008e8       0x46 /cygdrive/C/Cygwin/GNUARM/bin/../lib/gcc/arm-elf/4.0.2/../../../../arm-elf/lib/thumb/interwork/libc.a(strcmp.o)
                                0x10e (size before relaxing)
 .debug_str     0x0000092e       0x46 /cygdrive/C/Cygwin/GNUARM/bin/../lib/gcc/arm-elf/4.0.2/../../../../arm-elf/lib/thumb/interwork/libc.a(strcpy.o)
                                0x130 (size before relaxing)
 .debug_str     0x00000974       0x4c /cygdrive/C/Cygwin/GNUARM/bin/../lib/gcc/arm-elf/4.0.2/../../../../arm-elf/lib/thumb/interwork/libc.a(strlen.o)
                                0x128 (size before relaxing)
 .debug_str     0x000009c0       0x48 /cygdrive/C/Cygwin/GNUARM/bin/../lib/gcc/arm-elf/4.0.2/../../../../arm-elf/lib/thumb/interwork/libc.a(strncpy.o)
                                0x13f (size before relaxing)
 .debug_str     0x00000a08       0x3c /cygdrive/C/Cygwin/GNUARM/bin/../lib/gcc/arm-elf/4.0.2/../../../../arm-elf/lib/thumb/interwork/libc.a(freer.o)
                                0x5fa (size before relaxing)
 .debug_str     0x00000a44       0x9b /cygdrive/C/Cygwin/GNUARM/bin/../lib/gcc/arm-elf/4.0.2/../../../../arm-elf/lib/thumb/interwork/libc.a(impure.o)
                                0x4c5 (size before relaxing)

Cross Reference Table

Symbol                                            File
ActivateTask                                      build/kernel/task_manage.o
AssertDeviceConstructor                           build/rtoscalls.o
                                                  ../../ecrobot/../ecrobot/libecrobot++.a(TouchSensor.o)
                                                  ../../ecrobot/../ecrobot/libecrobot++.a(Motor.o)
                                                  ../../ecrobot/../ecrobot/libecrobot++.a(Bluetooth.o)
CancelAlarm                                       build/kernel/alarm.o
ChainTask                                         build/kernel/task_manage.o
ClearEvent                                        build/kernel/event.o
                                                  build/rtoscalls.o
DisableAllInterrupts                              build/kernel/interrupt.o
EnableAllInterrupts                               build/kernel/interrupt.o
ErrorHook                                         ../../ecrobot/../ecrobot/libecrobot.a(osek_hook.o)
                                                  build/kernel/osctl.o
EventSleep                                        build/./kernel_cfg.o
                                                  build/rtoscalls.o
EventSleepI2C                                     build/./kernel_cfg.o
                                                  build/rtoscalls.o
GetActiveApplicationMode                          build/kernel/osctl.o
GetAlarm                                          build/kernel/alarm.o
GetAlarmBase                                      build/kernel/alarm.o
GetEvent                                          build/kernel/event.o
GetResource                                       build/kernel/resource.o
GetTaskID                                         build/kernel/task_manage.o
                                                  build/rtoscalls.o
GetTaskState                                      build/kernel/task_manage.o
NXT_COLORSENSOR_PROTOCOLS                         ../../ecrobot/../ecrobot/libecrobot.a(ecrobot_interface.o)
NXT_Entry_Point                                   build/nxt_entry_point.o
                                                  build/nxt_binary_header.o
PostTaskHook                                      ../../ecrobot/../ecrobot/libecrobot.a(osek_hook.o)
                                                  build/config/at91sam7s-gnu/cpu_support.oram
                                                  build/kernel/osctl.o
PreTaskHook                                       ../../ecrobot/../ecrobot/libecrobot.a(osek_hook.o)
                                                  build/config/at91sam7s-gnu/cpu_support.oram
                                                  build/kernel/osctl.o
ReleaseResource                                   build/kernel/resource.o
ResumeAllInterrupts                               build/kernel/interrupt.o
ResumeOSInterrupts                                build/kernel/interrupt.o
Schedule                                          build/kernel/task_manage.o
SetAbsAlarm                                       build/kernel/alarm.o