Archive member included because of file (symbol)

../../ecrobot/../ecrobot/libecrobot++.a(Bluetooth.o)
                              build/braco.o (_ZN7ecrobot9BluetoothC1Ev)
../../ecrobot/../ecrobot/libecrobot++.a(Clock.o)
                              build/braco.o (_ZN7ecrobot5ClockC1Ev)
../../ecrobot/../ecrobot/libecrobot++.a(Lcd.o)
                              build/braco.o (_ZN7ecrobot3LcdC1Ev)
../../ecrobot/../ecrobot/libecrobot++.a(Motor.o)
                              build/braco.o (_ZN7ecrobot5MotorC1E6ePortMb)
../../ecrobot/../ecrobot/libecrobot++.a(Nxt.o)
                              build/braco.o (_ZN7ecrobot3NxtC1Ev)
../../ecrobot/../ecrobot/libecrobot++.a(TouchSensor.o)
                              build/braco.o (_ZN7ecrobot11TouchSensorC1E6ePortS)
../../ecrobot/../ecrobot/libecrobot++.a(BTConnection.o)
                              build/braco.o (_ZN7ecrobot12BTConnection7connectEPKcS2_)
../../ecrobot/../ecrobot/libecrobot++.a(New.o)
                              build/braco.o (_ZdlPv)
../../ecrobot/../ecrobot/libecrobot.a(ecrobot_device_hook.o)
                              build/ecrobot.o (ecrobot_device_initialize)
../../ecrobot/../ecrobot/libecrobot.a(ecrobot_interface.o)
                              build/ecrobot_base.o (ecrobot_get_battery_voltage)
../../ecrobot/../ecrobot/libecrobot.a(colorsensor.o)
                              ../../ecrobot/../ecrobot/libecrobot.a(ecrobot_interface.o) (colorsensor_init)
../../ecrobot/../ecrobot/libecrobot.a(osek_hook.o)
                              build/kernel/osctl.o (StartupHook)
../../ecrobot/../ecrobot/libecrobot.a(uart.oram)
                              build/config/at91sam7s-gnu/irq.oram (uart_isr_C_0)
../../ecrobot/../ecrobot/libecrobot.a(systick.oram)
                              build/syslib/at91sam7s-gnu/lego_nxt/hw_sys_timer.oram (systick_low_priority_C)
../../ecrobot/../ecrobot/libecrobot.a(byte_fifo.oram)
                              ../../ecrobot/../ecrobot/libecrobot.a(uart.oram) (byte_fifo_put)
../../ecrobot/../ecrobot/libecrobot.a(aic.oram)
                              ../../ecrobot/../ecrobot/libecrobot.a(uart.oram) (aic_set_vector)
../../ecrobot/../ecrobot/libecrobot.a(udp.oram)
                              build/config/at91sam7s-gnu/irq.oram (udp_isr_C)
../../ecrobot/../ecrobot/libecrobot.a(twi.oram)
                              build/config/at91sam7s-gnu/irq.oram (twi_isr_C)
../../ecrobot/../ecrobot/libecrobot.a(nxt_spi.oram)
                              build/config/at91sam7s-gnu/irq.oram (spi_isr_C)
../../ecrobot/../ecrobot/libecrobot.a(nxt_motors.oram)
                              build/braco.o (nxt_motor_get_count)
../../ecrobot/../ecrobot/libecrobot.a(data_abort.oram)
                              build/ecrobot_init.o (data_abort_C)
../../ecrobot/../ecrobot/libecrobot.a(display.oram)
                              build/rtoscalls.o (display_update)
../../ecrobot/../ecrobot/libecrobot.a(i2c.oram)
                              build/config/at91sam7s-gnu/irq.oram (i2c_timer_isr_C)
../../ecrobot/../ecrobot/libecrobot.a(sound.oram)
                              ../../ecrobot/../ecrobot/libecrobot.a(ecrobot_interface.o) (sound_get_time)
../../ecrobot/../ecrobot/libecrobot.a(bt.oram)
                              build/ecrobot_bluetooth.o (bt_send)
../../ecrobot/../ecrobot/libecrobot.a(nxt_avr.oram)
                              build/ecrobot_base.o (nxt_avr_power_down)
../../ecrobot/../ecrobot/libecrobot.a(sensors.oram)
                              ../../ecrobot/../ecrobot/libecrobot.a(ecrobot_interface.o) (unset_digi0)
../../ecrobot/../ecrobot/libecrobot.a(sensors1.oram)
                              ../../ecrobot/../ecrobot/libecrobot.a(colorsensor.o) (sensor_pins)
../../ecrobot/../ecrobot/libecrobot.a(nxt_lcd.oram)
                              ../../ecrobot/../ecrobot/libecrobot.a(display.oram) (nxt_lcd_force_update)
../../ecrobot/../ecrobot/libecrobot.a(flash_loader.oram)
                              build/ecrobot.o (set_flash_request)
../../ecrobot/../ecrobot/libecrobot.a(interrupts.oram)
                              ../../ecrobot/../ecrobot/libecrobot.a(uart.oram) (interrupts_get_and_disable)
../../ecrobot/../ecrobot/libecrobot.a(nxtosek_splash.obmp)
                              build/ecrobot_base.o (nxtosek_splash_bmp_start)
../../ecrobot/../ecrobot/libecrobot.a(ecrobot_usb.o)
                              ../../ecrobot/../ecrobot/libecrobot.a(flash_loader.oram) (ecrobot_init_usb)
../../ecrobot/../ecrobot/libecrobot.a(flashprog.oram)
                              ../../ecrobot/../ecrobot/libecrobot.a(flash_loader.oram) (flash_write_page)
/cygdrive/C/Cygwin/GNUARM/bin/../lib/gcc/arm-elf/4.0.2/thumb/interwork/libgcc.a(_udivsi3.o)
                              build/ecrobot_base.o (__udivsi3)
/cygdrive/C/Cygwin/GNUARM/bin/../lib/gcc/arm-elf/4.0.2/thumb/interwork/libgcc.a(_divsi3.o)
                              ../../ecrobot/../ecrobot/libecrobot.a(uart.oram) (__divsi3)
[...]
Memory Configuration

Name             Origin             Length             Attributes
vector_ram       0x00200000         0x00000040
ram              0x00200040         0x0000ffc0
*default*        0x00000000         0xffffffff

Linker script and memory map

LOAD build/kernel/alarm.o
LOAD build/kernel/event.o
LOAD build/kernel/interrupt.o
LOAD build/kernel/osctl.o
LOAD build/kernel/resource.o
LOAD build/kernel/task.o
LOAD build/kernel/task_manage.o
LOAD build/config/at91sam7s-gnu/cpu_config.o
LOAD build/config/at91sam7s-gnu/lego_nxt/sys_config.o
LOAD build/./kernel_cfg.o
LOAD build/rtoscalls.o
LOAD build/syscalls.o
LOAD build/ecrobot_bluetooth.o
LOAD build/ecrobot_base.o
LOAD build/ecrobot.o
LOAD build/syslib/at91sam7s-gnu/lego_nxt/hw_sys_timer.oram
LOAD build/braco.o
LOAD build/nxtvm/platform/nxt/vectors.o
LOAD build/config/at91sam7s-gnu/debug.o
LOAD build/config/at91sam7s-gnu/lego_nxt/sys_support.o
LOAD build/nxt_binary_header.o
LOAD build/nxt_entry_point.o
LOAD build/ecrobot_init.o
LOAD build/config/at91sam7s-gnu/cpu_support.oram
LOAD build/config/at91sam7s-gnu/irq.oram
LOAD ../../ecrobot/../ecrobot/libecrobot++.a
LOAD ../../ecrobot/../ecrobot/libecrobot.a
LOAD /cygdrive/C/Cygwin/GNUARM/bin/../lib/gcc/arm-elf/4.0.2/../../../../arm-elf/lib/thumb/interwork/libstdc++.a
LOAD /cygdrive/C/Cygwin/GNUARM/bin/../lib/gcc/arm-elf/4.0.2/../../../../arm-elf/lib/thumb/interwork/libm.a
LOAD /cygdrive/C/Cygwin/GNUARM/bin/../lib/gcc/arm-elf/4.0.2/thumb/interwork/libgcc.a
LOAD /cygdrive/C/Cygwin/GNUARM/bin/../lib/gcc/arm-elf/4.0.2/../../../../arm-elf/lib/thumb/interwork/libc.a
LOAD /cygdrive/C/Cygwin/GNUARM/bin/../lib/gcc/arm-elf/4.0.2/thumb/interwork/libgcc.a
                0x00200000                RAM_BASE = 0x200000
                0x00010000                RAM_SIZE = 0x10000

.samba_reserved
                0x00200040     0x1fc0
                0x00202000                . = 0x1fc0
 *fill*         0x00200040     0x1fc0 00
                0x00200040                __samba_ram_start__ = ADDR (.samba_reserved)
                0x00202000                __samba_ram_end__ = (__samba_ram_start__ + SIZEOF (.samba_reserved))

.vectors        0x00200000       0x40 load address 0x00202000
 vectors.o(*.text *.text.*)
 .text          0x00200000       0x38 build/nxtvm/platform/nxt/vectors.o
                0x00200040                . = ALIGN (0x10)
 *fill*         0x00200038        0x8 00
                0x00200000                __vectors_ram_start__ = ADDR (.vectors)
                0x00200040                __vectors_ram_end__ = (ADDR (.vectors) + SIZEOF (.vectors))
                0x00202000                __vectors_load_start__ = LOADADDR (.vectors)
                0x00202040                __vectors_load_end__ = (LOADADDR (.vectors) + SIZEOF (.vectors))

.init           0x00202040      0x280
 *ecrobot_init.o(*.text *.text.*)
 .text          0x00202040      0x280 build/ecrobot_init.o
                0x002021ac                undef_handler
                0x002021b4                prefetch_abort_handler
                0x002021b8                data_abort_handler
                0x002021b0                swi_handler
                0x00202040                start
                0x002021d4                reserved_handler
                0x002022c0                . = ALIGN (0x10)

.ram_text       0x002022c0     0x32d0
                0x002022c0                . = ALIGN (0x10)
 *.oram(*.text *.text.* *.glue*)
 .text.systick_isr_C1
                0x002022c0       0x28 build/syslib/at91sam7s-gnu/lego_nxt/hw_sys_timer.oram
                0x002022c0                systick_isr_C1
 *fill*         0x002022e8        0x8 00
 .text          0x002022f0      0x230 build/config/at91sam7s-gnu/cpu_support.oram
                0x002024d0                enable_int
                0x00202370                start_dispatch
                0x00202330                activate_r
                0x002024c8                disable_int
                0x002022f0                dispatch
                0x0020249c                int_return
                0x0020242c                _interrupt
                0x00202360                exit_and_dispatch
                0x002024d8                nop
 .text          0x00202520      0x2c0 build/config/at91sam7s-gnu/irq.oram
                0x00202520                default_isr
                0x002026ac                uart_isr_entry_0
                0x0020262c                twi_isr_entry
                0x002026ec                uart_isr_entry_1
                0x002025ec                spi_isr_entry
                0x0020256c                systick_low_priority_entry
                0x0020272c                nxt_motor_isr_entry
                0x0020276c                i2c_timer_isr_entry
                0x00202520                default_fiq
                0x00202524                systick_isr_entry
                0x00202520                spurious_isr
                0x0020266c                sound_isr_entry
                0x002025ac                udp_isr_entry
 .text.uart_process_isr
                0x002027e0       0x88 ../../ecrobot/../ecrobot/libecrobot.a(uart.oram)
 .text.uart_isr_C_0
                0x00202868        0xc ../../ecrobot/../ecrobot/libecrobot.a(uart.oram)
                0x00202868                uart_isr_C_0
 .text.uart_isr_C_1
                0x00202874        0xc ../../ecrobot/../ecrobot/libecrobot.a(uart.oram)
                0x00202874                uart_isr_C_1
 .text.systick_low_priority_C
                0x00202880       0x1c ../../ecrobot/../ecrobot/libecrobot.a(systick.oram)
                0x00202880                systick_low_priority_C
 .text.systick_isr_C
                0x0020289c       0x24 ../../ecrobot/../ecrobot/libecrobot.a(systick.oram)
                0x0020289c                systick_isr_C
 .text.systick_get_ms
                0x002028c0        0xc ../../ecrobot/../ecrobot/libecrobot.a(systick.oram)
                0x002028c0                systick_get_ms
 .text.systick_wait_ms
                0x002028cc       0x1c ../../ecrobot/../ecrobot/libecrobot.a(systick.oram)
                0x002028cc                systick_wait_ms
 .text.systick_wait_ns
                0x002028e8       0x1c ../../ecrobot/../ecrobot/libecrobot.a(systick.oram)
                0x002028e8                systick_wait_ns
 .text.systick_init
                0x00202904       0x58 ../../ecrobot/../ecrobot/libecrobot.a(systick.oram)
                0x00202904                systick_init
 .text.systick_suspend
                0x0020295c        0xc ../../ecrobot/../ecrobot/libecrobot.a(systick.oram)
                0x0020295c                systick_suspend
 .text.systick_resume
                0x00202968        0xc ../../ecrobot/../ecrobot/libecrobot.a(systick.oram)
                0x00202968                systick_resume
 .text.byte_fifo_put
                0x00202974       0x58 ../../ecrobot/../ecrobot/libecrobot.a(byte_fifo.oram)
                0x00202974                byte_fifo_put
 .text.byte_fifo_get
                0x002029cc       0x2c ../../ecrobot/../ecrobot/libecrobot.a(byte_fifo.oram)
                0x002029cc                byte_fifo_get
 .text.aic_initialise
                0x002029f8       0x5c ../../ecrobot/../ecrobot/libecrobot.a(aic.oram)
                0x002029f8                aic_initialise
 .text.aic_set_vector
                0x00202a54       0x30 ../../ecrobot/../ecrobot/libecrobot.a(aic.oram)
                0x00202a54                aic_set_vector
 .text.aic_mask_on
                0x00202a84       0x24 ../../ecrobot/../ecrobot/libecrobot.a(aic.oram)
                0x00202a84                aic_mask_on
 .text.aic_mask_off
                0x00202aa8       0x24 ../../ecrobot/../ecrobot/libecrobot.a(aic.oram)
                0x00202aa8                aic_mask_off
 .text.aic_clear
                0x00202acc       0x24 ../../ecrobot/../ecrobot/libecrobot.a(aic.oram)
                0x00202acc                aic_clear
 .text.reset    0x00202af0       0x4c ../../ecrobot/../ecrobot/libecrobot.a(udp.oram)
 .text.udp_send_null
                0x00202b3c       0x2c ../../ecrobot/../ecrobot/libecrobot.a(udp.oram)
 .text.udp_send_stall
                0x00202b68       0x2c ../../ecrobot/../ecrobot/libecrobot.a(udp.oram)
 .text.udp_send_control
                0x00202b94       0x60 ../../ecrobot/../ecrobot/libecrobot.a(udp.oram)
 .text.udp_isr_C
                0x00202bf4      0x7d0 ../../ecrobot/../ecrobot/libecrobot.a(udp.oram)
                0x00202bf4                udp_isr_C
 .text.twi_status
                0x002033c4       0x20 ../../ecrobot/../ecrobot/libecrobot.a(twi.oram)
                0x002033c4                twi_status
 .text.twi_isr_C
                0x002033e4       0xc4 ../../ecrobot/../ecrobot/libecrobot.a(twi.oram)
                0x002033e4                twi_isr_C
 .text.twi_reset
                0x002034a8       0xb4 ../../ecrobot/../ecrobot/libecrobot.a(twi.oram)
                0x002034a8                twi_reset
 .text.twi_init
                0x0020355c       0x4c ../../ecrobot/../ecrobot/libecrobot.a(twi.oram)
                0x0020355c                twi_init
 .text.twi_start_read
                0x002035a8       0x60 ../../ecrobot/../ecrobot/libecrobot.a(twi.oram)
                0x002035a8                twi_start_read
 .text.twi_start_write
                0x00203608       0x64 ../../ecrobot/../ecrobot/libecrobot.a(twi.oram)
                0x00203608                twi_start_write
 .text.spi_set_mode
                0x0020366c       0x40 ../../ecrobot/../ecrobot/libecrobot.a(nxt_spi.oram)
 .text.spi_isr_C
                0x002036ac       0x8c ../../ecrobot/../ecrobot/libecrobot.a(nxt_spi.oram)
                0x002036ac                spi_isr_C
 .text.nxt_spi_init
                0x00203738      0x12c ../../ecrobot/../ecrobot/libecrobot.a(nxt_spi.oram)
                0x00203738                nxt_spi_init
 .text.nxt_spi_write
                0x00203864       0x44 ../../ecrobot/../ecrobot/libecrobot.a(nxt_spi.oram)
                0x00203864                nxt_spi_write
 .text.nxt_spi_set_display
                0x002038a8       0x10 ../../ecrobot/../ecrobot/libecrobot.a(nxt_spi.oram)
                0x002038a8                nxt_spi_set_display
 .text.nxt_spi_refresh
                0x002038b8       0x24 ../../ecrobot/../ecrobot/libecrobot.a(nxt_spi.oram)
                0x002038b8                nxt_spi_refresh
 .text.nxt_motor_get_count
                0x002038dc       0x14 ../../ecrobot/../ecrobot/libecrobot.a(nxt_motors.oram)
                0x002038dc                nxt_motor_get_count
 .text.nxt_motor_set_count
                0x002038f0       0x10 ../../ecrobot/../ecrobot/libecrobot.a(nxt_motors.oram)
                0x002038f0                nxt_motor_set_count
 .text.nxt_motor_set_speed
                0x00203900       0x34 ../../ecrobot/../ecrobot/libecrobot.a(nxt_motors.oram)
                0x00203900                nxt_motor_set_speed
 .text.nxt_motor_1kHz_process
                0x00203934       0x28 ../../ecrobot/../ecrobot/libecrobot.a(nxt_motors.oram)
                0x00203934                nxt_motor_1kHz_process
 .text.nxt_motor_quad_decode
                0x0020395c       0x30 ../../ecrobot/../ecrobot/libecrobot.a(nxt_motors.oram)
                0x0020395c                nxt_motor_quad_decode
 .text.nxt_motor_isr_C
                0x0020398c       0x88 ../../ecrobot/../ecrobot/libecrobot.a(nxt_motors.oram)
                0x0020398c                nxt_motor_isr_C
 .text.nxt_motor_init
                0x00203a14       0x68 ../../ecrobot/../ecrobot/libecrobot.a(nxt_motors.oram)
                0x00203a14                nxt_motor_init
 .text.data_abort_C
                0x00203a7c       0x7c ../../ecrobot/../ecrobot/libecrobot.a(data_abort.oram)
                0x00203a7c                data_abort_C
 .text.display_update
                0x00203af8       0x14 ../../ecrobot/../ecrobot/libecrobot.a(display.oram)
                0x00203af8                display_update
 .text.display_force_update
                0x00203b0c        0xc ../../ecrobot/../ecrobot/libecrobot.a(display.oram)
                0x00203b0c                display_force_update
 .text.display_clear
                0x00203b18       0x24 ../../ecrobot/../ecrobot/libecrobot.a(display.oram)
                0x00203b18                display_clear
 .text.display_goto_xy
                0x00203b3c       0x14 ../../ecrobot/../ecrobot/libecrobot.a(display.oram)
                0x00203b3c                display_goto_xy
 .text.display_char
                0x00203b50       0x60 ../../ecrobot/../ecrobot/libecrobot.a(display.oram)
                0x00203b50                display_char
 .text.display_string
                0x00203bb0       0x3c ../../ecrobot/../ecrobot/libecrobot.a(display.oram)
                0x00203bb0                display_string
 .text.display_hex
                0x00203bec       0x50 ../../ecrobot/../ecrobot/libecrobot.a(display.oram)
                0x00203bec                display_hex
 .text.display_unsigned_worker
                0x00203c3c       0x70 ../../ecrobot/../ecrobot/libecrobot.a(display.oram)
 .text.display_unsigned
                0x00203cac        0xc ../../ecrobot/../ecrobot/libecrobot.a(display.oram)
                0x00203cac                display_unsigned
 .text.display_int
                0x00203cb8       0x14 ../../ecrobot/../ecrobot/libecrobot.a(display.oram)
                0x00203cb8                display_int
 .text.display_bitmap_copy
                0x00203ccc       0x5c ../../ecrobot/../ecrobot/libecrobot.a(display.oram)
                0x00203ccc                display_bitmap_copy
 .text.display_init
                0x00203d28       0x50 ../../ecrobot/../ecrobot/libecrobot.a(display.oram)
                0x00203d28                display_init
 .text.i2c_timer_isr_C
                0x00203d78      0x314 ../../ecrobot/../ecrobot/libecrobot.a(i2c.oram)
                0x00203d78                i2c_timer_isr_C
 .text.i2c_disable
                0x0020408c       0x20 ../../ecrobot/../ecrobot/libecrobot.a(i2c.oram)
                0x0020408c                i2c_disable
 .text.i2c_init
                0x002040ac       0xa4 ../../ecrobot/../ecrobot/libecrobot.a(i2c.oram)
                0x002040ac                i2c_init
 .text.i2c_busy
                0x00204150       0x24 ../../ecrobot/../ecrobot/libecrobot.a(i2c.oram)
                0x00204150                i2c_busy
 .text.sound_fill_sample_buffer
                0x00204174       0xe4 ../../ecrobot/../ecrobot/libecrobot.a(sound.oram)
                0x00204174                sound_fill_sample_buffer
 .text.sound_init
                0x00204258       0xa0 ../../ecrobot/../ecrobot/libecrobot.a(sound.oram)
                0x00204258                sound_init
 .text.sound_isr_C
                0x002042f8      0x144 ../../ecrobot/../ecrobot/libecrobot.a(sound.oram)
                0x002042f8                sound_isr_C
 .text.bt_init  0x0020443c      0x1c0 ../../ecrobot/../ecrobot/libecrobot.a(bt.oram)
                0x0020443c                bt_init
 .text.bt_send  0x002045fc       0x5c ../../ecrobot/../ecrobot/libecrobot.a(bt.oram)
                0x002045fc                bt_send
 .text.bt_write
                0x00204658       0x70 ../../ecrobot/../ecrobot/libecrobot.a(bt.oram)
                0x00204658                bt_write
 .text.bt_pending
                0x002046c8       0x50 ../../ecrobot/../ecrobot/libecrobot.a(bt.oram)
                0x002046c8                bt_pending
 .text.bt_clear_arm7_cmd
                0x00204718       0x10 ../../ecrobot/../ecrobot/libecrobot.a(bt.oram)
                0x00204718                bt_clear_arm7_cmd
 .text.bt_set_arm7_cmd
                0x00204728       0x10 ../../ecrobot/../ecrobot/libecrobot.a(bt.oram)
                0x00204728                bt_set_arm7_cmd
 .text.bt_receive
                0x00204738      0x160 ../../ecrobot/../ecrobot/libecrobot.a(bt.oram)
                0x00204738                bt_receive
 .text.bt_reset
                0x00204898       0x84 ../../ecrobot/../ecrobot/libecrobot.a(bt.oram)
                0x00204898                bt_reset
 .text.nxt_avr_power_down
                0x0020491c       0x10 ../../ecrobot/../ecrobot/libecrobot.a(nxt_avr.oram)
                0x0020491c                nxt_avr_power_down
 .text.nxt_avr_link_init
                0x0020492c       0x20 ../../ecrobot/../ecrobot/libecrobot.a(nxt_avr.oram)
                0x0020492c                nxt_avr_link_init
 .text.nxt_avr_init
                0x0020494c       0x6c ../../ecrobot/../ecrobot/libecrobot.a(nxt_avr.oram)
                0x0020494c                nxt_avr_init
 .text.nxt_avr_1kHz_update
                0x002049b8      0x1cc ../../ecrobot/../ecrobot/libecrobot.a(nxt_avr.oram)
                0x002049b8                nxt_avr_1kHz_update
 .text.buttons_get
                0x00204b84        0xc ../../ecrobot/../ecrobot/libecrobot.a(nxt_avr.oram)
                0x00204b84                buttons_get
 .text.battery_voltage
                0x00204b90       0x28 ../../ecrobot/../ecrobot/libecrobot.a(nxt_avr.oram)
                0x00204b90                battery_voltage
 .text.sensor_adc
                0x00204bb8       0x20 ../../ecrobot/../ecrobot/libecrobot.a(nxt_avr.oram)
                0x00204bb8                sensor_adc
 .text.nxt_avr_set_motor
                0x00204bd8       0x34 ../../ecrobot/../ecrobot/libecrobot.a(nxt_avr.oram)
                0x00204bd8                nxt_avr_set_motor
 .text.nxt_avr_set_input_power
                0x00204c0c       0x3c ../../ecrobot/../ecrobot/libecrobot.a(nxt_avr.oram)
                0x00204c0c                nxt_avr_set_input_power
 .text.unset_digi0
                0x00204c48       0x44 ../../ecrobot/../ecrobot/libecrobot.a(sensors.oram)
                0x00204c48                unset_digi0
 .text.unset_digi1
                0x00204c8c       0x44 ../../ecrobot/../ecrobot/libecrobot.a(sensors.oram)
                0x00204c8c                unset_digi1
 .text.init_sensors
                0x00204cd0       0x4c ../../ecrobot/../ecrobot/libecrobot.a(sensors.oram)
                0x00204cd0                init_sensors
 .text.nxt_lcd_command
                0x00204d1c       0x18 ../../ecrobot/../ecrobot/libecrobot.a(nxt_lcd.oram)
                0x00204d1c                nxt_lcd_command
 .text.nxt_lcd_set_col
                0x00204d34       0x24 ../../ecrobot/../ecrobot/libecrobot.a(nxt_lcd.oram)
                0x00204d34                nxt_lcd_set_col
 .text.nxt_lcd_set_multiplex_rate
                0x00204d58       0x18 ../../ecrobot/../ecrobot/libecrobot.a(nxt_lcd.oram)
                0x00204d58                nxt_lcd_set_multiplex_rate
 .text.nxt_lcd_set_page_address
                0x00204d70       0x18 ../../ecrobot/../ecrobot/libecrobot.a(nxt_lcd.oram)
                0x00204d70                nxt_lcd_set_page_address
 .text.nxt_lcd_set_pot
                0x00204d88       0x1c ../../ecrobot/../ecrobot/libecrobot.a(nxt_lcd.oram)
                0x00204d88                nxt_lcd_set_pot
 .text.nxt_lcd_set_ram_address_control
                0x00204da4       0x18 ../../ecrobot/../ecrobot/libecrobot.a(nxt_lcd.oram)
                0x00204da4                nxt_lcd_set_ram_address_control
 .text.nxt_lcd_enable
                0x00204dbc       0x14 ../../ecrobot/../ecrobot/libecrobot.a(nxt_lcd.oram)
                0x00204dbc                nxt_lcd_enable
 .text.nxt_lcd_set_map_control
                0x00204dd0       0x18 ../../ecrobot/../ecrobot/libecrobot.a(nxt_lcd.oram)
                0x00204dd0                nxt_lcd_set_map_control
 .text.nxt_lcd_reset
                0x00204de8        0xc ../../ecrobot/../ecrobot/libecrobot.a(nxt_lcd.oram)
                0x00204de8                nxt_lcd_reset
 .text.nxt_lcd_set_bias_ratio
                0x00204df4       0x18 ../../ecrobot/../ecrobot/libecrobot.a(nxt_lcd.oram)
                0x00204df4                nxt_lcd_set_bias_ratio
 .text.nxt_lcd_force_update
                0x00204e0c       0x30 ../../ecrobot/../ecrobot/libecrobot.a(nxt_lcd.oram)
                0x00204e0c                nxt_lcd_force_update
 .text.nxt_lcd_update
                0x00204e3c        0xc ../../ecrobot/../ecrobot/libecrobot.a(nxt_lcd.oram)
                0x00204e3c                nxt_lcd_update
 .text.nxt_lcd_power_up
                0x00204e48       0x48 ../../ecrobot/../ecrobot/libecrobot.a(nxt_lcd.oram)
                0x00204e48                nxt_lcd_power_up
 .text.nxt_lcd_power_down
                0x00204e90        0xc ../../ecrobot/../ecrobot/libecrobot.a(nxt_lcd.oram)
                0x00204e90                nxt_lcd_power_down
 .text.nxt_lcd_init
                0x00204e9c       0x18 ../../ecrobot/../ecrobot/libecrobot.a(nxt_lcd.oram)
                0x00204e9c                nxt_lcd_init
 .text.verify_flash_page
                0x00204eb4       0x34 ../../ecrobot/../ecrobot/libecrobot.a(flash_loader.oram)
 .text.set_flash_request
                0x00204ee8       0x38 ../../ecrobot/../ecrobot/libecrobot.a(flash_loader.oram)
                0x00204ee8                set_flash_request
 .text.nxt_device_init
                0x00204f20       0x38 ../../ecrobot/../ecrobot/libecrobot.a(flash_loader.oram)
                0x00204f20                nxt_device_init
 .text          0x00204f58       0x68 ../../ecrobot/../ecrobot/libecrobot.a(interrupts.oram)
                0x00204fb0                fiq_enable
                0x00204f58                interrupts_get_and_disable
                0x00204f8c                fiq_get_and_disable
                0x00204f7c                interrupts_enable
 .text.flash_write_page
                0x00204fc0       0xc0 ../../ecrobot/../ecrobot/libecrobot.a(flashprog.oram)
                0x00204fc0                flash_write_page
                0x00205080                . = ALIGN (0x10)
 *.oram(*.rodata *.rodata.*)
 .rodata.ld     0x00205080        0x4 ../../ecrobot/../ecrobot/libecrobot.a(udp.oram)
 .rodata.cfd    0x00205084       0x20 ../../ecrobot/../ecrobot/libecrobot.a(udp.oram)
 .rodata.dd     0x002050a4       0x12 ../../ecrobot/../ecrobot/libecrobot.a(udp.oram)
 *fill*         0x002050b6        0x2 00
 .rodata.str1.4
                0x002050b8       0x22 ../../ecrobot/../ecrobot/libecrobot.a(data_abort.oram)
                                 0x24 (size before relaxing)
 .rodata.font   0x002050da      0x280 ../../ecrobot/../ecrobot/libecrobot.a(display.oram)
 *fill*         0x0020535a        0x2 00
 .rodata.str1.4
                0x0020535c       0x76 ../../ecrobot/../ecrobot/libecrobot.a(display.oram)
                                 0x78 (size before relaxing)
 *fill*         0x002053d2        0x2 00
 .rodata.i2c_pin
                0x002053d4       0x20 ../../ecrobot/../ecrobot/libecrobot.a(i2c.oram)
 .rodata.i2c_timer_isr_C
                0x002053f4       0x38 ../../ecrobot/../ecrobot/libecrobot.a(i2c.oram)
 .rodata.silence
                0x0020542c       0x40 ../../ecrobot/../ecrobot/libecrobot.a(sound.oram)
                0x0020542c                silence
 .rodata.sample_pattern
                0x0020546c       0x84 ../../ecrobot/../ecrobot/libecrobot.a(sound.oram)
                0x0020546c                sample_pattern
 .rodata        0x002054f0        0xc ../../ecrobot/../ecrobot/libecrobot.a(sound.oram)
 .rodata.avr_brainwash_string
                0x002054fc       0x30 ../../ecrobot/../ecrobot/libecrobot.a(nxt_avr.oram)
                0x002054fc                avr_brainwash_string
 .rodata.nxt_avr_1kHz_update
                0x0020552c       0x14 ../../ecrobot/../ecrobot/libecrobot.a(nxt_avr.oram)
 .rodata.C.33.1823
                0x00205540       0x10 ../../ecrobot/../ecrobot/libecrobot.a(sensors.oram)
 .rodata.C.37.1857
                0x00205550       0x10 ../../ecrobot/../ecrobot/libecrobot.a(sensors.oram)
 .rodata.str1.4
                0x00205560       0x23 ../../ecrobot/../ecrobot/libecrobot.a(flash_loader.oram)
                                 0x24 (size before relaxing)
                0x00205590                . = ALIGN (0x10)
 *fill*         0x00205583        0xd 00
                0x002022c0                __ramtext_ram_start__ = ADDR (.ram_text)
                0x00205590                __ramtext_ram_end__ = (ADDR (.ram_text) + SIZEOF (.ram_text))
                0x002022c0                __ramtext_load_start__ = LOADADDR (.ram_text)
                0x00205590                __ramtext_load_end__ = (__ramtext_load_start__ + SIZEOF (.ram_text))

.wav_data       0x00205590        0x0
 *.owav(*.data *.data.*)
                0x00205590                . = ALIGN (0x10)

.bmp_data       0x00205590      0x440
 *.obmp(*.data *.data.*)
 .data          0x00205590      0x43e ../../ecrobot/../ecrobot/libecrobot.a(nxtosek_splash.obmp)
                0x00205590                nxtosek_splash_bmp_start
                0x002059ce                nxtosek_splash_bmp_end
                0x002059d0                . = ALIGN (0x10)
 *fill*         0x002059ce        0x2 00

.spr_data       0x002059d0        0x0
 *.ospr(*.data *.data.*)
                0x002059d0                . = ALIGN (0x10)

.data           0x002059d0      0x870
 *(*.data *.data.*)
 .data.bt_status
                0x002059d0        0x1 build/ecrobot_bluetooth.o
 *fill*         0x002059d1        0x3 00
 .data.PASSKEY  0x002059d4        0x4 build/braco.o
 .data.deviceStatus
                0x002059d8        0x1 ../../ecrobot/../ecrobot/libecrobot.a(ecrobot_interface.o)
 .data.named    0x002059d9       0x22 ../../ecrobot/../ecrobot/libecrobot.a(udp.oram)
 .data.snd      0x002059fb       0x1a ../../ecrobot/../ecrobot/libecrobot.a(udp.oram)
 *fill*         0x00205a15        0x3 00
 .data.configured
                0x00205a18        0x4 ../../ecrobot/../ecrobot/libecrobot.a(udp.oram)
 .data.mode     0x00205a1c        0x1 ../../ecrobot/../ecrobot/libecrobot.a(nxt_spi.oram)
                0x00205a1c                mode
 *fill*         0x00205a1d        0x3 00
 .bss.data      0x00205a20        0x4 ../../ecrobot/../ecrobot/libecrobot.a(nxt_spi.oram)
                0x00205a20                data
 .data.display_auto_update
                0x00205a24        0x4 ../../ecrobot/../ecrobot/libecrobot.a(display.oram)
                0x00205a24                display_auto_update
 .data.display_buffer
                0x00205a28        0x4 ../../ecrobot/../ecrobot/libecrobot.a(display.oram)
 .data          0x00205a2c      0x410 /cygdrive/C/Cygwin/GNUARM/bin/../lib/gcc/arm-elf/4.0.2/../../../../arm-elf/lib/thumb/interwork/libc.a(mallocr.o)
                0x00205a2c                __malloc_sbrk_base
                0x00205a34                __malloc_av_
                0x00205a30                __malloc_trim_threshold
 .data          0x00205e3c      0x404 /cygdrive/C/Cygwin/GNUARM/bin/../lib/gcc/arm-elf/4.0.2/../../../../arm-elf/lib/thumb/interwork/libc.a(impure.o)
                0x0020623c                _impure_ptr
                0x00206240                . = ALIGN (0x10)
                0x002059d0                __data_ram_start__ = ADDR (.data)
                0x00206240                __data_ram_end__ = (ADDR (.data) + SIZEOF (.data))
                0x002059d0                __data_load_start__ = LOADADDR (.data)
                0x00206240                __data_load_end__ = (__data_load_start__ + SIZEOF (.data))

.text           0x00206240     0x26e0
                0x00206240                . = ALIGN (0x10)
 *(*.text *.text.* *.glue*)
 .text.SetEvent
                0x00206240       0xac build/kernel/event.o
                0x00206240                SetEvent
 .text.StartOS  0x002062ec       0x58 build/kernel/osctl.o
                0x002062ec                StartOS
 .text.ShutdownOS
                0x00206344       0x4c build/kernel/osctl.o
                0x00206344                ShutdownOS
 .text.call_pretaskhook
                0x00206390       0x24 build/kernel/osctl.o
                0x00206390                call_pretaskhook
 .text.call_errorhook
                0x002063b4       0x78 build/kernel/osctl.o
                0x002063b4                call_errorhook
 .text.call_posttaskhook
                0x0020642c       0x24 build/kernel/osctl.o
                0x0020642c                call_posttaskhook
 .text.make_runnable
                0x00206450       0xac build/kernel/task.o
                0x00206450                make_runnable
 .text.make_active
                0x002064fc       0x78 build/kernel/task.o
                0x002064fc                make_active
 .text.task_initialize
                0x00206574       0x90 build/kernel/task.o
                0x00206574                task_initialize
 .text.cpu_initialize
                0x00206604        0x4 build/config/at91sam7s-gnu/cpu_config.o
                0x00206604                cpu_initialize
 .text.cpu_terminate
                0x00206608        0x4 build/config/at91sam7s-gnu/cpu_config.o
                0x00206608                cpu_terminate
 .text.sys_initialize
                0x0020660c        0x4 build/config/at91sam7s-gnu/lego_nxt/sys_config.o
                0x0020660c                sys_initialize
 .text.sys_exit
                0x00206610        0x4 build/config/at91sam7s-gnu/lego_nxt/sys_config.o
                0x00206610                sys_exit
 .text.object_initialize
                0x00206614        0xc build/./kernel_cfg.o
                0x00206614                object_initialize
 .text.SleeperMonitor
                0x00206620       0x84 build/rtoscalls.o
                0x00206620                SleeperMonitor
 .text.AssertDeviceConstructor
                0x002066a4       0x2c build/rtoscalls.o
                0x002066a4                AssertDeviceConstructor
 .text._sbrk_r  0x002066d0       0x1c build/syscalls.o
                0x002066d0                _sbrk_r
 .text.ecrobot_get_bt_status
                0x002066ec       0x10 build/ecrobot_bluetooth.o
                0x002066ec                ecrobot_get_bt_status
 .text.close_bt_stream
                0x002066fc       0x2c build/ecrobot_bluetooth.o
 .text.ecrobot_send_bt_packet
                0x00206728       0x54 build/ecrobot_bluetooth.o
                0x00206728                ecrobot_send_bt_packet
 .text.ecrobot_read_bt_packet
                0x0020677c       0x4c build/ecrobot_bluetooth.o
                0x0020677c                ecrobot_read_bt_packet
 .text.send_bt_command
                0x002067c8       0x40 build/ecrobot_bluetooth.o
 .text.ecrobot_term_bt_connection
                0x00206808       0x48 build/ecrobot_bluetooth.o
                0x00206808                ecrobot_term_bt_connection
 .text.ecrobot_set_bt_device_name
                0x00206850       0x4c build/ecrobot_bluetooth.o
                0x00206850                ecrobot_set_bt_device_name
 .text.read_bt_command
                0x0020689c       0x5c build/ecrobot_bluetooth.o
 .text.open_bt_stream
                0x002068f8       0x50 build/ecrobot_bluetooth.o
 .text.ecrobot_get_bt_device_name
                0x00206948       0x74 build/ecrobot_bluetooth.o
                0x00206948                ecrobot_get_bt_device_name
 .text.ecrobot_get_bt_device_address
                0x002069bc       0x6c build/ecrobot_bluetooth.o
                0x002069bc                ecrobot_get_bt_device_address
 .text.ecrobot_init_bt_slave
                0x00206a28      0x12c build/ecrobot_bluetooth.o
                0x00206a28                ecrobot_init_bt_slave
 .text.init_OS_flag
                0x00206b54        0xc build/ecrobot_base.o
                0x00206b54                init_OS_flag
 .text.set_OS_flag
                0x00206b60        0xc build/ecrobot_base.o
                0x00206b60                set_OS_flag
 .text.get_OS_flag
                0x00206b6c        0xc build/ecrobot_base.o
                0x00206b6c                get_OS_flag
 .text.cpp_constructor
                0x00206b78       0x28 build/ecrobot_base.o
                0x00206b78                cpp_constructor
 .text.cpp_destructor
                0x00206ba0       0x28 build/ecrobot_base.o
                0x00206ba0                cpp_destructor
 .text.execution_mode
                0x00206bc8       0x24 build/ecrobot_base.o
                0x00206bc8                execution_mode
 .text.show_main_screen
                0x00206bec       0x48 build/ecrobot_base.o
                0x00206bec                show_main_screen
 .text.display_status_bar
                0x00206c34       0x5c build/ecrobot_base.o
                0x00206c34                display_status_bar
 .text.check_NXT_buttons
                0x00206c90       0x7c build/ecrobot_base.o
                0x00206c90                check_NXT_buttons
 .text.show_bd_addr
                0x00206d0c       0x44 build/ecrobot_base.o
                0x00206d0c                show_bd_addr
 .text.show_bd_addr_err
                0x00206d50       0x3c build/ecrobot_base.o
                0x00206d50                show_bd_addr_err
 .text.add_status_info
                0x00206d8c       0x68 build/ecrobot_base.o
                0x00206d8c                add_status_info
 .text.show_splash_screen
                0x00206df4       0x90 build/ecrobot_base.o
                0x00206df4                show_splash_screen
 .text.main     0x00206e84      0x10c build/ecrobot.o
                0x00206e84                main
 .text.user_1ms_isr_type2
                0x00206f90        0xc build/braco.o
                0x00206f90                user_1ms_isr_type2
 .text.moverBraco
                0x00206f9c      0x2d8 build/braco.o
                0x00206f9c                moverBraco
 .text.TaskMainTaskMain
                0x00207274       0xc0 build/braco.o
                0x00207274                TaskMainTaskMain
 .text._Z41__static_initialization_and_destruction_0ii
                0x00207334       0xc0 build/braco.o
 .text._GLOBAL__D_nxt
                0x002073f4       0x14 build/braco.o
 .text._GLOBAL__I_nxt
                0x00207408       0x14 build/braco.o
 .text._ZN7ecrobot9BluetoothC1Ev
                0x0020741c       0x18 ../../ecrobot/../ecrobot/libecrobot++.a(Bluetooth.o)
                0x0020741c                _ZN7ecrobot9BluetoothC1Ev
 .text._ZN7ecrobot9Bluetooth17waitForConnectionEPKcm
                0x00207434       0x4c ../../ecrobot/../ecrobot/libecrobot++.a(Bluetooth.o)
                0x00207434                _ZN7ecrobot9Bluetooth17waitForConnectionEPKcm
 .text._ZN7ecrobot9Bluetooth23cancelWaitForConnectionEv
                0x00207480        0x8 ../../ecrobot/../ecrobot/libecrobot++.a(Bluetooth.o)
                0x00207480                _ZN7ecrobot9Bluetooth23cancelWaitForConnectionEv
 .text._ZNK7ecrobot9Bluetooth16getDeviceAddressEPh
                0x00207488       0x14 ../../ecrobot/../ecrobot/libecrobot++.a(Bluetooth.o)
                0x00207488                _ZNK7ecrobot9Bluetooth16getDeviceAddressEPh
 .text._ZNK7ecrobot9Bluetooth15getFriendlyNameEPc
                0x0020749c       0x14 ../../ecrobot/../ecrobot/libecrobot++.a(Bluetooth.o)
                0x0020749c                _ZNK7ecrobot9Bluetooth15getFriendlyNameEPc
 .text._ZN7ecrobot9Bluetooth15setFriendlyNameEPKc
                0x002074b0       0x14 ../../ecrobot/../ecrobot/libecrobot++.a(Bluetooth.o)
                0x002074b0                _ZN7ecrobot9Bluetooth15setFriendlyNameEPKc
 .text._ZN7ecrobot9Bluetooth4sendEPhm
                0x002074c4       0x10 ../../ecrobot/../ecrobot/libecrobot++.a(Bluetooth.o)
                0x002074c4                _ZN7ecrobot9Bluetooth4sendEPhm
 .text._ZNK7ecrobot9Bluetooth7receiveEPhm
                0x002074d4       0x10 ../../ecrobot/../ecrobot/libecrobot++.a(Bluetooth.o)
                0x002074d4                _ZNK7ecrobot9Bluetooth7receiveEPhm
 .text._ZN7ecrobot9Bluetooth5closeEv
                0x002074e4       0x14 ../../ecrobot/../ecrobot/libecrobot++.a(Bluetooth.o)
                0x002074e4                _ZN7ecrobot9Bluetooth5closeEv
 .text._ZN7ecrobot9BluetoothD1Ev
                0x002074f8        0xc ../../ecrobot/../ecrobot/libecrobot++.a(Bluetooth.o)
                0x002074f8                _ZN7ecrobot9BluetoothD1Ev
 .text._ZN7ecrobot5ClockC1Ev
                0x00207504       0x10 ../../ecrobot/../ecrobot/libecrobot++.a(Clock.o)
                0x00207504                _ZN7ecrobot5ClockC1Ev
 .text._ZN7ecrobot5Clock4waitEm
                0x00207514       0x10 ../../ecrobot/../ecrobot/libecrobot++.a(Clock.o)
                0x00207514                _ZN7ecrobot5Clock4waitEm
 .text._ZN7ecrobot3LcdC1Ev
                0x00207524        0x8 ../../ecrobot/../ecrobot/libecrobot++.a(Lcd.o)
                0x00207524                _ZN7ecrobot3LcdC1Ev
 .text._ZN7ecrobot3Lcd5clearEb
                0x0020752c       0x20 ../../ecrobot/../ecrobot/libecrobot++.a(Lcd.o)
                0x0020752c                _ZN7ecrobot3Lcd5clearEb
 .text._ZN7ecrobot3Lcd6cursorEmm
                0x0020754c       0x20 ../../ecrobot/../ecrobot/libecrobot++.a(Lcd.o)
                0x0020754c                _ZN7ecrobot3Lcd6cursorEmm
 .text._ZN7ecrobot3Lcd4putfEPKcz
                0x0020756c       0x98 ../../ecrobot/../ecrobot/libecrobot++.a(Lcd.o)
                0x0020756c                _ZN7ecrobot3Lcd4putfEPKcz
 .text._ZN7ecrobot3Lcd4dispEv
                0x00207604        0xc ../../ecrobot/../ecrobot/libecrobot++.a(Lcd.o)
                0x00207604                _ZN7ecrobot3Lcd4dispEv
 .text._ZN7ecrobot5MotorC1E6ePortMb
                0x00207610       0x18 ../../ecrobot/../ecrobot/libecrobot++.a(Motor.o)
                0x00207610                _ZN7ecrobot5MotorC1E6ePortMb
 .text._ZN7ecrobot5MotorD1Ev
                0x00207628       0x10 ../../ecrobot/../ecrobot/libecrobot++.a(Motor.o)
                0x00207628                _ZN7ecrobot5MotorD1Ev
 .text._ZN7ecrobot5Motor6setPWMEa
                0x00207638       0x3c ../../ecrobot/../ecrobot/libecrobot++.a(Motor.o)
                0x00207638                _ZN7ecrobot5Motor6setPWMEa
 .text._ZN7ecrobot3NxtC1Ev
                0x00207674        0x4 ../../ecrobot/../ecrobot/libecrobot++.a(Nxt.o)
                0x00207674                _ZN7ecrobot3NxtC1Ev
 .text._ZNK7ecrobot3Nxt10getButtonsEv
                0x00207678       0x28 ../../ecrobot/../ecrobot/libecrobot++.a(Nxt.o)
                0x00207678                _ZNK7ecrobot3Nxt10getButtonsEv
 .text._ZN7ecrobot11TouchSensorC1E6ePortS
                0x002076a0       0x30 ../../ecrobot/../ecrobot/libecrobot++.a(TouchSensor.o)
                0x002076a0                _ZN7ecrobot11TouchSensorC1E6ePortS
 .text._ZNK7ecrobot11TouchSensor9isPressedEv
                0x002076d0       0x20 ../../ecrobot/../ecrobot/libecrobot++.a(TouchSensor.o)
                0x002076d0                _ZNK7ecrobot11TouchSensor9isPressedEv
 .text._ZN7ecrobot12BTConnection7connectEPKcS2_
                0x002076f0      0x174 ../../ecrobot/../ecrobot/libecrobot++.a(BTConnection.o)
                0x002076f0                _ZN7ecrobot12BTConnection7connectEPKcS2_
 .text._ZdlPv   0x00207864        0xc ../../ecrobot/../ecrobot/libecrobot++.a(New.o)
                0x00207864                _ZdlPv
 .text.ecrobot_device_initialize
                0x00207870        0x4 ../../ecrobot/../ecrobot/libecrobot.a(ecrobot_device_hook.o)
                0x00207870                ecrobot_device_initialize
 .text.ecrobot_device_terminate
                0x00207874        0x4 ../../ecrobot/../ecrobot/libecrobot.a(ecrobot_device_hook.o)
                0x00207874                ecrobot_device_terminate
 .text.ecrobot_get_battery_voltage
                0x00207878        0xc ../../ecrobot/../ecrobot/libecrobot.a(ecrobot_interface.o)
                0x00207878                ecrobot_get_battery_voltage
 .text.ecrobot_get_button_state
                0x00207884        0xc ../../ecrobot/../ecrobot/libecrobot.a(ecrobot_interface.o)
                0x00207884                ecrobot_get_button_state
 .text.ecrobot_init_nxtstate
                0x00207890       0x28 ../../ecrobot/../ecrobot/libecrobot.a(ecrobot_interface.o)
                0x00207890                ecrobot_init_nxtstate
 .text.ecrobot_poll_nxtstate
                0x002078b8       0x64 ../../ecrobot/../ecrobot/libecrobot.a(ecrobot_interface.o)
                0x002078b8                ecrobot_poll_nxtstate
 .text.ecrobot_setDeviceInitialized
                0x0020791c       0x18 ../../ecrobot/../ecrobot/libecrobot.a(ecrobot_interface.o)
                0x0020791c                ecrobot_setDeviceInitialized
 .text.ecrobot_initDeviceStatus
                0x00207934        0xc ../../ecrobot/../ecrobot/libecrobot.a(ecrobot_interface.o)
                0x00207934                ecrobot_initDeviceStatus
 .text.ecrobot_bmp2lcd
                0x00207940      0x1c8 ../../ecrobot/../ecrobot/libecrobot.a(ecrobot_interface.o)
                0x00207940                ecrobot_bmp2lcd
 .text.ecrobot_is_ENTER_button_pressed
                0x00207b08       0x10 ../../ecrobot/../ecrobot/libecrobot.a(ecrobot_interface.o)
                0x00207b08                ecrobot_is_ENTER_button_pressed
 .text.ecrobot_is_RUN_button_pressed
                0x00207b18       0x10 ../../ecrobot/../ecrobot/libecrobot.a(ecrobot_interface.o)
                0x00207b18                ecrobot_is_RUN_button_pressed
 .text.StartupHook
                0x00207b28        0x4 ../../ecrobot/../ecrobot/libecrobot.a(osek_hook.o)
                0x00207b28                StartupHook
 .text.PreTaskHook
                0x00207b2c        0x4 ../../ecrobot/../ecrobot/libecrobot.a(osek_hook.o)
                0x00207b2c                PreTaskHook
 .text.PostTaskHook
                0x00207b30        0x4 ../../ecrobot/../ecrobot/libecrobot.a(osek_hook.o)
                0x00207b30                PostTaskHook
 .text.ErrorHook
                0x00207b34        0x4 ../../ecrobot/../ecrobot/libecrobot.a(osek_hook.o)
                0x00207b34                ErrorHook
 .text.ShutdownHook
                0x00207b38        0x4 ../../ecrobot/../ecrobot/libecrobot.a(osek_hook.o)
                0x00207b38                ShutdownHook
 .text          0x00207b3c       0x8c /cygdrive/C/Cygwin/GNUARM/bin/../lib/gcc/arm-elf/4.0.2/thumb/interwork/libgcc.a(_udivsi3.o)
                0x00207b3c                __udivsi3
                0x00207bb8                __aeabi_uidivmod
 .text          0x00207bc8       0xc8 /cygdrive/C/Cygwin/GNUARM/bin/../lib/gcc/arm-elf/4.0.2/thumb/interwork/libgcc.a(_umodsi3.o)
                0x00207bc8                __umodsi3
 .text          0x00207c90        0x4 /cygdrive/C/Cygwin/GNUARM/bin/../lib/gcc/arm-elf/4.0.2/thumb/interwork/libgcc.a(_dvmd_tls.o)
                0x00207c90                __aeabi_ldiv0
                0x00207c90                __div0
                0x00207c90                __aeabi_idiv0
 .text          0x00207c94       0x28 /cygdrive/C/Cygwin/GNUARM/bin/../lib/gcc/arm-elf/4.0.2/../../../../arm-elf/lib/thumb/interwork/libc.a(malloc.o)
                0x00207c94                malloc
                0x00207ca8                free
 .text          0x00207cbc      0x548 /cygdrive/C/Cygwin/GNUARM/bin/../lib/gcc/arm-elf/4.0.2/../../../../arm-elf/lib/thumb/interwork/libc.a(mallocr.o)
                0x00207cbc                _malloc_r
 .text          0x00208204       0x68 /cygdrive/C/Cygwin/GNUARM/bin/../lib/gcc/arm-elf/4.0.2/../../../../arm-elf/lib/thumb/interwork/libc.a(memcpy.o)
                0x00208204                memcpy
 .text          0x0020826c       0x68 /cygdrive/C/Cygwin/GNUARM/bin/../lib/gcc/arm-elf/4.0.2/../../../../arm-elf/lib/thumb/interwork/libc.a(memset.o)
                0x0020826c                memset
 .text          0x002082d4        0x8 /cygdrive/C/Cygwin/GNUARM/bin/../lib/gcc/arm-elf/4.0.2/../../../../arm-elf/lib/thumb/interwork/libc.a(mlock.o)
                0x002082d8                __malloc_unlock
                0x002082d4                __malloc_lock
 .text          0x002082dc       0x60 /cygdrive/C/Cygwin/GNUARM/bin/../lib/gcc/arm-elf/4.0.2/../../../../arm-elf/lib/thumb/interwork/libc.a(strcpy.o)
                0x002082dc                strcpy
 .text          0x0020833c       0x48 /cygdrive/C/Cygwin/GNUARM/bin/../lib/gcc/arm-elf/4.0.2/../../../../arm-elf/lib/thumb/interwork/libc.a(strlen.o)
                0x0020833c                strlen
 .text          0x00208384       0x84 /cygdrive/C/Cygwin/GNUARM/bin/../lib/gcc/arm-elf/4.0.2/../../../../arm-elf/lib/thumb/interwork/libc.a(strncpy.o)
                0x00208384                strncpy
 .text          0x00208408      0x260 /cygdrive/C/Cygwin/GNUARM/bin/../lib/gcc/arm-elf/4.0.2/../../../../arm-elf/lib/thumb/interwork/libc.a(freer.o)
                0x002084a8                _free_r
                0x00208408                _malloc_trim_r
 .glue_7        0x00208668       0x30 /cygdrive/C/Cygwin/GNUARM/bin/../lib/gcc/arm-elf/4.0.2/../../../../arm-elf/lib/thumb/interwork/libc.a(freer.o)
                0x00208680                __call_posttaskhook_from_arm
                0x00208669                __ecrobot_debug1_from_arm
                0x00208675                __ecrobot_debug2_from_arm
                0x0020868c                __call_pretaskhook_from_arm
 .glue_7t       0x00208698       0x60 /cygdrive/C/Cygwin/GNUARM/bin/../lib/gcc/arm-elf/4.0.2/../../../../arm-elf/lib/thumb/interwork/libc.a(freer.o)
                0x002086c4                __start_change_to_arm
                0x002086e0                __interrupts_get_and_disable_from_thumb
                0x002086d9                ____gtdf2_from_thumb
                0x002086b9                __exit_and_dispatch_from_thumb
                0x002086bc                __exit_and_dispatch_change_to_arm
                0x00208698                __disable_int_from_thumb
                0x002086b0                __start_dispatch_from_thumb
                0x002086c0                __start_from_thumb
                0x002086d4                ____muldf3_change_to_arm
                0x002086a0                __enable_int_from_thumb
                0x002086a8                __dispatch_from_thumb
                0x002086ec                __interrupts_enable_change_to_arm
                0x002086e4                __interrupts_get_and_disable_change_to_arm
                0x002086ac                __dispatch_change_to_arm
                0x002086dc                ____gtdf2_change_to_arm
                0x002086c9                ____floatsidf_from_thumb
                0x002086f1                __display_bios_status_from_thumb
                0x0020869c                __disable_int_change_to_arm
                0x002086d1                ____muldf3_from_thumb
                0x002086a4                __enable_int_change_to_arm
                0x002086cc                ____floatsidf_change_to_arm
                0x002086e8                __interrupts_enable_from_thumb
                0x002086f4                __display_bios_status_change_to_arm
                0x002086b4                __start_dispatch_change_to_arm
                0x00208700                . = ALIGN (0x10)
 *fill*         0x002086f8        0x8 00
 *(*.rodata *.rodata.*)
 .rodata.EventSleep
                0x00208700        0x4 build/./kernel_cfg.o
                0x00208700                EventSleep
 .rodata.EventSleepI2C
                0x00208704        0x4 build/./kernel_cfg.o
                0x00208704                EventSleepI2C
 .rodata.tinib_stksz
                0x00208708        0x2 build/./kernel_cfg.o
                0x00208708                tinib_stksz
 *fill*         0x0020870a        0x2 00
 .rodata.tinib_stk
                0x0020870c        0x4 build/./kernel_cfg.o
                0x0020870c                tinib_stk
 .rodata.tinib_task
                0x00208710        0x4 build/./kernel_cfg.o
                0x00208710                tinib_task
 .rodata.tinib_autoact
                0x00208714        0x1 build/./kernel_cfg.o
                0x00208714                tinib_autoact
 .rodata.tinib_exepri
                0x00208715        0x1 build/./kernel_cfg.o
                0x00208715                tinib_exepri
 .rodata.tinib_inipri
                0x00208716        0x1 build/./kernel_cfg.o
                0x00208716                tinib_inipri
 .rodata.tnum_exttask
                0x00208717        0x1 build/./kernel_cfg.o
                0x00208717                tnum_exttask
 .rodata.tnum_task
                0x00208718        0x1 build/./kernel_cfg.o
                0x00208718                tnum_task
 *fill*         0x00208719        0x3 00
 .rodata.exec_addr
                0x0020871c        0x4 build/ecrobot_base.o
                0x0020871c                exec_addr
 .rodata.str1.4
                0x00208720       0x80 build/ecrobot_base.o
 .rodata.str1.4
                0x002087a0       0x3f build/braco.o
                                 0x40 (size before relaxing)
 *fill*         0x002087df        0x1 00
 .rodata.str1.4
                0x002087e0        0xa ../../ecrobot/../ecrobot/libecrobot++.a(Bluetooth.o)
                                  0xc (size before relaxing)
 *fill*         0x002087ea        0x2 00
 .rodata.str1.4
                0x002087ec        0xd ../../ecrobot/../ecrobot/libecrobot++.a(Motor.o)
                                 0x10 (size before relaxing)
 *fill*         0x002087f9        0x3 00
 .rodata.str1.4
                0x002087fc        0xe ../../ecrobot/../ecrobot/libecrobot++.a(TouchSensor.o)
                                 0x10 (size before relaxing)
 *fill*         0x0020880a        0x2 00
 .rodata.str1.4
                0x0020880c       0x7d ../../ecrobot/../ecrobot/libecrobot++.a(BTConnection.o)
                                 0xc0 (size before relaxing)
 *fill*         0x00208889        0x3 00
 .rodata.str1.4
                0x0020888c        0x2 /cygdrive/C/Cygwin/GNUARM/bin/../lib/gcc/arm-elf/4.0.2/../../../../arm-elf/lib/thumb/interwork/libc.a(impure.o)
                                  0x4 (size before relaxing)
                0x00208890                . = ALIGN (0x10)
 *fill*         0x0020888e        0x2 00
 *(*.gnu.linkonce.* .gcc_except_table)
 .gnu.linkonce.r._ZTVN7ecrobot11TouchSensorE
                0x00208890       0x10 build/braco.o
                0x00208890                _ZTVN7ecrobot11TouchSensorE
 .gnu.linkonce.r._ZTVN7ecrobot6SensorE
                0x002088a0       0x10 build/braco.o
                0x002088a0                _ZTVN7ecrobot6SensorE
 .gnu.linkonce.t._ZN7ecrobot6SensorD1Ev
                0x002088b0       0x18 build/braco.o
                0x002088b0                _ZN7ecrobot6SensorD1Ev
 .gnu.linkonce.t._ZN7ecrobot6SensorD0Ev
                0x002088c8       0x20 build/braco.o
                0x002088c8                _ZN7ecrobot6SensorD0Ev
 .gnu.linkonce.t._ZN7ecrobot11TouchSensorD1Ev
                0x002088e8       0x18 build/braco.o
                0x002088e8                _ZN7ecrobot11TouchSensorD1Ev
 .gnu.linkonce.t._ZN7ecrobot11TouchSensorD0Ev
                0x00208900       0x20 build/braco.o
                0x00208900                _ZN7ecrobot11TouchSensorD0Ev
                0x00208920                . = ALIGN (0x10)

.tors           0x00208920       0x20
                0x00208920                . = ALIGN (0x10)
                0x00208920                __ctor_begin = .
 *(*.ctors*)
 .ctors         0x00208920        0x4 build/braco.o
                0x00208924                __ctor_end = .
                0x00208930                . = ALIGN (0x10)
 *fill*         0x00208924        0xc 00
                0x00208930                __dtor_begin = .
 *(*.dtors*)
 .dtors         0x00208930        0x4 build/braco.o
                0x00208934                __dtor_end = .
                0x00208940                . = ALIGN (0x10)
 *fill*         0x00208934        0xc 00

.bss            0x00208940     0x1440
 *(*.bss *.bss.*)
 .bss.ready_primap
                0x00208940        0x2 build/kernel/task.o
 .bss.ready_queue_last
                0x00208942       0x10 build/kernel/task.o
 .bss.ready_queue_first
                0x00208952       0x10 build/kernel/task.o
 *fill*         0x00208962        0x2 00
 .bss._stack_TaskMain
                0x00208964      0x200 build/./kernel_cfg.o
 .bss.sleepTaskCounter
                0x00208b64       0x20 build/rtoscalls.o
 .bss.isTaskSleeping
                0x00208b84        0x8 build/rtoscalls.o
 .bss.isI2cSleeping
                0x00208b8c        0x4 build/rtoscalls.o
 .bss.sleeperTask_ID
                0x00208b90        0x8 build/rtoscalls.o
 .bss.sleeperI2C_ID
                0x00208b98        0x4 build/rtoscalls.o
 .bss.heap_ptr  0x00208b9c        0x4 build/syscalls.o
 .bss.receiveBuf
                0x00208ba0       0x80 build/ecrobot_bluetooth.o
 .bss.sendBuf   0x00208c20      0x100 build/ecrobot_bluetooth.o
 .bss.handle    0x00208d20        0x1 build/ecrobot_bluetooth.o
 *fill*         0x00208d21        0x3 00
 .bss.status_bar_position
                0x00208d24        0x4 build/ecrobot_base.o
 .bss.last_act_time.2701
                0x00208d28        0x4 build/ecrobot_base.o
 .bss.lcd.2630  0x00208d2c      0x320 build/ecrobot_base.o
 .bss.OS_flag   0x0020904c        0x4 build/ecrobot_base.o
 .bss.status_bar
                0x00209050       0x10 build/ecrobot_base.o
 .bss.bt        0x00209060        0x4 build/braco.o
                0x00209060                bt
 .bss.toqueRecipiente
                0x00209064        0x8 build/braco.o
                0x00209064                toqueRecipiente
 .bss.toqueEsteira
                0x0020906c        0x8 build/braco.o
                0x0020906c                toqueEsteira
 .bss.motorGarra
                0x00209074        0x8 build/braco.o
                0x00209074                motorGarra
 .bss.motorBraco
                0x0020907c        0x8 build/braco.o
                0x0020907c                motorBraco
 .bss.motorBase
                0x00209084        0x8 build/braco.o
                0x00209084                motorBase
 .bss.lcd       0x0020908c        0x4 build/braco.o
                0x0020908c                lcd
 .bss.clock     0x00209090        0x4 build/braco.o
                0x00209090                clock
 .bss.nxt       0x00209094        0x4 build/braco.o
                0x00209094                nxt
 .bss.buttons_i
                0x00209098        0x4 ../../ecrobot/../ecrobot/libecrobot.a(ecrobot_interface.o)
 .bss.buttons_states
                0x0020909c       0x14 ../../ecrobot/../ecrobot/libecrobot.a(ecrobot_interface.o)
 .bss.ecrobot_inputs
                0x002090b0        0x8 ../../ecrobot/../ecrobot/libecrobot.a(ecrobot_interface.o)
 .bss.systick_ms
                0x002090b8        0x4 ../../ecrobot/../ecrobot/libecrobot.a(systick.oram)
 .bss.delayedEnable
                0x002090bc        0x1 ../../ecrobot/../ecrobot/libecrobot.a(udp.oram)
 *fill*         0x002090bd        0x3 00
 .bss.outCnt    0x002090c0        0x4 ../../ecrobot/../ecrobot/libecrobot.a(udp.oram)
 .bss.outPtr    0x002090c4        0x4 ../../ecrobot/../ecrobot/libecrobot.a(udp.oram)
 .bss.newAddress
                0x002090c8        0x4 ../../ecrobot/../ecrobot/libecrobot.a(udp.oram)
 .bss.currentRxBank
                0x002090cc        0x4 ../../ecrobot/../ecrobot/libecrobot.a(udp.oram)
 .bss.currentFeatures
                0x002090d0        0x4 ../../ecrobot/../ecrobot/libecrobot.a(udp.oram)
 .bss.currentConfig
                0x002090d4        0x1 ../../ecrobot/../ecrobot/libecrobot.a(udp.oram)
 *fill*         0x002090d5        0x3 00
 .bss.twi_mask  0x002090d8        0x4 ../../ecrobot/../ecrobot/libecrobot.a(twi.oram)
 .bss.twi_ptr   0x002090dc        0x4 ../../ecrobot/../ecrobot/libecrobot.a(twi.oram)
 .bss.twi_pending
                0x002090e0        0x4 ../../ecrobot/../ecrobot/libecrobot.a(twi.oram)
 .bss.twi_state
                0x002090e4        0x4 ../../ecrobot/../ecrobot/libecrobot.a(twi.oram)
 .bss.page      0x002090e8        0x1 ../../ecrobot/../ecrobot/libecrobot.a(nxt_spi.oram)
                0x002090e8                page
 .bss.dirty     0x002090e9        0x1 ../../ecrobot/../ecrobot/libecrobot.a(nxt_spi.oram)
                0x002090e9                dirty
 *fill*         0x002090ea        0x2 00
 .bss.display   0x002090ec        0x4 ../../ecrobot/../ecrobot/libecrobot.a(nxt_spi.oram)
                0x002090ec                display
 .bss.interrupts_this_period
                0x002090f0        0x4 ../../ecrobot/../ecrobot/libecrobot.a(nxt_motors.oram)
 .bss.nxt_motor_initialised
                0x002090f4        0x4 ../../ecrobot/../ecrobot/libecrobot.a(nxt_motors.oram)
 .bss.motor     0x002090f8       0x30 ../../ecrobot/../ecrobot/libecrobot.a(nxt_motors.oram)
 .bss.display_tick
                0x00209128        0x4 ../../ecrobot/../ecrobot/libecrobot.a(display.oram)
                0x00209128                display_tick
 .bss.display_array
                0x0020912c      0x388 ../../ecrobot/../ecrobot/libecrobot.a(display.oram)
 .bss.i2c_int_count
                0x002094b4        0x4 ../../ecrobot/../ecrobot/libecrobot.a(i2c.oram)
 .bss.i2c_port  0x002094b8      0x170 ../../ecrobot/../ecrobot/libecrobot.a(i2c.oram)
 .bss.sound_mode
                0x00209628        0x1 ../../ecrobot/../ecrobot/libecrobot.a(sound.oram)
                0x00209628                sound_mode
 *fill*         0x00209629        0x3 00
 .bss.in_buf_idx
                0x0020962c        0x4 ../../ecrobot/../ecrobot/libecrobot.a(bt.oram)
 .bss.buf_ptr   0x00209630        0x4 ../../ecrobot/../ecrobot/libecrobot.a(bt.oram)
 .bss.out_buf   0x00209634      0x200 ../../ecrobot/../ecrobot/libecrobot.a(bt.oram)
 .bss.out_buf_ptr
                0x00209834        0x1 ../../ecrobot/../ecrobot/libecrobot.a(bt.oram)
 .bss.in_buf_in_ptr
                0x00209835        0x1 ../../ecrobot/../ecrobot/libecrobot.a(bt.oram)
 .bss.in_buf    0x00209836      0x100 ../../ecrobot/../ecrobot/libecrobot.a(bt.oram)
 *fill*         0x00209936        0x2 00
 .bss.link_state
                0x00209938        0x4 ../../ecrobot/../ecrobot/libecrobot.a(nxt_avr.oram)
 .bss.update_count
                0x0020993c        0x4 ../../ecrobot/../ecrobot/libecrobot.a(nxt_avr.oram)
 .bss.nxt_avr_stats
                0x00209940       0x14 ../../ecrobot/../ecrobot/libecrobot.a(nxt_avr.oram)
 .bss.debounce_cnt
                0x00209954        0x2 ../../ecrobot/../ecrobot/libecrobot.a(nxt_avr.oram)
 .bss.debounce_state
                0x00209956        0x2 ../../ecrobot/../ecrobot/libecrobot.a(nxt_avr.oram)
 .bss.button_state
                0x00209958        0x2 ../../ecrobot/../ecrobot/libecrobot.a(nxt_avr.oram)
 .bss.prev_buttons
                0x0020995a        0x2 ../../ecrobot/../ecrobot/libecrobot.a(nxt_avr.oram)
 .bss.from_buf  0x0020995c        0x4 ../../ecrobot/../ecrobot/libecrobot.a(nxt_avr.oram)
 .bss.io_from_avr
                0x00209960        0x4 ../../ecrobot/../ecrobot/libecrobot.a(nxt_avr.oram)
 .bss.data_from_avr
                0x00209964       0x1a ../../ecrobot/../ecrobot/libecrobot.a(nxt_avr.oram)
 .bss.data_to_avr
                0x0020997e        0x9 ../../ecrobot/../ecrobot/libecrobot.a(nxt_avr.oram)
 .bss.io_to_avr
                0x00209987        0x8 ../../ecrobot/../ecrobot/libecrobot.a(nxt_avr.oram)
 *fill*         0x0020998f        0x1 00
 .bss.display   0x00209990        0x4 ../../ecrobot/../ecrobot/libecrobot.a(nxt_lcd.oram)
 .bss           0x00209994       0x34 /cygdrive/C/Cygwin/GNUARM/bin/../lib/gcc/arm-elf/4.0.2/../../../../arm-elf/lib/thumb/interwork/libc.a(mallocr.o)
                0x002099c4                __malloc_top_pad
                0x002099c0                __malloc_max_sbrked_mem
                0x00209994                __malloc_current_mallinfo
                0x002099bc                __malloc_max_total_mem
                0x002099d0                . = ALIGN (0x10)
 *fill*         0x002099c8        0x8 00
                0x002099d0                __bss_end__ = .
 COMMON         0x002099d0        0x2 build/kernel/interrupt.o
                0x002099d0                runisr
                0x002099d1                sus_all_cnt
 *fill*         0x002099d2        0x2 00
 COMMON         0x002099d4       0x10 build/kernel/osctl.o
                0x002099d4                callevel
                0x002099d5                _errorhook_svcid
                0x002099d6                appmode
                0x002099d8                _errorhook_par1
                0x002099dc                _errorhook_par3
                0x002099e0                _errorhook_par2
 COMMON         0x002099e4        0x3 build/kernel/task.o
                0x002099e4                runtsk
                0x002099e5                schedtsk
                0x002099e6                nextpri
 *fill*         0x002099e7        0x1 00
 COMMON         0x002099e8       0x2c build/./kernel_cfg.o
                0x002099e8                tcb_waievt
                0x002099ec                rescb_prevpri
                0x002099ed                almcb_prev
                0x002099ee                tcb_lastres
                0x002099f0                almcb_almval
                0x002099f4                tcxb_pc
                0x002099f8                tcb_next
                0x002099f9                tcb_curpri
                0x002099fa                tcb_tstat
                0x002099fb                isrcb_lastres
                0x002099fc                cntcb_almque
                0x002099fd                rescb_prevres
                0x002099fe                tcb_actcnt
                0x00209a00                tcb_curevt
                0x00209a04                almcb_cycle
                0x00209a08                tcxb_sp
                0x00209a0c                almcb_next
                0x00209a10                cntcb_curval
 COMMON         0x00209a14       0x44 ../../ecrobot/../ecrobot/libecrobot.a(uart.oram)
                0x00209a14                uart
 COMMON         0x00209a58        0x4 ../../ecrobot/../ecrobot/libecrobot.a(data_abort.oram)
                0x00209a58                data_abort_pc
 COMMON         0x00209a5c        0x8 ../../ecrobot/../ecrobot/libecrobot.a(display.oram)
                0x00209a5c                display_x
                0x00209a60                display_y
 COMMON         0x00209a64      0x31c ../../ecrobot/../ecrobot/libecrobot.a(sound.oram)
                0x00209a64                sample
                0x00208940                __bss_start__ = ADDR (.bss)
                0x00209d80                __bss_end__ = (ADDR (.bss) + SIZEOF (.bss))
                0x00209d80                PROVIDE (end, .)

.heap_area      0x00209d80     0x5df8
                0x0020fb78                . = (. + (0x20fb78 - end))
 *fill*         0x00209d80     0x5df8 00

.stack          0x0020fb78      0x488
                0x0020fbf8                . = (. + 0x80)
 *fill*         0x0020fb78       0x80 00
                0x0020fc00                . = ALIGN (0x10)
 *fill*         0x0020fbf8        0x8 00
                0x0020fc00                __irq_stack__ = .
                0x0020fc00                __system_stack_bottom__ = .
                0x00210000                . = (. + 0x400)
 *fill*         0x0020fc00      0x400 00
                0x00210000                . = ALIGN (0x10)
                0x00210000                __system_stack__ = .
                0x00210000                __system_stack_top__ = .
                0x0020fb78                __stack_start__ = ADDR (.stack)
                0x00210000                __stack_end__ = (ADDR (.stack) + SIZEOF (.stack))
OUTPUT(braco_ram.elf elf32-littlearm)

.comment        0x00000000      0x46e
 .comment       0x00000000       0x12 build/kernel/alarm.o
 .comment       0x00000012       0x12 build/kernel/event.o
 .comment       0x00000024       0x12 build/kernel/interrupt.o
 .comment       0x00000036       0x12 build/kernel/osctl.o
 .comment       0x00000048       0x12 build/kernel/resource.o
 .comment       0x0000005a       0x12 build/kernel/task.o
 .comment       0x0000006c       0x12 build/kernel/task_manage.o
 .comment       0x0000007e       0x12 build/config/at91sam7s-gnu/cpu_config.o
 .comment       0x00000090       0x12 build/config/at91sam7s-gnu/lego_nxt/sys_config.o
 .comment       0x000000a2       0x12 build/./kernel_cfg.o
 .comment       0x000000b4       0x12 build/rtoscalls.o
 .comment       0x000000c6       0x12 build/syscalls.o
 .comment       0x000000d8       0x12 build/ecrobot_bluetooth.o
 .comment       0x000000ea       0x12 build/ecrobot_base.o
 .comment       0x000000fc       0x12 build/ecrobot.o
 .comment       0x0000010e       0x12 build/syslib/at91sam7s-gnu/lego_nxt/hw_sys_timer.oram
 .comment       0x00000120       0x12 build/braco.o
 .comment       0x00000132       0x12 ../../ecrobot/../ecrobot/libecrobot++.a(Bluetooth.o)
 .comment       0x00000144       0x12 ../../ecrobot/../ecrobot/libecrobot++.a(Clock.o)
 .comment       0x00000156       0x12 ../../ecrobot/../ecrobot/libecrobot++.a(Lcd.o)
 .comment       0x00000168       0x12 ../../ecrobot/../ecrobot/libecrobot++.a(Motor.o)
 .comment       0x0000017a       0x12 ../../ecrobot/../ecrobot/libecrobot++.a(Nxt.o)
 .comment       0x0000018c       0x12 ../../ecrobot/../ecrobot/libecrobot++.a(TouchSensor.o)
 .comment       0x0000019e       0x12 ../../ecrobot/../ecrobot/libecrobot++.a(BTConnection.o)
 .comment       0x000001b0       0x12 ../../ecrobot/../ecrobot/libecrobot++.a(New.o)
 .comment       0x000001c2       0x12 ../../ecrobot/../ecrobot/libecrobot.a(ecrobot_device_hook.o)
 .comment       0x000001d4       0x12 ../../ecrobot/../ecrobot/libecrobot.a(ecrobot_interface.o)
 .comment       0x000001e6       0x12 ../../ecrobot/../ecrobot/libecrobot.a(colorsensor.o)
 .comment       0x000001f8       0x12 ../../ecrobot/../ecrobot/libecrobot.a(osek_hook.o)
 .comment       0x0000020a       0x12 ../../ecrobot/../ecrobot/libecrobot.a(uart.oram)
 .comment       0x0000021c       0x12 ../../ecrobot/../ecrobot/libecrobot.a(systick.oram)
 .comment       0x0000022e       0x12 ../../ecrobot/../ecrobot/libecrobot.a(byte_fifo.oram)
 .comment       0x00000240       0x12 ../../ecrobot/../ecrobot/libecrobot.a(aic.oram)
 .comment       0x00000252       0x12 ../../ecrobot/../ecrobot/libecrobot.a(udp.oram)
 .comment       0x00000264       0x12 ../../ecrobot/../ecrobot/libecrobot.a(twi.oram)
 .comment       0x00000276       0x12 ../../ecrobot/../ecrobot/libecrobot.a(nxt_spi.oram)
 .comment       0x00000288       0x12 ../../ecrobot/../ecrobot/libecrobot.a(nxt_motors.oram)
 .comment       0x0000029a       0x12 ../../ecrobot/../ecrobot/libecrobot.a(data_abort.oram)
 .comment       0x000002ac       0x12 ../../ecrobot/../ecrobot/libecrobot.a(display.oram)
 .comment       0x000002be       0x12 ../../ecrobot/../ecrobot/libecrobot.a(i2c.oram)
 .comment       0x000002d0       0x12 ../../ecrobot/../ecrobot/libecrobot.a(sound.oram)
 .comment       0x000002e2       0x12 ../../ecrobot/../ecrobot/libecrobot.a(bt.oram)
 .comment       0x000002f4       0x12 ../../ecrobot/../ecrobot/libecrobot.a(nxt_avr.oram)
 .comment       0x00000306       0x12 ../../ecrobot/../ecrobot/libecrobot.a(sensors.oram)
 .comment       0x00000318       0x12 ../../ecrobot/../ecrobot/libecrobot.a(sensors1.oram)
 .comment       0x0000032a       0x12 ../../ecrobot/../ecrobot/libecrobot.a(nxt_lcd.oram)
 .comment       0x0000033c       0x12 ../../ecrobot/../ecrobot/libecrobot.a(flash_loader.oram)
 .comment       0x0000034e       0x12 ../../ecrobot/../ecrobot/libecrobot.a(ecrobot_usb.o)
 .comment       0x00000360       0x12 ../../ecrobot/../ecrobot/libecrobot.a(flashprog.oram)
 .comment       0x00000372       0x12 /cygdrive/C/Cygwin/GNUARM/bin/../lib/gcc/arm-elf/4.0.2/thumb/interwork/libgcc.a(_muldi3.o)
 .comment       0x00000384       0x12 /cygdrive/C/Cygwin/GNUARM/bin/../lib/gcc/arm-elf/4.0.2/thumb/interwork/libgcc.a(_divdi3.o)
 .comment       0x00000396       0x12 /cygdrive/C/Cygwin/GNUARM/bin/../lib/gcc/arm-elf/4.0.2/thumb/interwork/libgcc.a(_clz.o)
 .comment       0x000003a8       0x12 /cygdrive/C/Cygwin/GNUARM/bin/../lib/gcc/arm-elf/4.0.2/../../../../arm-elf/lib/thumb/interwork/libc.a(malloc.o)
 .comment       0x000003ba       0x12 /cygdrive/C/Cygwin/GNUARM/bin/../lib/gcc/arm-elf/4.0.2/../../../../arm-elf/lib/thumb/interwork/libc.a(mallocr.o)
 .comment       0x000003cc       0x12 /cygdrive/C/Cygwin/GNUARM/bin/../lib/gcc/arm-elf/4.0.2/../../../../arm-elf/lib/thumb/interwork/libc.a(memcpy.o)
 .comment       0x000003de       0x12 /cygdrive/C/Cygwin/GNUARM/bin/../lib/gcc/arm-elf/4.0.2/../../../../arm-elf/lib/thumb/interwork/libc.a(memset.o)
 .comment       0x000003f0       0x12 /cygdrive/C/Cygwin/GNUARM/bin/../lib/gcc/arm-elf/4.0.2/../../../../arm-elf/lib/thumb/interwork/libc.a(mlock.o)
 .comment       0x00000402       0x12 /cygdrive/C/Cygwin/GNUARM/bin/../lib/gcc/arm-elf/4.0.2/../../../../arm-elf/lib/thumb/interwork/libc.a(strcmp.o)
 .comment       0x00000414       0x12 /cygdrive/C/Cygwin/GNUARM/bin/../lib/gcc/arm-elf/4.0.2/../../../../arm-elf/lib/thumb/interwork/libc.a(strcpy.o)
 .comment       0x00000426       0x12 /cygdrive/C/Cygwin/GNUARM/bin/../lib/gcc/arm-elf/4.0.2/../../../../arm-elf/lib/thumb/interwork/libc.a(strlen.o)
 .comment       0x00000438       0x12 /cygdrive/C/Cygwin/GNUARM/bin/../lib/gcc/arm-elf/4.0.2/../../../../arm-elf/lib/thumb/interwork/libc.a(strncpy.o)
 .comment       0x0000044a       0x12 /cygdrive/C/Cygwin/GNUARM/bin/../lib/gcc/arm-elf/4.0.2/../../../../arm-elf/lib/thumb/interwork/libc.a(freer.o)
 .comment       0x0000045c       0x12 /cygdrive/C/Cygwin/GNUARM/bin/../lib/gcc/arm-elf/4.0.2/../../../../arm-elf/lib/thumb/interwork/libc.a(impure.o)

.debug_line     0x00000000     0x11ed
 .debug_line    0x00000000       0x70 /cygdrive/C/Cygwin/GNUARM/bin/../lib/gcc/arm-elf/4.0.2/thumb/interwork/libgcc.a(_udivsi3.o)
 .debug_line    0x00000070       0x7c /cygdrive/C/Cygwin/GNUARM/bin/../lib/gcc/arm-elf/4.0.2/thumb/interwork/libgcc.a(_divsi3.o)
 .debug_line    0x000000ec       0x68 /cygdrive/C/Cygwin/GNUARM/bin/../lib/gcc/arm-elf/4.0.2/thumb/interwork/libgcc.a(_umodsi3.o)
 .debug_line    0x00000154       0x71 /cygdrive/C/Cygwin/GNUARM/bin/../lib/gcc/arm-elf/4.0.2/thumb/interwork/libgcc.a(_modsi3.o)
 .debug_line    0x000001c5       0x5a /cygdrive/C/Cygwin/GNUARM/bin/../lib/gcc/arm-elf/4.0.2/thumb/interwork/libgcc.a(_dvmd_tls.o)
 .debug_line    0x0000021f      0x162 /cygdrive/C/Cygwin/GNUARM/bin/../lib/gcc/arm-elf/4.0.2/thumb/interwork/libgcc.a(_addsubdf3.o)
 .debug_line    0x00000381      0x177 /cygdrive/C/Cygwin/GNUARM/bin/../lib/gcc/arm-elf/4.0.2/thumb/interwork/libgcc.a(_muldivdf3.o)
 .debug_line    0x000004f8       0xa4 /cygdrive/C/Cygwin/GNUARM/bin/../lib/gcc/arm-elf/4.0.2/thumb/interwork/libgcc.a(_cmpdf2.o)
 .debug_line    0x0000059c       0x61 /cygdrive/C/Cygwin/GNUARM/bin/../lib/gcc/arm-elf/4.0.2/thumb/interwork/libgcc.a(_muldi3.o)
 .debug_line    0x000005fd      0x122 /cygdrive/C/Cygwin/GNUARM/bin/../lib/gcc/arm-elf/4.0.2/thumb/interwork/libgcc.a(_divdi3.o)
 .debug_line    0x0000071f       0x48 /cygdrive/C/Cygwin/GNUARM/bin/../lib/gcc/arm-elf/4.0.2/thumb/interwork/libgcc.a(_clz.o)
 .debug_line    0x00000767       0xfd /cygdrive/C/Cygwin/GNUARM/bin/../lib/gcc/arm-elf/4.0.2/../../../../arm-elf/lib/thumb/interwork/libc.a(malloc.o)
 .debug_line    0x00000864      0x23d /cygdrive/C/Cygwin/GNUARM/bin/../lib/gcc/arm-elf/4.0.2/../../../../arm-elf/lib/thumb/interwork/libc.a(mallocr.o)
 .debug_line    0x00000aa1       0xc3 /cygdrive/C/Cygwin/GNUARM/bin/../lib/gcc/arm-elf/4.0.2/../../../../arm-elf/lib/thumb/interwork/libc.a(memcpy.o)
 .debug_line    0x00000b64       0xd4 /cygdrive/C/Cygwin/GNUARM/bin/../lib/gcc/arm-elf/4.0.2/../../../../arm-elf/lib/thumb/interwork/libc.a(memset.o)
 .debug_line    0x00000c38       0xf5 /cygdrive/C/Cygwin/GNUARM/bin/../lib/gcc/arm-elf/4.0.2/../../../../arm-elf/lib/thumb/interwork/libc.a(mlock.o)
 .debug_line    0x00000d2d       0x88 /cygdrive/C/Cygwin/GNUARM/bin/../lib/gcc/arm-elf/4.0.2/../../../../arm-elf/lib/thumb/interwork/libc.a(strcmp.o)
 .debug_line    0x00000db5       0x80 /cygdrive/C/Cygwin/GNUARM/bin/../lib/gcc/arm-elf/4.0.2/../../../../arm-elf/lib/thumb/interwork/libc.a(strcpy.o)
 .debug_line    0x00000e35       0xaf /cygdrive/C/Cygwin/GNUARM/bin/../lib/gcc/arm-elf/4.0.2/../../../../arm-elf/lib/thumb/interwork/libc.a(strlen.o)
 .debug_line    0x00000ee4       0xc2 /cygdrive/C/Cygwin/GNUARM/bin/../lib/gcc/arm-elf/4.0.2/../../../../arm-elf/lib/thumb/interwork/libc.a(strncpy.o)
 .debug_line    0x00000fa6      0x164 /cygdrive/C/Cygwin/GNUARM/bin/../lib/gcc/arm-elf/4.0.2/../../../../arm-elf/lib/thumb/interwork/libc.a(freer.o)
 .debug_line    0x0000110a       0xe3 /cygdrive/C/Cygwin/GNUARM/bin/../lib/gcc/arm-elf/4.0.2/../../../../arm-elf/lib/thumb/interwork/libc.a(impure.o)

.debug_info     0x00000000     0x479f
 .debug_info    0x00000000       0x6a /cygdrive/C/Cygwin/GNUARM/bin/../lib/gcc/arm-elf/4.0.2/thumb/interwork/libgcc.a(_udivsi3.o)
 .debug_info    0x0000006a       0x6a /cygdrive/C/Cygwin/GNUARM/bin/../lib/gcc/arm-elf/4.0.2/thumb/interwork/libgcc.a(_divsi3.o)
 .debug_info    0x000000d4       0x6a /cygdrive/C/Cygwin/GNUARM/bin/../lib/gcc/arm-elf/4.0.2/thumb/interwork/libgcc.a(_umodsi3.o)
 .debug_info    0x0000013e       0x6a /cygdrive/C/Cygwin/GNUARM/bin/../lib/gcc/arm-elf/4.0.2/thumb/interwork/libgcc.a(_modsi3.o)
 .debug_info    0x000001a8       0x6a /cygdrive/C/Cygwin/GNUARM/bin/../lib/gcc/arm-elf/4.0.2/thumb/interwork/libgcc.a(_dvmd_tls.o)
 .debug_info    0x00000212       0x69 /cygdrive/C/Cygwin/GNUARM/bin/../lib/gcc/arm-elf/4.0.2/thumb/interwork/libgcc.a(_addsubdf3.o)
 .debug_info    0x0000027b       0x69 /cygdrive/C/Cygwin/GNUARM/bin/../lib/gcc/arm-elf/4.0.2/thumb/interwork/libgcc.a(_muldivdf3.o)
 .debug_info    0x000002e4       0x69 /cygdrive/C/Cygwin/GNUARM/bin/../lib/gcc/arm-elf/4.0.2/thumb/interwork/libgcc.a(_cmpdf2.o)
 .debug_info    0x0000034d      0x20e /cygdrive/C/Cygwin/GNUARM/bin/../lib/gcc/arm-elf/4.0.2/thumb/interwork/libgcc.a(_muldi3.o)
 .debug_info    0x0000055b      0x758 /cygdrive/C/Cygwin/GNUARM/bin/../lib/gcc/arm-elf/4.0.2/thumb/interwork/libgcc.a(_divdi3.o)
 .debug_info    0x00000cb3       0xc9 /cygdrive/C/Cygwin/GNUARM/bin/../lib/gcc/arm-elf/4.0.2/thumb/interwork/libgcc.a(_clz.o)
 .debug_info    0x00000d7c      0x955 /cygdrive/C/Cygwin/GNUARM/bin/../lib/gcc/arm-elf/4.0.2/../../../../arm-elf/lib/thumb/interwork/libc.a(malloc.o)
 .debug_info    0x000016d1      0xcbd /cygdrive/C/Cygwin/GNUARM/bin/../lib/gcc/arm-elf/4.0.2/../../../../arm-elf/lib/thumb/interwork/libc.a(mallocr.o)
 .debug_info    0x0000238e      0x10d /cygdrive/C/Cygwin/GNUARM/bin/../lib/gcc/arm-elf/4.0.2/../../../../arm-elf/lib/thumb/interwork/libc.a(memcpy.o)
 .debug_info    0x0000249b      0x111 /cygdrive/C/Cygwin/GNUARM/bin/../lib/gcc/arm-elf/4.0.2/../../../../arm-elf/lib/thumb/interwork/libc.a(memset.o)
 .debug_info    0x000025ac      0x93e /cygdrive/C/Cygwin/GNUARM/bin/../lib/gcc/arm-elf/4.0.2/../../../../arm-elf/lib/thumb/interwork/libc.a(mlock.o)
 .debug_info    0x00002eea       0xd9 /cygdrive/C/Cygwin/GNUARM/bin/../lib/gcc/arm-elf/4.0.2/../../../../arm-elf/lib/thumb/interwork/libc.a(strcmp.o)
 .debug_info    0x00002fc3      0x10c /cygdrive/C/Cygwin/GNUARM/bin/../lib/gcc/arm-elf/4.0.2/../../../../arm-elf/lib/thumb/interwork/libc.a(strcpy.o)
 .debug_info    0x000030cf       0xd5 /cygdrive/C/Cygwin/GNUARM/bin/../lib/gcc/arm-elf/4.0.2/../../../../arm-elf/lib/thumb/interwork/libc.a(strlen.o)
 .debug_info    0x000031a4      0x126 /cygdrive/C/Cygwin/GNUARM/bin/../lib/gcc/arm-elf/4.0.2/../../../../arm-elf/lib/thumb/interwork/libc.a(strncpy.o)
 .debug_info    0x000032ca      0xbb3 /cygdrive/C/Cygwin/GNUARM/bin/../lib/gcc/arm-elf/4.0.2/../../../../arm-elf/lib/thumb/interwork/libc.a(freer.o)
 .debug_info    0x00003e7d      0x922 /cygdrive/C/Cygwin/GNUARM/bin/../lib/gcc/arm-elf/4.0.2/../../../../arm-elf/lib/thumb/interwork/libc.a(impure.o)

.debug_abbrev   0x00000000      0xed2
 .debug_abbrev  0x00000000       0x14 /cygdrive/C/Cygwin/GNUARM/bin/../lib/gcc/arm-elf/4.0.2/thumb/interwork/libgcc.a(_udivsi3.o)
 .debug_abbrev  0x00000014       0x14 /cygdrive/C/Cygwin/GNUARM/bin/../lib/gcc/arm-elf/4.0.2/thumb/interwork/libgcc.a(_divsi3.o)
 .debug_abbrev  0x00000028       0x14 /cygdrive/C/Cygwin/GNUARM/bin/../lib/gcc/arm-elf/4.0.2/thumb/interwork/libgcc.a(_umodsi3.o)
 .debug_abbrev  0x0000003c       0x14 /cygdrive/C/Cygwin/GNUARM/bin/../lib/gcc/arm-elf/4.0.2/thumb/interwork/libgcc.a(_modsi3.o)
 .debug_abbrev  0x00000050       0x14 /cygdrive/C/Cygwin/GNUARM/bin/../lib/gcc/arm-elf/4.0.2/thumb/interwork/libgcc.a(_dvmd_tls.o)
 .debug_abbrev  0x00000064       0x14 /cygdrive/C/Cygwin/GNUARM/bin/../lib/gcc/arm-elf/4.0.2/thumb/interwork/libgcc.a(_addsubdf3.o)
 .debug_abbrev  0x00000078       0x14 /cygdrive/C/Cygwin/GNUARM/bin/../lib/gcc/arm-elf/4.0.2/thumb/interwork/libgcc.a(_muldivdf3.o)
 .debug_abbrev  0x0000008c       0x14 /cygdrive/C/Cygwin/GNUARM/bin/../lib/gcc/arm-elf/4.0.2/thumb/interwork/libgcc.a(_cmpdf2.o)
 .debug_abbrev  0x000000a0       0xec /cygdrive/C/Cygwin/GNUARM/bin/../lib/gcc/arm-elf/4.0.2/thumb/interwork/libgcc.a(_muldi3.o)
 .debug_abbrev  0x0000018c      0x174 /cygdrive/C/Cygwin/GNUARM/bin/../lib/gcc/arm-elf/4.0.2/thumb/interwork/libgcc.a(_divdi3.o)
 .debug_abbrev  0x00000300       0x61 /cygdrive/C/Cygwin/GNUARM/bin/../lib/gcc/arm-elf/4.0.2/thumb/interwork/libgcc.a(_clz.o)
 .debug_abbrev  0x00000361      0x187 /cygdrive/C/Cygwin/GNUARM/bin/../lib/gcc/arm-elf/4.0.2/../../../../arm-elf/lib/thumb/interwork/libc.a(malloc.o)
 .debug_abbrev  0x000004e8      0x214 /cygdrive/C/Cygwin/GNUARM/bin/../lib/gcc/arm-elf/4.0.2/../../../../arm-elf/lib/thumb/interwork/libc.a(mallocr.o)
 .debug_abbrev  0x000006fc       0x99 /cygdrive/C/Cygwin/GNUARM/bin/../lib/gcc/arm-elf/4.0.2/../../../../arm-elf/lib/thumb/interwork/libc.a(memcpy.o)
 .debug_abbrev  0x00000795       0x9a /cygdrive/C/Cygwin/GNUARM/bin/../lib/gcc/arm-elf/4.0.2/../../../../arm-elf/lib/thumb/interwork/libc.a(memset.o)
 .debug_abbrev  0x0000082f      0x16a /cygdrive/C/Cygwin/GNUARM/bin/../lib/gcc/arm-elf/4.0.2/../../../../arm-elf/lib/thumb/interwork/libc.a(mlock.o)
 .debug_abbrev  0x00000999       0x71 /cygdrive/C/Cygwin/GNUARM/bin/../lib/gcc/arm-elf/4.0.2/../../../../arm-elf/lib/thumb/interwork/libc.a(strcmp.o)
 .debug_abbrev  0x00000a0a       0x80 /cygdrive/C/Cygwin/GNUARM/bin/../lib/gcc/arm-elf/4.0.2/../../../../arm-elf/lib/thumb/interwork/libc.a(strcpy.o)
 .debug_abbrev  0x00000a8a       0x8b /cygdrive/C/Cygwin/GNUARM/bin/../lib/gcc/arm-elf/4.0.2/../../../../arm-elf/lib/thumb/interwork/libc.a(strlen.o)
 .debug_abbrev  0x00000b15       0x8d /cygdrive/C/Cygwin/GNUARM/bin/../lib/gcc/arm-elf/4.0.2/../../../../arm-elf/lib/thumb/interwork/libc.a(strncpy.o)
 .debug_abbrev  0x00000ba2      0x1d9 /cygdrive/C/Cygwin/GNUARM/bin/../lib/gcc/arm-elf/4.0.2/../../../../arm-elf/lib/thumb/interwork/libc.a(freer.o)
 .debug_abbrev  0x00000d7b      0x157 /cygdrive/C/Cygwin/GNUARM/bin/../lib/gcc/arm-elf/4.0.2/../../../../arm-elf/lib/thumb/interwork/libc.a(impure.o)

.debug_aranges  0x00000000      0x280
 .debug_aranges
                0x00000000       0x20 /cygdrive/C/Cygwin/GNUARM/bin/../lib/gcc/arm-elf/4.0.2/thumb/interwork/libgcc.a(_udivsi3.o)
 .debug_aranges
                0x00000020       0x20 /cygdrive/C/Cygwin/GNUARM/bin/../lib/gcc/arm-elf/4.0.2/thumb/interwork/libgcc.a(_divsi3.o)
 .debug_aranges
                0x00000040       0x20 /cygdrive/C/Cygwin/GNUARM/bin/../lib/gcc/arm-elf/4.0.2/thumb/interwork/libgcc.a(_umodsi3.o)
 .debug_aranges
                0x00000060       0x20 /cygdrive/C/Cygwin/GNUARM/bin/../lib/gcc/arm-elf/4.0.2/thumb/interwork/libgcc.a(_modsi3.o)
 .debug_aranges
                0x00000080       0x20 /cygdrive/C/Cygwin/GNUARM/bin/../lib/gcc/arm-elf/4.0.2/thumb/interwork/libgcc.a(_dvmd_tls.o)
 .debug_aranges
                0x000000a0       0x20 /cygdrive/C/Cygwin/GNUARM/bin/../lib/gcc/arm-elf/4.0.2/thumb/interwork/libgcc.a(_addsubdf3.o)
 .debug_aranges
                0x000000c0       0x20 /cygdrive/C/Cygwin/GNUARM/bin/../lib/gcc/arm-elf/4.0.2/thumb/interwork/libgcc.a(_muldivdf3.o)
 .debug_aranges
                0x000000e0       0x20 /cygdrive/C/Cygwin/GNUARM/bin/../lib/gcc/arm-elf/4.0.2/thumb/interwork/libgcc.a(_cmpdf2.o)
 .debug_aranges
                0x00000100       0x20 /cygdrive/C/Cygwin/GNUARM/bin/../lib/gcc/arm-elf/4.0.2/thumb/interwork/libgcc.a(_muldi3.o)
 .debug_aranges
                0x00000120       0x20 /cygdrive/C/Cygwin/GNUARM/bin/../lib/gcc/arm-elf/4.0.2/thumb/interwork/libgcc.a(_divdi3.o)
 .debug_aranges
                0x00000140       0x20 /cygdrive/C/Cygwin/GNUARM/bin/../lib/gcc/arm-elf/4.0.2/../../../../arm-elf/lib/thumb/interwork/libc.a(malloc.o)
 .debug_aranges
                0x00000160       0x20 /cygdrive/C/Cygwin/GNUARM/bin/../lib/gcc/arm-elf/4.0.2/../../../../arm-elf/lib/thumb/interwork/libc.a(mallocr.o)
 .debug_aranges
                0x00000180       0x20 /cygdrive/C/Cygwin/GNUARM/bin/../lib/gcc/arm-elf/4.0.2/../../../../arm-elf/lib/thumb/interwork/libc.a(memcpy.o)
 .debug_aranges
                0x000001a0       0x20 /cygdrive/C/Cygwin/GNUARM/bin/../lib/gcc/arm-elf/4.0.2/../../../../arm-elf/lib/thumb/interwork/libc.a(memset.o)
 .debug_aranges
                0x000001c0       0x20 /cygdrive/C/Cygwin/GNUARM/bin/../lib/gcc/arm-elf/4.0.2/../../../../arm-elf/lib/thumb/interwork/libc.a(mlock.o)
 .debug_aranges
                0x000001e0       0x20 /cygdrive/C/Cygwin/GNUARM/bin/../lib/gcc/arm-elf/4.0.2/../../../../arm-elf/lib/thumb/interwork/libc.a(strcmp.o)
 .debug_aranges
                0x00000200       0x20 /cygdrive/C/Cygwin/GNUARM/bin/../lib/gcc/arm-elf/4.0.2/../../../../arm-elf/lib/thumb/interwork/libc.a(strcpy.o)
 .debug_aranges
                0x00000220       0x20 /cygdrive/C/Cygwin/GNUARM/bin/../lib/gcc/arm-elf/4.0.2/../../../../arm-elf/lib/thumb/interwork/libc.a(strlen.o)
 .debug_aranges
                0x00000240       0x20 /cygdrive/C/Cygwin/GNUARM/bin/../lib/gcc/arm-elf/4.0.2/../../../../arm-elf/lib/thumb/interwork/libc.a(strncpy.o)
 .debug_aranges
                0x00000260       0x20 /cygdrive/C/Cygwin/GNUARM/bin/../lib/gcc/arm-elf/4.0.2/../../../../arm-elf/lib/thumb/interwork/libc.a(freer.o)

.debug_frame    0x00000000      0x280
 .debug_frame   0x00000000       0x38 /cygdrive/C/Cygwin/GNUARM/bin/../lib/gcc/arm-elf/4.0.2/thumb/interwork/libgcc.a(_muldi3.o)
 .debug_frame   0x00000038       0x3c /cygdrive/C/Cygwin/GNUARM/bin/../lib/gcc/arm-elf/4.0.2/thumb/interwork/libgcc.a(_divdi3.o)
 .debug_frame   0x00000074       0x40 /cygdrive/C/Cygwin/GNUARM/bin/../lib/gcc/arm-elf/4.0.2/../../../../arm-elf/lib/thumb/interwork/libc.a(malloc.o)
 .debug_frame   0x000000b4       0x3c /cygdrive/C/Cygwin/GNUARM/bin/../lib/gcc/arm-elf/4.0.2/../../../../arm-elf/lib/thumb/interwork/libc.a(mallocr.o)
 .debug_frame   0x000000f0       0x2c /cygdrive/C/Cygwin/GNUARM/bin/../lib/gcc/arm-elf/4.0.2/../../../../arm-elf/lib/thumb/interwork/libc.a(memcpy.o)
 .debug_frame   0x0000011c       0x2c /cygdrive/C/Cygwin/GNUARM/bin/../lib/gcc/arm-elf/4.0.2/../../../../arm-elf/lib/thumb/interwork/libc.a(memset.o)
 .debug_frame   0x00000148       0x30 /cygdrive/C/Cygwin/GNUARM/bin/../lib/gcc/arm-elf/4.0.2/../../../../arm-elf/lib/thumb/interwork/libc.a(mlock.o)
 .debug_frame   0x00000178       0x2c /cygdrive/C/Cygwin/GNUARM/bin/../lib/gcc/arm-elf/4.0.2/../../../../arm-elf/lib/thumb/interwork/libc.a(strcmp.o)
 .debug_frame   0x000001a4       0x2c /cygdrive/C/Cygwin/GNUARM/bin/../lib/gcc/arm-elf/4.0.2/../../../../arm-elf/lib/thumb/interwork/libc.a(strcpy.o)
 .debug_frame   0x000001d0       0x2c /cygdrive/C/Cygwin/GNUARM/bin/../lib/gcc/arm-elf/4.0.2/../../../../arm-elf/lib/thumb/interwork/libc.a(strlen.o)
 .debug_frame   0x000001fc       0x30 /cygdrive/C/Cygwin/GNUARM/bin/../lib/gcc/arm-elf/4.0.2/../../../../arm-elf/lib/thumb/interwork/libc.a(strncpy.o)
 .debug_frame   0x0000022c       0x54 /cygdrive/C/Cygwin/GNUARM/bin/../lib/gcc/arm-elf/4.0.2/../../../../arm-elf/lib/thumb/interwork/libc.a(freer.o)

.debug_loc      0x00000000     0x22c4
 .debug_loc     0x00000000      0x156 /cygdrive/C/Cygwin/GNUARM/bin/../lib/gcc/arm-elf/4.0.2/thumb/interwork/libgcc.a(_muldi3.o)
 .debug_loc     0x00000156      0xd45 /cygdrive/C/Cygwin/GNUARM/bin/../lib/gcc/arm-elf/4.0.2/thumb/interwork/libgcc.a(_divdi3.o)
 .debug_loc     0x00000e9b       0x3c /cygdrive/C/Cygwin/GNUARM/bin/../lib/gcc/arm-elf/4.0.2/../../../../arm-elf/lib/thumb/interwork/libc.a(malloc.o)
 .debug_loc     0x00000ed7      0xaf9 /cygdrive/C/Cygwin/GNUARM/bin/../lib/gcc/arm-elf/4.0.2/../../../../arm-elf/lib/thumb/interwork/libc.a(mallocr.o)
 .debug_loc     0x000019d0      0x127 /cygdrive/C/Cygwin/GNUARM/bin/../lib/gcc/arm-elf/4.0.2/../../../../arm-elf/lib/thumb/interwork/libc.a(memcpy.o)
 .debug_loc     0x00001af7      0x12a /cygdrive/C/Cygwin/GNUARM/bin/../lib/gcc/arm-elf/4.0.2/../../../../arm-elf/lib/thumb/interwork/libc.a(memset.o)
 .debug_loc     0x00001c21       0x8e /cygdrive/C/Cygwin/GNUARM/bin/../lib/gcc/arm-elf/4.0.2/../../../../arm-elf/lib/thumb/interwork/libc.a(strcmp.o)
 .debug_loc     0x00001caf       0xb4 /cygdrive/C/Cygwin/GNUARM/bin/../lib/gcc/arm-elf/4.0.2/../../../../arm-elf/lib/thumb/interwork/libc.a(strcpy.o)
 .debug_loc     0x00001d63       0x3c /cygdrive/C/Cygwin/GNUARM/bin/../lib/gcc/arm-elf/4.0.2/../../../../arm-elf/lib/thumb/interwork/libc.a(strlen.o)
 .debug_loc     0x00001d9f      0x156 /cygdrive/C/Cygwin/GNUARM/bin/../lib/gcc/arm-elf/4.0.2/../../../../arm-elf/lib/thumb/interwork/libc.a(strncpy.o)
 .debug_loc     0x00001ef5      0x3cf /cygdrive/C/Cygwin/GNUARM/bin/../lib/gcc/arm-elf/4.0.2/../../../../arm-elf/lib/thumb/interwork/libc.a(freer.o)

.debug_pubnames
                0x00000000      0x2a3
 .debug_pubnames
                0x00000000       0x1f /cygdrive/C/Cygwin/GNUARM/bin/../lib/gcc/arm-elf/4.0.2/thumb/interwork/libgcc.a(_muldi3.o)
 .debug_pubnames
                0x0000001f       0x1f /cygdrive/C/Cygwin/GNUARM/bin/../lib/gcc/arm-elf/4.0.2/thumb/interwork/libgcc.a(_divdi3.o)
 .debug_pubnames
                0x0000003e       0x20 /cygdrive/C/Cygwin/GNUARM/bin/../lib/gcc/arm-elf/4.0.2/thumb/interwork/libgcc.a(_clz.o)
 .debug_pubnames
                0x0000005e       0x26 /cygdrive/C/Cygwin/GNUARM/bin/../lib/gcc/arm-elf/4.0.2/../../../../arm-elf/lib/thumb/interwork/libc.a(malloc.o)
 .debug_pubnames
                0x00000084       0xce /cygdrive/C/Cygwin/GNUARM/bin/../lib/gcc/arm-elf/4.0.2/../../../../arm-elf/lib/thumb/interwork/libc.a(mallocr.o)
 .debug_pubnames
                0x00000152       0x1d /cygdrive/C/Cygwin/GNUARM/bin/../lib/gcc/arm-elf/4.0.2/../../../../arm-elf/lib/thumb/interwork/libc.a(memcpy.o)
 .debug_pubnames
                0x0000016f       0x1d /cygdrive/C/Cygwin/GNUARM/bin/../lib/gcc/arm-elf/4.0.2/../../../../arm-elf/lib/thumb/interwork/libc.a(memset.o)
 .debug_pubnames
                0x0000018c       0x38 /cygdrive/C/Cygwin/GNUARM/bin/../lib/gcc/arm-elf/4.0.2/../../../../arm-elf/lib/thumb/interwork/libc.a(mlock.o)
 .debug_pubnames
                0x000001c4       0x1d /cygdrive/C/Cygwin/GNUARM/bin/../lib/gcc/arm-elf/4.0.2/../../../../arm-elf/lib/thumb/interwork/libc.a(strcmp.o)
 .debug_pubnames
                0x000001e1       0x1d /cygdrive/C/Cygwin/GNUARM/bin/../lib/gcc/arm-elf/4.0.2/../../../../arm-elf/lib/thumb/interwork/libc.a(strcpy.o)
 .debug_pubnames
                0x000001fe       0x1d /cygdrive/C/Cygwin/GNUARM/bin/../lib/gcc/arm-elf/4.0.2/../../../../arm-elf/lib/thumb/interwork/libc.a(strlen.o)
 .debug_pubnames
                0x0000021b       0x1e /cygdrive/C/Cygwin/GNUARM/bin/../lib/gcc/arm-elf/4.0.2/../../../../arm-elf/lib/thumb/interwork/libc.a(strncpy.o)
 .debug_pubnames
                0x00000239       0x31 /cygdrive/C/Cygwin/GNUARM/bin/../lib/gcc/arm-elf/4.0.2/../../../../arm-elf/lib/thumb/interwork/libc.a(freer.o)
 .debug_pubnames
                0x0000026a       0x39 /cygdrive/C/Cygwin/GNUARM/bin/../lib/gcc/arm-elf/4.0.2/../../../../arm-elf/lib/thumb/interwork/libc.a(impure.o)

.debug_ranges   0x00000000      0x210
 .debug_ranges  0x00000000       0x30 /cygdrive/C/Cygwin/GNUARM/bin/../lib/gcc/arm-elf/4.0.2/thumb/interwork/libgcc.a(_muldi3.o)
 .debug_ranges  0x00000030      0x1a8 /cygdrive/C/Cygwin/GNUARM/bin/../lib/gcc/arm-elf/4.0.2/thumb/interwork/libgcc.a(_divdi3.o)
 .debug_ranges  0x000001d8       0x38 /cygdrive/C/Cygwin/GNUARM/bin/../lib/gcc/arm-elf/4.0.2/../../../../arm-elf/lib/thumb/interwork/libc.a(mallocr.o)

.debug_str      0x00000000      0xadf
 .debug_str     0x00000000       0xfb /cygdrive/C/Cygwin/GNUARM/bin/../lib/gcc/arm-elf/4.0.2/thumb/interwork/libgcc.a(_muldi3.o)
                                0x14f (size before relaxing)
 .debug_str     0x000000fb       0x5d /cygdrive/C/Cygwin/GNUARM/bin/../lib/gcc/arm-elf/4.0.2/thumb/interwork/libgcc.a(_divdi3.o)
                                0x1a3 (size before relaxing)
 .debug_str     0x00000158        0x0 /cygdrive/C/Cygwin/GNUARM/bin/../lib/gcc/arm-elf/4.0.2/thumb/interwork/libgcc.a(_clz.o)
                                0x104 (size before relaxing)
 .debug_str     0x00000158      0x40d /cygdrive/C/Cygwin/GNUARM/bin/../lib/gcc/arm-elf/4.0.2/../../../../arm-elf/lib/thumb/interwork/libc.a(malloc.o)
                                0x4c7 (size before relaxing)
 .debug_str     0x00000565      0x20c /cygdrive/C/Cygwin/GNUARM/bin/../lib/gcc/arm-elf/4.0.2/../../../../arm-elf/lib/thumb/interwork/libc.a(mallocr.o)
                                0x6a8 (size before relaxing)
 .debug_str     0x00000771       0xac /cygdrive/C/Cygwin/GNUARM/bin/../lib/gcc/arm-elf/4.0.2/../../../../arm-elf/lib/thumb/interwork/libc.a(memcpy.o)
                                 0xdf (size before relaxing)
 .debug_str     0x0000081d       0x5a /cygdrive/C/Cygwin/GNUARM/bin/../lib/gcc/arm-elf/4.0.2/../../../../arm-elf/lib/thumb/interwork/libc.a(memset.o)
                                0x129 (size before relaxing)
 .debug_str     0x00000877       0x71 /cygdrive/C/Cygwin/GNUARM/bin/../lib/gcc/arm-elf/4.0.2/../../../../arm-elf/lib/thumb/interwork/libc.a(mlock.o)
                                0x4ce (size before relaxing)
 .debug_str     0x000008e8       0x46 /cygdrive/C/Cygwin/GNUARM/bin/../lib/gcc/arm-elf/4.0.2/../../../../arm-elf/lib/thumb/interwork/libc.a(strcmp.o)
                                0x10e (size before relaxing)
 .debug_str     0x0000092e       0x46 /cygdrive/C/Cygwin/GNUARM/bin/../lib/gcc/arm-elf/4.0.2/../../../../arm-elf/lib/thumb/interwork/libc.a(strcpy.o)
                                0x130 (size before relaxing)
 .debug_str     0x00000974       0x4c /cygdrive/C/Cygwin/GNUARM/bin/../lib/gcc/arm-elf/4.0.2/../../../../arm-elf/lib/thumb/interwork/libc.a(strlen.o)
                                0x128 (size before relaxing)
 .debug_str     0x000009c0       0x48 /cygdrive/C/Cygwin/GNUARM/bin/../lib/gcc/arm-elf/4.0.2/../../../../arm-elf/lib/thumb/interwork/libc.a(strncpy.o)
                                0x13f (size before relaxing)
 .debug_str     0x00000a08       0x3c /cygdrive/C/Cygwin/GNUARM/bin/../lib/gcc/arm-elf/4.0.2/../../../../arm-elf/lib/thumb/interwork/libc.a(freer.o)
                                0x5fa (size before relaxing)
 .debug_str     0x00000a44       0x9b /cygdrive/C/Cygwin/GNUARM/bin/../lib/gcc/arm-elf/4.0.2/../../../../arm-elf/lib/thumb/interwork/libc.a(impure.o)
                                0x4c5 (size before relaxing)

Cross Reference Table

Symbol                                            File
ActivateTask                                      build/kernel/task_manage.o
AssertDeviceConstructor                           build/rtoscalls.o
                                                  ../../ecrobot/../ecrobot/libecrobot++.a(TouchSensor.o)
                                                  ../../ecrobot/../ecrobot/libecrobot++.a(Motor.o)
                                                  ../../ecrobot/../ecrobot/libecrobot++.a(Bluetooth.o)
CancelAlarm                                       build/kernel/alarm.o
ChainTask                                         build/kernel/task_manage.o
ClearEvent                                        build/kernel/event.o
                                                  build/rtoscalls.o
DisableAllInterrupts                              build/kernel/interrupt.o
EnableAllInterrupts                               build/kernel/interrupt.o
ErrorHook                                         ../../ecrobot/../ecrobot/libecrobot.a(osek_hook.o)
                                                  build/kernel/osctl.o
EventSleep                                        build/./kernel_cfg.o
                                                  build/rtoscalls.o
EventSleepI2C                                     build/./kernel_cfg.o
                                                  build/rtoscalls.o
GetActiveApplicationMode                          build/kernel/osctl.o
GetAlarm                                          build/kernel/alarm.o
GetAlarmBase                                      build/kernel/alarm.o
GetEvent                                          build/kernel/event.o
GetResource                                       build/kernel/resource.o
GetTaskID                                         build/kernel/task_manage.o
                                                  build/rtoscalls.o
GetTaskState                                      build/kernel/task_manage.o
NXT_COLORSENSOR_PROTOCOLS                         ../../ecrobot/../ecrobot/libecrobot.a(ecrobot_interface.o)
NXT_Entry_Point                                   build/nxt_entry_point.o
                                                  build/nxt_binary_header.o
PostTaskHook                                      ../../ecrobot/../ecrobot/libecrobot.a(osek_hook.o)
                                                  build/config/at91sam7s-gnu/cpu_support.oram
                                                  build/kernel/osctl.o
PreTaskHook                                       ../../ecrobot/../ecrobot/libecrobot.a(osek_hook.o)
                                                  build/config/at91sam7s-gnu/cpu_support.oram
                                                  build/kernel/osctl.o
ReleaseResource                                   build/kernel/resource.o
ResumeAllInterrupts                               build/kernel/interrupt.o
ResumeOSInterrupts                                build/kernel/interrupt.o
Schedule                                          build/kernel/task_manage.o
SetAbsAlarm                                       build/kernel/alarm.o
SetEvent                                          build/kernel/event.o
                                                  build/rtoscalls.o